$ bun scripts/run-with-log.js oxlint vp lint
ÔØî Error al limpiar logs antiguos: 288 | 				// Calcular diferencia en d├¡as
289 | 				const diffDays = (now - stats.mtimeMs) / (1000 * 60 * 60 * 24);
290 | 
291 | 				if (diffDays > days) {
292 | 					// Eliminar archivo si es m├ís antiguo que el l├¡mite
293 | 					await rm(filePath);
                 ^
EFAULT: bad address in system call argument, rm 'D:\DEV\media-manager\logs\reindex'
    path: "D:\\DEV\\media-manager\\logs\\reindex",
 syscall: "rm",
   errno: -14,
    code: "EFAULT"

      at async <anonymous> (D:\DEV\media-manager\scripts\logging-utils.js:293:12)
      at async cleanOldLogs (D:\DEV\media-manager\scripts\logging-utils.js:283:17)

­ƒÜÇ Ejecutando: vp lint
­ƒôä Logs en: D:\DEV\media-manager\logs\oxlint_2026-05-26T01-22-05-668Z.log
­ƒöì Comando de linting detectado - tolerando c├│digos de salida no-cero
­ƒô║ Salida en tiempo real:
ÔòÉÔòÉÔòÉÔòÉÔòÉÔòÉÔòÉÔòÉÔòÉÔòÉÔòÉÔòÉÔòÉÔòÉÔòÉÔòÉÔòÉÔòÉÔòÉÔòÉÔòÉÔòÉÔòÉÔòÉÔòÉÔòÉÔòÉÔòÉÔòÉÔòÉÔòÉÔòÉÔòÉÔòÉÔòÉÔòÉÔòÉÔòÉÔòÉÔòÉÔòÉÔòÉÔòÉÔòÉÔòÉÔòÉÔòÉÔòÉÔòÉÔòÉ
Ô£à Found 0 warnings and 0 errors.
­ƒôï Finished in 1.6s on 1923 files with 124 rules using 24 threads.
ÔòÉÔòÉÔòÉÔòÉÔòÉÔòÉÔòÉÔòÉÔòÉÔòÉÔòÉÔòÉÔòÉÔòÉÔòÉÔòÉÔòÉÔòÉÔòÉÔòÉÔòÉÔòÉÔòÉÔòÉÔòÉÔòÉÔòÉÔòÉÔòÉÔòÉÔòÉÔòÉÔòÉÔòÉÔòÉÔòÉÔòÉÔòÉÔòÉÔòÉÔòÉÔòÉÔòÉÔòÉÔòÉÔòÉÔòÉÔòÉÔòÉÔòÉ
Ô£à Comando ejecutado exitosamente

ÔòÉÔòÉÔòÉÔòÉÔòÉÔòÉÔòÉÔòÉÔòÉÔòÉÔòÉÔòÉÔòÉÔòÉÔòÉÔòÉÔòÉÔòÉÔòÉÔòÉÔòÉÔòÉÔòÉÔòÉÔòÉÔòÉÔòÉÔòÉÔòÉÔòÉÔòÉÔòÉÔòÉÔòÉÔòÉÔòÉÔòÉÔòÉÔòÉÔòÉÔòÉÔòÉÔòÉÔòÉÔòÉÔòÉÔòÉÔòÉÔòÉÔòÉÔòÉÔòÉÔòÉÔòÉÔòÉÔòÉÔòÉÔòÉÔòÉÔòÉ
­ƒôè RESUMEN AUTOM├üTICO DE ERRORES
ÔòÉÔòÉÔòÉÔòÉÔòÉÔòÉÔòÉÔòÉÔòÉÔòÉÔòÉÔòÉÔòÉÔòÉÔòÉÔòÉÔòÉÔòÉÔòÉÔòÉÔòÉÔòÉÔòÉÔòÉÔòÉÔòÉÔòÉÔòÉÔòÉÔòÉÔòÉÔòÉÔòÉÔòÉÔòÉÔòÉÔòÉÔòÉÔòÉÔòÉÔòÉÔòÉÔòÉÔòÉÔòÉÔòÉÔòÉÔòÉÔòÉÔòÉÔòÉÔòÉÔòÉÔòÉÔòÉÔòÉÔòÉÔòÉÔòÉÔòÉ

Ô£à No se encontraron errores de sintaxis o linting
­ƒôä Log completo guardado en: D:\DEV\media-manager\logs\oxlint_2026-05-26T01-22-05-668Z.log
