$ bun scripts/run-with-log.js tsc bunx tsc --noEmit --pretty
ÔØî Error al limpiar logs antiguos: 288 | 				// Calcular diferencia en d├¡as
289 | 				const diffDays = (now - stats.mtimeMs) / (1000 * 60 * 60 * 24);
290 | 
291 | 				if (diffDays > days) {
292 | 					// Eliminar archivo si es m├ís antiguo que el l├¡mite
293 | 					await rm(filePath);
                 ^
EFAULT: bad address in system call argument, rm 'D:\DEV\media-manager\logs\reindex'
    path: "D:\\DEV\\media-manager\\logs\\reindex",
 syscall: "rm",
   errno: -14,
    code: "EFAULT"

      at async <anonymous> (D:\DEV\media-manager\scripts\logging-utils.js:293:12)
      at async cleanOldLogs (D:\DEV\media-manager\scripts\logging-utils.js:283:17)

­ƒÜÇ Ejecutando: bunx tsc --noEmit --pretty
­ƒôä Logs en: D:\DEV\media-manager\logs\tsc_2026-05-26T00-47-00-301Z.log
­ƒô║ Salida en tiempo real:
ÔòÉÔòÉÔòÉÔòÉÔòÉÔòÉÔòÉÔòÉÔòÉÔòÉÔòÉÔòÉÔòÉÔòÉÔòÉÔòÉÔòÉÔòÉÔòÉÔòÉÔòÉÔòÉÔòÉÔòÉÔòÉÔòÉÔòÉÔòÉÔòÉÔòÉÔòÉÔòÉÔòÉÔòÉÔòÉÔòÉÔòÉÔòÉÔòÉÔòÉÔòÉÔòÉÔòÉÔòÉÔòÉÔòÉÔòÉÔòÉÔòÉÔòÉ
­ƒôï [96msrc/services/queue-job/queue-job.service.ts[0m:[93m420[0m:[93m45[0m - [91merror[0m[90m TS7006: [0mParameter 'sum' implicitly has an 'any' type.
­ƒôï [7m420[0m     const totalTime = completedJobs.reduce((sum, job) => {
­ƒôï [7m   [0m [91m                                            ~~~[0m
­ƒôï [96msrc/services/queue-job/queue-job.service.ts[0m:[93m420[0m:[93m50[0m - [91merror[0m[90m TS7006: [0mParameter 'job' implicitly has an 'any' type.
­ƒôï [7m420[0m     const totalTime = completedJobs.reduce((sum, job) => {
­ƒôï [7m   [0m [91m                                                 ~~~[0m
­ƒôï [96msrc/services/queue-job/queue-job.service.ts[0m:[93m682[0m:[93m13[0m - [91merror[0m[90m TS7006: [0mParameter 'time' implicitly has an 'any' type.
­ƒôï [7m682[0m    .filter((time) => time > 0);
­ƒôï [7m   [0m [91m            ~~~~[0m
­ƒôï [96msrc/transformers/image/transformer.ts[0m:[93m396[0m:[93m21[0m - [91merror[0m[90m TS2339: [0mProperty 'isFavorite' does not exist on type 'ImageCreateInput'.
­ƒôï [7m396[0m   isFavorite: input.isFavorite ?? false,
­ƒôï [7m   [0m [91m                    ~~~~~~~~~~[0m
­ƒôï [96msrc/transformers/image/transformer.ts[0m:[93m416[0m:[93m12[0m - [91merror[0m[90m TS2339: [0mProperty 'isFavorite' does not exist on type 'ImageUpdateInput'.
­ƒôï [7m416[0m  if (input.isFavorite !== undefined) {
­ƒôï [7m   [0m [91m           ~~~~~~~~~~[0m
­ƒôï [96msrc/transformers/image/transformer.ts[0m:[93m417[0m:[93m33[0m - [91merror[0m[90m TS2339: [0mProperty 'isFavorite' does not exist on type 'ImageUpdateInput'.
­ƒôï [7m417[0m   updateData.isFavorite = input.isFavorite;
­ƒôï [7m   [0m [91m                                ~~~~~~~~~~[0m
­ƒôï [96msrc/types/entities/image/index.ts[0m:[93m20[0m:[93m15[0m - [91merror[0m[90m TS2484: [0mExport declaration conflicts with exported declaration of 'ImageCreateInput'.
­ƒôï [7m20[0m export type { ImageCreateInput, ImageFilters, ImageMetadata, ImageSearchResult, ImageUpdateInput } from './types';
­ƒôï [7m  [0m [91m              ~~~~~~~~~~~~~~~~[0m
­ƒôï [96msrc/types/entities/image/index.ts[0m:[93m20[0m:[93m81[0m - [91merror[0m[90m TS2484: [0mExport declaration conflicts with exported declaration of 'ImageUpdateInput'.
­ƒôï [7m20[0m export type { ImageCreateInput, ImageFilters, ImageMetadata, ImageSearchResult, ImageUpdateInput } from './types';
­ƒôï [7m  [0m [91m                                                                                ~~~~~~~~~~~~~~~~[0m
ÔØî Found 8 errors in 3 files.
­ƒôï Errors  Files
­ƒôï      3  src/services/queue-job/queue-job.service.ts[90m:420[0m
­ƒôï      3  src/transformers/image/transformer.ts[90m:396[0m
­ƒôï      2  src/types/entities/image/index.ts[90m:20[0m
ÔòÉÔòÉÔòÉÔòÉÔòÉÔòÉÔòÉÔòÉÔòÉÔòÉÔòÉÔòÉÔòÉÔòÉÔòÉÔòÉÔòÉÔòÉÔòÉÔòÉÔòÉÔòÉÔòÉÔòÉÔòÉÔòÉÔòÉÔòÉÔòÉÔòÉÔòÉÔòÉÔòÉÔòÉÔòÉÔòÉÔòÉÔòÉÔòÉÔòÉÔòÉÔòÉÔòÉÔòÉÔòÉÔòÉÔòÉÔòÉÔòÉÔòÉ
ÔØî Error al ejecutar comando (Exit code: 1)
­ƒôä Detalles del error en: D:\DEV\media-manager\logs\tsc_2026-05-26T00-47-00-301Z_error.log

ÔòÉÔòÉÔòÉÔòÉÔòÉÔòÉÔòÉÔòÉÔòÉÔòÉÔòÉÔòÉÔòÉÔòÉÔòÉÔòÉÔòÉÔòÉÔòÉÔòÉÔòÉÔòÉÔòÉÔòÉÔòÉÔòÉÔòÉÔòÉÔòÉÔòÉÔòÉÔòÉÔòÉÔòÉÔòÉÔòÉÔòÉÔòÉÔòÉÔòÉÔòÉÔòÉÔòÉÔòÉÔòÉÔòÉÔòÉÔòÉÔòÉÔòÉÔòÉÔòÉÔòÉÔòÉÔòÉÔòÉÔòÉÔòÉÔòÉÔòÉ
­ƒôè RESUMEN AUTOM├üTICO DE ERRORES
ÔòÉÔòÉÔòÉÔòÉÔòÉÔòÉÔòÉÔòÉÔòÉÔòÉÔòÉÔòÉÔòÉÔòÉÔòÉÔòÉÔòÉÔòÉÔòÉÔòÉÔòÉÔòÉÔòÉÔòÉÔòÉÔòÉÔòÉÔòÉÔòÉÔòÉÔòÉÔòÉÔòÉÔòÉÔòÉÔòÉÔòÉÔòÉÔòÉÔòÉÔòÉÔòÉÔòÉÔòÉÔòÉÔòÉÔòÉÔòÉÔòÉÔòÉÔòÉÔòÉÔòÉÔòÉÔòÉÔòÉÔòÉÔòÉÔòÉÔòÉ

==========================================================
Resumen (tsc) -> errores: 9, warnings: 0
Primeros errores:
  - src/services/queue-job/queue-job.service.ts:420:45 - error TS7006: Parameter 'sum' implicitly has an 'any' type.
  - src/services/queue-job/queue-job.service.ts:420:50 - error TS7006: Parameter 'job' implicitly has an 'any' type.
  - src/services/queue-job/queue-job.service.ts:682:13 - error TS7006: Parameter 'time' implicitly has an 'any' type.
  - src/transformers/image/transformer.ts:396:21 - error TS2339: Property 'isFavorite' does not exist on type 'ImageCreateInput'.
  - src/transformers/image/transformer.ts:416:12 - error TS2339: Property 'isFavorite' does not exist on type 'ImageUpdateInput'.
==========================================================

Ô£à Resumen agregado al principio del archivo: D:\DEV\media-manager\logs\tsc_2026-05-26T00-47-00-301Z_error.log
error: script "tsc" exited with code 1
