src/app/actions/audio/audio.actions.ts(18,4): error TS2322: Type '{ _count: boolean; }' is not assignable to type 'never'.
src/app/actions/audio/audio.actions.ts(32,4): error TS2322: Type '{ _count: boolean; }' is not assignable to type 'never'.
src/app/actions/audio/audio.actions.ts(73,4): error TS2322: Type '{ _count: boolean; }' is not assignable to type 'never'.
src/app/actions/audio/audio.actions.ts(113,4): error TS2322: Type '{ _count: boolean; }' is not assignable to type 'never'.
src/app/actions/document/crud.actions.ts(10,2): error TS2322: Type 'Document' is not assignable to type 'DocumentComplete'.
  Property '_count' is missing in type 'Document' but required in type 'DocumentCounts'.
src/app/actions/document/crud.actions.ts(21,2): error TS2322: Type 'Document' is not assignable to type 'DocumentComplete'.
  Property '_count' is missing in type 'Document' but required in type 'DocumentCounts'.
src/app/actions/document/document.actions.ts(18,4): error TS2322: Type '{ _count: boolean; }' is not assignable to type 'never'.
src/app/actions/document/document.actions.ts(32,4): error TS2322: Type '{ _count: boolean; }' is not assignable to type 'never'.
src/app/actions/document/document.actions.ts(70,4): error TS2322: Type '{ filePath: string; name: string; description?: string | null | undefined; shortcut?: string | null | undefined; category?: string | null | undefined; sortBy: string; filters: string; format: string; ... 5 more ...; content?: string | null | undefined; }' is not assignable to type '(Without<DocumentCreateInput, DocumentUncheckedCreateInput> & DocumentUncheckedCreateInput) | (Without<...> & DocumentCreateInput)'.
  Type '{ filePath: string; name: string; description?: string | null | undefined; shortcut?: string | null | undefined; category?: string | null | undefined; sortBy: string; filters: string; format: string; ... 5 more ...; content?: string | null | undefined; }' is not assignable to type 'Without<DocumentUncheckedCreateInput, DocumentCreateInput> & DocumentCreateInput'.
    Type '{ filePath: string; name: string; description?: string | null | undefined; shortcut?: string | null | undefined; category?: string | null | undefined; sortBy: string; filters: string; format: string; ... 5 more ...; content?: string | null | undefined; }' is not assignable to type 'DocumentCreateInput'.
      Types of property 'content' are incompatible.
        Type 'string | null | undefined' is not assignable to type 'string'.
          Type 'undefined' is not assignable to type 'string'.
src/app/actions/document/document.actions.ts(111,4): error TS2322: Type '{ filePath: string | undefined; name: string; description?: string | null | undefined; shortcut?: string | null | undefined; category?: string | null | undefined; sortBy: string; filters: string; ... 6 more ...; content?: string | null | undefined; }' is not assignable to type '(Without<DocumentUpdateInput, DocumentUncheckedUpdateInput> & DocumentUncheckedUpdateInput) | (Without<...> & DocumentUpdateInput)'.
  Type '{ filePath: string | undefined; name: string; description?: string | null | undefined; shortcut?: string | null | undefined; category?: string | null | undefined; sortBy: string; filters: string; ... 6 more ...; content?: string | null | undefined; }' is not assignable to type 'Without<DocumentUncheckedUpdateInput, DocumentUpdateInput> & DocumentUpdateInput'.
    Type '{ filePath: string | undefined; name: string; description?: string | null | undefined; shortcut?: string | null | undefined; category?: string | null | undefined; sortBy: string; filters: string; ... 6 more ...; content?: string | null | undefined; }' is not assignable to type 'DocumentUpdateInput'.
      Types of property 'content' are incompatible.
