Comando: bunx biome check --max-diagnostics=500 .
Fecha: 2025-08-30T04:03:37.670Z
Directorio: D:\DEV\image-manager
Modo tolerante: SÍ
Tipo: Linting
===============================================
src\router.tsxChecked 1714 files in 2s. No fixes applied.
Found 1 error.
:1:1 assist/source/organizeImports  FIXABLE  ━━━━━━━━━━━━━━━━━━━━━━━━━━━━━━━━━━━━━━━━━

  × The imports and exports are not sorted.
  
  > 1 │ import { lazy, Suspense } from 'react';
      │ ^^^^^^^^^^^^^^^^^^^^^^^^^^^^^^^^^^^^^^^
    2 │ import { RootProvider } from 'fumadocs-ui/provider/base';
    3 │ import { ReactRouterProvider } from 'fumadocs-core/framework/react-router';
  
  i Safe fix: Organize Imports (Biome)
  
      1     │ - import·{·lazy,·Suspense·}·from·'react';
          1 │ + import·{·ReactRouterProvider·}·from·'fumadocs-core/framework/react-router';
      2   2 │   import { RootProvider } from 'fumadocs-ui/provider/base';
      3     │ - import·{·ReactRouterProvider·}·from·'fumadocs-core/framework/react-router';
          3 │ + import·{·lazy,·Suspense·}·from·'react';
      4   4 │   import { createBrowserRouter, Outlet, useParams } from 'react-router-dom';
      5   5 │   import { MainLayout } from '@/components/layout/main-layout';
  

check ━━━━━━━━━━━━━━━━━━━━━━━━━━━━━━━━━━━━━━━━━━━━━━━━━━━━━━━━━━━━━━━━━━━━━━━━━━━━━━━━━━━━━━━━━━━━━━

  × Some errors were emitted while running checks.
  

