Comando: bunx biome format --write .
Fecha: 2025-07-26T20:52:50.137Z
Directorio: D:\DEV\image-manager
Modo tolerante: SÍ
Tipo: Linting
===============================================
scripts\archived\fase3-preparation\bun-migration-prep.js:588:6 parse ━━━━━━━━━━━━━━━━━━━━━━━━━━━━━━━

  × expected `}` but instead the file ends
  
    586 │ 		this.migrationReport.files_created.forEach(file => {
    587 │ 			console.log(`   ✅ ${file}`);
  > 588 │ 		});
        │ 		   
  
  i the file ends here
  
    586 │ 		this.migrationReport.files_created.forEach(file => {
    587 │ 			console.log(`   ✅ ${file}`);
  > 588 │ 		});
        │ 		   
  

scripts\archived\fase3-preparation\bun-migration-prep.js format ━━━━━━━━━━━━━━━━━━━━━━━━━━━━━━━━━━━━

  × Code formatting aborted due to parsing errors. To format code with errors, enable the 'formatter.formatWithErrors' option.
  

scripts\archived\fase3-preparation\fase3-checkpoint1-prep.js:178:29 parse ━━━━━━━━━━━━━━━━━━━━━━━━━━

  × unterminated template literal
  
    177 │ 		// Crear script de validación funcional
  > 178 │ 		const validationScript = `#!/usr/bin/env bun
        │ 		                          ^^^^^^^^^^^^^^^^^^
  > 179 │ 
         ...
  > 250 │ 		await this.runTest('Startup del Servidor', () => this.testServerStartup());
  > 251 │ 		await this.runTest('Proceso de Build', () => this.testBuildProcess());
  > 252 │ 		await this.runTest('Funcionalidad HMR', () => this.testHMRFunctionality());
  > 253 │ 		aw
        │ 		^^
  

scripts\archived\fase3-preparation\fase3-checkpoint1-prep.js:253:5 parse ━━━━━━━━━━━━━━━━━━━━━━━━━━━

  × expected `}` but instead the file ends
  
    251 │ 		await this.runTeFormatted 1501 files in 6s. No fixes applied.
Found 3 errors.
st('Proceso de Build', () => this.testBuildProcess());
    252 │ 		await this.runTest('Funcionalidad HMR', () => this.testHMRFunctionality());
  > 253 │ 		aw
        │ 		  
  
  i the file ends here
  
    251 │ 		await this.runTest('Proceso de Build', () => this.testBuildProcess());
    252 │ 		await this.runTest('Funcionalidad HMR', () => this.testHMRFunctionality());
  > 253 │ 		aw
        │ 		  
  

scripts\archived\fase3-preparation\fase3-checkpoint1-prep.js format ━━━━━━━━━━━━━━━━━━━━━━━━━━━━━━━━

  × Code formatting aborted due to parsing errors. To format code with errors, enable the 'formatter.formatWithErrors' option.
  

format ━━━━━━━━━━━━━━━━━━━━━━━━━━━━━━━━━━━━━━━━━━━━━━━━━━━━━━━━━━━━━━━━━━━━━━━━━━━━━━━━━━━━━━━━━━━━━

  × Some errors were emitted while running checks.
  

