Comando: bunx biome format --write .
Fecha: 2025-07-16T00:24:27.605Z
Directorio: D:\DEV\image-manager
Modo tolerante: SÍ
Tipo: Linting
===============================================
src\components\settings\collections\collections-settings.tsx:190:3 parse ━━━━━━━━━━━━━━━━━━━━━━━━━━━

  × Expected corresponding JSX closing tag for 'div'.
  
    189 │ 	return (
  > 190 │ 		<div className="grid grid-cols-12 gap-3">
        │ 		^^^^^^^^^^^^^^^^^^^^^^^^^^^^^^^^^^^^^^^^^
    191 │ 			{/* Panel izquierdo: Lista de colecciones */}
    192 │ 			<div className="col-span-12 md:col-span-5 lg:col-span-4">
  
  i Opening tag
  
    189 │ 	return (
  > 190 │ 		<div className="grid grid-cols-12 gap-3">
        │ 		^^^^^^^^^^^^^^^^^^^^^^^^^^^^^^^^^^^^^^^^^
    191 │ 			{/* Panel izquierdo: Lista de colecciones */}
    192 │ 			<div className="col-span-12 md:col-span-5 lg:col-span-4">
  
  i closing tag
  
    405 │ 							)}
    406 │ 						</div>
  > 407 │ 					</CardHeader>
        │ 					^^^^^^^^^^^^^
    408 │ 					<CardContent className="flex-1 p-0">
    409 │ 						<ScrollArea className="h-full px-3 pb-3">
  

src\components\settings\collections\collections-settings.tsx:408:19 parse ━━━━━━━━━━━━━━━━━━━━━━━━━━

  × expected `)` but instead found `className`
  
    406 │ 						</div>
    407 │ 					</CardHeader>
  > 408 │ 					<CardContent className="flex-1 p-0">
        │ 					             ^^^^^^^^^
    409 │ 						<ScrollArea className="h-full px-3 pb-3">
    410 │ 							{filteredCollections.length === 0 ? (
  
  i Remove className
  

src\components\settings\collections\collections-settings.tsx:487:6 parse ━━━━━━━━━━━━━━━━━━━━━━━━━━━

  × Expected an expression but instead found '<'.
  
    485 │ 							)}
    486 │ 						</ScrollArea>
  > 487 │ 					</CardContent>
        │ 					^
    488 │ 				</Card>
    489 │ 			</div>
  
  i Expected an expression here.
  
    485 │ 							)}
    486 │ 						</ScrollArea>
  > 487 │ 					</CardContent>
        │ 					^
    488 │ 				</Card>
    489 │ 			</div>
  

src\components\settings\collections\collections-settings.tsx:495:92 parse ━━━━━━━━━━━━━━━━━━━━━━━━━━

  × Expected an expression but instead found '</CardTitle>'.
  
    493 │ 						<div className="flex items-center justify-between">
    494 │ 							<div>
  > 495 │ 								<CardTitle className="text-sm">{isEditing ? 'Editar Colección' : 'Nueva Colección'}</CardTitle>
        │ 								                                                                                   ^^^^^^^^^^^^
    496 │ 								<CardDescription className="text-xs">
    497 │ 									{isEditing
  
  i Expected an expression here.
  
    493 │ 						<div className="flex items-center justify-between">
    494 │ 							<div>
  > 495 │ 								<CardTitle className="text-sm">{isEditing ? 'Editar Colección' : 'Nueva Colección'}</CardTitle>
        │ 								                                                                                   ^^^^^^^^^^^^
    496 │ 								<CardDescription className="text-xs">
    497 │ 									{isEditing
  

src\components\settings\collections\collections-settings.tsx:501:8 parse ━━━━━━━━━━━━━━━━━━━━━━━━━━━

  × Expected an expression but instead found '<'.
  
    499 │ 										: 'Completa el formulario para crear una nueva colección'}
    500 │ 								</CardDescription>
  > 501 │ 							</div>
        │ 							^
    502 │ 							<div className="flex gap-1">
    503 │ 								{isEditing && selectedCollection && (
  
  i Expected an expression here.
  
    499 │ 										: 'Completa el formulario para crear una nueva colección'}
    500 │ 								</CardDescription>
  > 501 │ 							</div>
        │ 							^
    502 │ 							<div className="flex gap-1">
    503 │ 								{isEditing && selectedCollection && (
  

src\components\settings\collections\collections-settings.tsx:523:8 parse ━━━━━━━━━━━━━━━━━━━━━━━━━━━

  × Expected an expression but instead found '<'.
  
    521 │ 									{isEditing ? 'Guardar' : 'Crear'}
    522 │ 								</Button>
  > 523 │ 							</div>
        │ 							^
    524 │ 						</div>
    525 │ 					</CardHeader>
  
  i Expected an expression here.
  
    521 │ 									{isEditing ? 'Guardar' : 'Crear'}
    522 │ 								</Button>
  > 523 │ 							</div>
        │ 							^
    524 │ 						</div>
    525 │ 					</CardHeader>
  

src\components\settings\collections\collections-settings.tsx:538:11 parse ━━━━━━━━━━━━━━━━━━━━━━━━━━

  × Expected an expression but instead found '>'.
  
    536 │ 										onCancel={handleReset}
    537 │ 										onPreview={handlePreview}
  > 538 │ 									/>
        │ 									 ^
    539 │ 								</div>
    540 │ 								<div className="hidden lg:flex flex-col items-center justify-start">
  
  i Expected an expression here.
  
    536 │ 										onCancel={handleReset}
    537 │ 										onPreview={handlePreview}
  > 538 │ 									/>
        │ 									 ^
    539 │ 								</div>
    540 │ 								<div className="hidden lg:flex flex-col items-center justify-start">
  

src\components\settings\collections\collections-settings.tsx:539:9 parse ━━━━━━━━━━━━━━━━━━━━━━━━━━━

  × Expected an expression but instead found '<'.
  
    537 │ 										onPreview={handlePreview}
    538 │ 									/>
  > 539 │ 								</div>
        │ 								^
    540 │ 								<div className="hidden lg:flex flex-col items-center justify-start">
    541 │ 									<h3 className="text-xs font-medium mb-2">Vista Previa</h3>
  
  i Expected an expression here.
  
    537 │ 										onPreview={handlePreview}
    538 │ 									/>
  > 539 │ 								</div>
        │ 								^
    540 │ 								<div className="hidden lg:flex flex-col items-center justify-start">
    541 │ 									<h3 className="text-xs font-medium mb-2">Vista Previa</h3>
  

src\components\settings\collections\collections-settings.tsx:592:10 parse ━━━━━━━━━━━━━━━━━━━━━━━━━━

  × Expected an expression but instead found '<'.
  
    590 │ 											</div>
    591 │ 										)}
  > 592 │ 									</div>
        │ 									^
    593 │ 								</div>
    594 │ 							</div>
  
  i Expected an expression here.
  
    590 │ 											</div>
    591 │ 										)}
  > 592 │ 									</div>
        │ 									^
    593 │ 								</div>
    594 │ 							</div>
  

src\components\settings\collections\collections-settings.tsx format ━━━━━━━━━━━━━━━━━━━━━━━━━━━━━━━━

  × Code formatting aborted due to parsing errors. To format code with errors, enable the 'formatter.formatWithErrors' option.
  

src\components\settings\thumbnails\thumbnails-settings.tsx:214:5 parse ━━━━━━━━━━━━━━━━━━━━━━━━━━━━━

  × Expected corresponding JSX closing tag for 'ScrollArea'.
  
    212 │ 			<Separator className="my-0" />
    213 │ 			<CardContent className="overflow-y-auto flex-1 p-2">
  > 214 │ 				<ScrollArea className="h-full flex flex-col">
        │ 				^^^^^^^^^^^^^^^^^^^^^^^^^^^^^^^^^^^^^^^^^^^^^
    215 │ 					{thumbnailError && (
    216 │ 						<div className="mb-4">
  
  i Opening tag
  
    212 │ 			<Separator className="my-0" />
    213 │ 			<CardContent className="overflow-y-auto flex-1 p-2">
  > 214 │ 				<ScrollArea className="h-full flex flex-col">
        │ 				^^^^^^^^^^^^^^^^^^^^^^^^^^^^^^^^^^^^^^^^^^^^^
    215 │ 					{thumbnailError && (
    216 │ 						<div className="mb-4">
  
  i closing tag
  
    426 │ 					)}
    427 │ 				</div>
  > 428 │ 			</CardContent>
        │ 			^^^^^^^^^^^^^^
    429 │ 
    430 │ 			<Dialog open={showErrors} onOpenChange={setShowErrors}>
  

src\components\settings\thumbnails\thumbnails-settings.tsx:213:4 parse ━━━━━━━━━━━━━━━━━━━━━━━━━━━━━

  × Expected corresponding JSX closing tag for 'CardContent'.
  
    211 │ 			</CardHeader>
    212 │ 			<Separator className="my-0" />
  > 213 │ 			<CardContent className="overflow-y-auto flex-1 p-2">
        │ 			^^^^^^^^^^^^^^^^^^^^^^^^^^^^^^^^^^^^^^^^^^^^^^^^^^^^
    214 │ 				<ScrollArea className="h-full flex flex-col">
    215 │ 					{thumbnailError && (
  
  i Opening tag
  
    211 │ 			</CardHeader>
    212 │ 			<Separator className="my-0" />
  > 213 │ 			<CardContent className="overflow-y-auto flex-1 p-2">
        │ 			^^^^^^^^^^^^^^^^^^^^^^^^^^^^^^^^^^^^^^^^^^^^^^^^^^^^
    214 │ 				<ScrollArea className="h-full flex flex-col">
    215 │ 					{thumbnailError && (
  
  i closing tag
  
    453 │ 				</DialogContent>
    454 │ 			</Dialog>
  > 455 │ 		</Card>
        │ 		^^^^^^^
    456 │ 	);
    457 │ }
  

src\components\settings\thumbnails\thumbnails-settings.tsx:457:1 parse ━━━━━━━━━━━━━━━━━━━━━━━━━━━━━

  × Unexpected token. Did you mean `{'}'}` or `&rbrace;`?
  
    455 │ 		</Card>
    456 │ 	);
  > 457 │ }
        │ ^
    458 │ 
  

src\components\settings\thumbnails\thumbnails-settings.tsx:458:1 parse ━━━━━━━━━━━━━━━━━━━━━━━━━━━━━

  × expected `<` but instead the file ends
  
    456 │ 	);
    457 │ }
  > 458 │ 
        │ 
  
  i theFormatted 1466 files in 1452ms. No fixes applied.
Found 13 errors.
 file ends here
  
    456 │ 	);
    457 │ }
  > 458 │ 
        │ 
  

src\components\settings\thumbnails\thumbnails-settings.tsx format ━━━━━━━━━━━━━━━━━━━━━━━━━━━━━━━━━━

  × Code formatting aborted due to parsing errors. To format code with errors, enable the 'formatter.formatWithErrors' option.
  

format ━━━━━━━━━━━━━━━━━━━━━━━━━━━━━━━━━━━━━━━━━━━━━━━━━━━━━━━━━━━━━━━━━━━━━━━━━━━━━━━━━━━━━━━━━━━━━

  × Some errors were emitted while running checks.
  

