📊 RESUMEN DE ERRORES
Total de archivos con errores: 8
Cantidad total de errores: 21

📁 ARCHIVOS AFECTADOS:
  src\components\features\file-browser\navigation\keyboard-navigation.tsx (líneas: 1, 55, 185, 186, 548)
  src\components\features\file-browser\components\grid-item.tsx (líneas: 86)
  src\components\features\file-browser\file-browser.tsx (líneas: 1, 175, 404)
  src\components\features\file-browser\index.ts (líneas: 4)
  src\components\features\file-browser\views\cards-view.tsx (líneas: 1, 21)
  src\components\features\file-browser\views\grid-grouped-view.tsx (líneas: 1, 32)
  src\components\features\file-browser\views\grid-view.tsx (líneas: 1, 489)
  src\components\features\file-browser\views\konva-grid-view.tsx (líneas: 1, 162, 174, 189, 190)

📋 DETALLE POR ARCHIVO:

src\components\features\file-browser\navigation\keyboard-navigation.tsx
  - línea 1 : assist/source/organizeImports
  - línea 55 : lint/correctness/useExhaustiveDependencies
  - línea 185 : lint/complexity/noUselessSwitchCase
  - línea 186 : lint/complexity/noUselessSwitchCase
  - línea 548 : assist/source/useSortedAttributes

src\components\features\file-browser\components\grid-item.tsx
  - línea 86 : assist/source/useSortedAttributes

src\components\features\file-browser\file-browser.tsx
  - línea 1 : assist/source/organizeImports
  - línea 175 : assist/source/useSortedAttributes
  - línea 404 : assist/source/useSortedAttributes

src\components\features\file-browser\index.ts
  - línea 4 : assist/source/organizeImports

src\components\features\file-browser\views\cards-view.tsx
  - línea 1 : assist/source/organizeImports
  - línea 21 : assist/source/useSortedAttributes

src\components\features\file-browser\views\grid-grouped-view.tsx
  - línea 1 : assist/source/organizeImports
  - línea 32 : assist/source/useSortedAttributes

src\components\features\file-browser\views\grid-view.tsx
  - línea 1 : assist/source/organizeImports
  - línea 489 : assist/source/useSortedAttributes

src\components\features\file-browser\views\konva-grid-view.tsx
  - línea 1 : assist/source/organizeImports
  - línea 162 : assist/source/useSortedAttributes
  - línea 174 : assist/source/useSortedAttributes
  - línea 189 : assist/source/useSortedAttributes
  - línea 190 : assist/source/useSortedAttributes

════════════════════════════════════════════════════════════════════════════════
📄 LOG ORIGINAL:
════════════════════════════════════════════════════════════════════════════════

Comando: bunx biome check --max-diagnostics=500 .
Fecha: 2025-08-30T07:39:03.714Z
Directorio: D:\DEV\image-manager
Modo tolerante: SÍ
Tipo: Linting
===============================================
src\components\features\file-browser\navigation\keyboard-navigation.tsx:55:23 lint/correctness/useExhaustiveDependencies  FIXABLE  ━━━━━━━━━━

  ! This hook does not specify its dependency on scrollToCanvasItem.
  
    54 │ 	// Scroll para mantener el item visible - mejorado para diferentes vistas
  > 55 │ 	const scrollToItem = useCallback(
       │ 	                     ^^^^^^^^^^^
    56 │ 		(index: number) => {
    57 │ 			if (!containerRef?.current || index < 0 || index >= items.length) return;
  
  i This dependency is being used here, but is not specified in the hook dependency list.
  
    106 │ 			} else {
    107 │ 				// Fallback: scroll general basado en la vista
  > 108 │ 				scrollToCanvasItem(container, index, viewMode);
        │ 				^^^^^^^^^^^^^^^^^^
    109 │ 			}
    110 │ 		},
  
  i This dependency is being used here, but is not specified in the hook dependency list.
  
    76 │ 				if (selector === 'canvas' && elements.length > 0) {
    77 │ 					// Para vistas canvas, calcular posición y hacer scroll manual
  > 78 │ 					scrollToCanvasItem(container, index, viewMode);
       │ 					^^^^^^^^^^^^^^^^^^
    79 │ 					return;
    80 │ 				}
  
  i Unsafe fix: Add the missing dependency to the list.
  
    109 109 │   			}␍
    110 110 │   		},␍
    111     │ - → → [containerRef,·items.length,·viewMode]␍
        111 │ + → → [containerRef,·items.length,·viewMode,·//·Fallback:·scroll·general·basado·en·la·vista␍
        112 │ + → → → → scrollToCanvasItem]␍
    112 113 │   	);␍
    113 114 │   ␍
  

src\components\features\file-browser\components\file-list-header.tsx format ━━━━━━━━━━━━━━━━━━━━━━━━

  × Formatter would have printed the following content:
  
     1    │ - export·function·FileListHeader()·{␍
     2    │ - → return·(␍
     3    │ - → → <div·className="sticky·top-0·z-10·grid·grid-cols-[1fr_6rem_5rem_6rem]·items-center·gap-2·border-b·bg-background/80·p-2·text-muted-foreground·text-xs·backdrop-blur·supports-[backdrop-filter]:bg-background/60">␍
     4    │ - → → → <div>Nombre</div>␍
     5    │ - → → → <div·className="text-right">Fecha</div>␍
     6    │ - → → → <div·className="text-right">Dimensiones</div>␍
     7    │ - → → → <div·className="text-right">Tamaño</div>␍
     8    │ - → → </div>␍
     9    │ - → );␍
    10    │ - }␍
        1 │ + export·function·FileListHeader()·{
        2 │ + → return·(
        3 │ + → → <div·className="sticky·top-0·z-10·grid·grid-cols-[1fr_6rem_5rem_6rem]·items-center·gap-2·border-b·bg-background/80·p-2·text-muted-foreground·text-xs·backdrop-blur·supports-[backdrop-filter]:bg-background/60">
        4 │ + → → → <div>Nombre</div>
        5 │ + → → → <div·className="text-right">Fecha</div>
        6 │ + → → → <div·className="text-right">Dimensiones</div>
        7 │ + → → → <div·className="text-right">Tamaño</div>
        8 │ + → → </div>
        9 │ + → );
       10 │ + }
    11 11 │   
  

src\components\features\file-browser\components\grid-item.tsx:86:4 assist/source/useSortedAttributes  FIXABLE  ━━━━━━━━━━

  × The attributes are not sorted. 
  
     85 │ 		return (
   > 86 │ 			<button
        │ 			^^^^^^^
   > 87 │ 				aria-pressed={selectedState}
         ...
   > 99 │ 				type="button"
  > 100 │ 			>
        │ 			^
    101 │ 				<MediaThumbnail className="h-full w-full" item={item} preloadMargin="800px" style={{ objectFit: 'cover' }} />
    102 │ 				<div className="absolute right-0 bottom-0 left-0 bg-gradient-to-t from-black/70 to-transparent p-2">
  
  i Safe fix: Sort the JSX props.
  
     89  89 │   				data-entity-card
     90  90 │   				data-entity-type={item.entityType}
     91     │ - → → → → data-selected={selectedState}
     92     │ - → → → → data-item-index={itemIndex}
         91 │ + → → → → data-item-index={itemIndex}
         92 │ + → → → → data-selected={selectedState}
     93  93 │   				onClick={(e) => handleClick(e)}
     94  94 │   				onDoubleClick={handleDoubleClick}
     95  95 │   				onKeyDown={handleKeyDown}
     96     │ - → → → → style={{·aspectRatio:·'1·/·1',·width:·'100%',·minWidth:·size,·minHeight:·size·}}
     97     │ - → → → → ref={ref}
         96 │ + → → → → ref={ref}
         97 │ + → → → → style={{·aspectRatio:·'1·/·1',·width:·'100%',·minWidth:·size,·minHeight:·size·}}
     98  98 │   				{...rest}
     99  99 │   				type="button"
  

src\components\features\file-browser\file-browser.tsx:1:1 assist/source/organizeImports  FIXABLE  ━━━━━━━━━━

  × The imports and exports are not sorted.
  
  > 1 │ import { RefreshCw } from 'lucide-react';
      │ ^^^^^^^^^^^^^^^^^^^^^^^^^^^^^^^^^^^^^^^^^
    2 │ import { useMemo, useState, useRef } from 'react';
    3 │ import { EmptyState } from '@/components/core/data-display';
  
  i Safe fix: Organize Imports (Biome)
  
      2   2 │   import { useMemo, useState, useRef } from 'react';
      3   3 │   import { EmptyState } from '@/components/core/data-display';
      4     │ - import·{·FileCanvas·}·from·'@/components/features/file-browser/views/grid-view';
      5     │ - import·{·FileCanvasCards·}·from·'@/components/features/file-browser/views/cards-view';
      6     │ - import·{·FileCanvasList·}·from·'@/components/features/file-browser/views/list-view';
      7     │ - import·{·FileCanvasMasonry·}·from·'@/components/features/file-browser/views/masonry-view';
      8     │ - import·{·FileCanvasSingle·}·from·'@/components/features/file-browser/views/single-view';
      9     │ - import·{·FileCanvasTable·}·from·'@/components/features/file-browser/views/table-view';
     10     │ - import·{·FileCanvasListGrouped·}·from·'@/components/features/file-browser/views/list-grouped-view';
     11     │ - import·{·FileCanvasGridGrouped·}·from·'@/components/features/file-browser/views/grid-grouped-view';
     12     │ - import·{·FileCanvasMasonryGrouped·}·from·'@/components/features/file-browser/views/masonry-grouped-view';
     13     │ - import·{·FileCanvasSingleGrouped·}·from·'@/components/features/file-browser/views/single-grouped-view';
     14     │ - import·{·FileCanvasTableGrouped·}·from·'@/components/features/file-browser/views/table-grouped-view';
     15     │ - import·{·FileListHeader·}·from·'./components/file-list-header';
     16     │ - import·{·cn·}·from·'@/lib/utils';
     17     │ - import·{·useSelectionStore·}·from·'@/store/ui/selection.slice';
     18     │ - import·{·useViewOptionsStore·}·from·'@/store/ui/view-options.slice';
     19     │ - import·type·{·AnyEntityWithStats·}·from·'@/types/entities';
          4 │ + import·{·FileCanvasCards·}·from·'@/components/features/file-browser/views/cards-view';
          5 │ + import·{·FileCanvasGridGrouped·}·from·'@/components/features/file-browser/views/grid-grouped-view';
          6 │ + import·{·FileCanvas·}·from·'@/components/features/file-browser/views/grid-view';
          7 │ + import·{·FileCanvasListGrouped·}·from·'@/components/features/file-browser/views/list-grouped-view';
          8 │ + import·{·FileCanvasList·}·from·'@/components/features/file-browser/views/list-view';
          9 │ + import·{·FileCanvasMasonryGrouped·}·from·'@/components/features/file-browser/views/masonry-grouped-view';
         10 │ + import·{·FileCanvasMasonry·}·from·'@/components/features/file-browser/views/masonry-view';
         11 │ + import·{·FileCanvasSingleGrouped·}·from·'@/components/features/file-browser/views/single-grouped-view';
         12 │ + import·{·FileCanvasSingle·}·from·'@/components/features/file-browser/views/single-view';
         13 │ + import·{·FileCanvasTableGrouped·}·from·'@/components/features/file-browser/views/table-grouped-view';
         14 │ + import·{·FileCanvasTable·}·from·'@/components/features/file-browser/views/table-view';
         15 │ + import·{·cn·}·from·'@/lib/utils';
         16 │ + import·{·useSelectionStore·}·from·'@/store/ui/selection.slice';
         17 │ + import·{·useViewOptionsStore·}·from·'@/store/ui/view-options.slice';
         18 │ + import·type·{·AnyEntityWithStats·}·from·'@/types/entities';
         19 │ + import·{·FileListHeader·}·from·'./components/file-list-header';
     20  20 │   import type { MediaItem } from './components/media-thumbnail';
     21  21 │   import { useFolderFiles } from './hooks/use-folder-files';
  

src\components\features\file-browser\file-browser.tsx:175:3 assist/source/useSortedAttributes  FIXABLE  ━━━━━━━━━━

  × The attributes are not sorted. 
  
    174 │ 	return (
  > 175 │ 		<section
        │ 		^^^^^^^^
  > 176 │ 			ref={containerRef}
         ...
  > 181 │ 			aria-label="Explorador de archivos - use las flechas para navegar, Enter para abrir, Escape para cerrar"
  > 182 │ 		>
        │ 		^
    183 │ 			<div className="flex h-full min-h-0 flex-col" data-testid="file-browser-container">
    184 │ 				{/* Overlays no bloqueantes para loading/error */}
  
  i Safe fix: Sort the JSX props.
  
    174 174 │   	return (
    175 175 │   		<section
    176     │ - → → → ref={containerRef}
        176 │ + → → → aria-label="Explorador·de·archivos·-·use·las·flechas·para·navegar,·Enter·para·abrir,·Escape·para·cerrar"
    177 177 │   			className={cn('flex h-full min-h-0 flex-col overflow-hidden')}
    178 178 │   			data-testid="file-browser"
    179 179 │   			data-view-mode={viewMode}
    180     │ - → → → tabIndex={-1}·//·Focusable·programáticamente·pero·no·por·tab
    181     │ - → → → aria-label="Explorador·de·archivos·-·use·las·flechas·para·navegar,·Enter·para·abrir,·Escape·para·cerrar"
        180 │ + → → → ref={containerRef}·//·Focusable·programáticamente·pero·no·por·tab
        181 │ + → → → tabIndex={-1}
    182 182 │   		>
    183 183 │   			<div className="flex h-full min-h-0 flex-col" data-testid="file-browser-container">
  

src\components\features\file-browser\file-browser.tsx:404:3 assist/source/useSortedAttributes  FIXABLE  ━━━━━━━━━━

  × The attributes are not sorted. 
  
    403 │ 	return (
  > 404 │ 		<section
        │ 		^^^^^^^^
  > 405 │ 			className={cn('flex h-full min-h-0 flex-col overflow-hidden', className)}
         ...
  > 409 │ 			aria-label="Explorador de archivos"
  > 410 │ 		>
        │ 		^
    411 │ 			<div className="flex h-full min-h-0 flex-col" data-testid="file-browser-container">
    412 │ 				{viewMode === 'list' ? (
  
  i Safe fix: Sort the JSX props.
  
    403 403 │   	return (
    404 404 │   		<section
    405     │ - → → → className={cn('flex·h-full·min-h-0·flex-col·overflow-hidden',·className)}
    406     │ - → → → data-testid="file-browser"
    407     │ - → → → data-view-mode={viewMode}
    408     │ - → → → tabIndex={-1}
    409     │ - → → → aria-label="Explorador·de·archivos"
        405 │ + → → → aria-label="Explorador·de·archivos"
        406 │ + → → → className={cn('flex·h-full·min-h-0·flex-col·overflow-hidden',·className)}
        407 │ + → → → data-testid="file-browser"
        408 │ + → → → data-view-mode={viewMode}
        409 │ + → → → tabIndex={-1}
    410 410 │   		>
    411 411 │   			<div className="flex h-full min-h-0 flex-col" data-testid="file-browser-container">
  

src\components\features\file-browser\index.ts:4:1 assist/source/organizeImports  FIXABLE  ━━━━━━━━━━

  × The imports and exports are not sorted.
  
    3 │ // Componente principal
  > 4 │ export { FileBrowserByFolder, FileBrowser } from './file-browser';
      │ ^^^^^^^^^^^^^^^^^^^^^^^^^^^^^^^^^^^^^^^^^^^^^^^^^^^^^^^^^^^^^^^^^^
    5 │ 
    6 │ // Componentes auxiliares
  
  i Safe fix: Organize Imports (Biome)
  
     1  1 │   // Barrel del nuevo FileBrowser
     2  2 │   
     3    │ - //·Componente·principal
     4    │ - export·{·FileBrowserByFolder,·FileBrowser·}·from·'./file-browser';
     5    │ - 
     6    │ - //·Componentes·auxiliares
     7    │ - export·{·FileListHeader·}·from·'./components/file-list-header';
        3 │ + 
        4 │ + //·Componentes·auxiliares
        5 │ + export·{·FileListHeader·}·from·'./components/file-list-header';
        6 │ + //·Componente·principal
        7 │ + export·{·FileBrowser,·FileBrowserByFolder·}·from·'./file-browser';
     8  8 │   
     9  9 │   // Tipos
  

src\components\features\file-browser\navigation\keyboard-navigation.tsx:1:1 assist/source/organizeImports  FIXABLE  ━━━━━━━━━━

  × The imports and exports are not sorted.
  
  > 1 │ import { useCallback, useEffect, useRef } from 'react';
      │ ^^^^^^^^^^^^^^^^^^^^^^^^^^^^^^^^^^^^^^^^^^^^^^^^^^^^^^^
    2 │ import { useSelectionStore } from '@/store/ui/selection.slice';
    3 │ import { useFileViewerStore } from '@/store/ui/file-viewer.slice';
  
  i Safe fix: Organize Imports (Biome)
  
      1   1 │   import { useCallback, useEffect, useRef } from 'react';␍
      2     │ - import·{·useSelectionStore·}·from·'@/store/ui/selection.slice';␍
      3     │ - import·{·useFileViewerStore·}·from·'@/store/ui/file-viewer.slice';␍
          2 │ + import·{·useFileViewerStore·}·from·'@/store/ui/file-viewer.slice';␍
          3 │ + import·{·useSelectionStore·}·from·'@/store/ui/selection.slice';␍
      4   4 │   import type { MediaItem } from '../components/media-thumbnail';␍
      5   5 │   ␍
  

src\components\features\file-browser\navigation\keyboard-navigation.tsx:185:7 lint/complexity/noUselessSwitchCase  FIXABLE  ━━━━━━━━━━

  × Useless case clause.
  
    183 │ 						case 'down':
    184 │ 							return Math.min(itemCount - 1, currentIndex + 1);
  > 185 │ 						case 'left':
        │ 						^^^^^^^^^^^^
    186 │ 						case 'right':
    187 │ 						default:
  
  i because the default clause is present:
  
    185 │ 						case 'left':
    186 │ 						case 'right':
  > 187 │ 						default:
        │ 						^^^^^^^^
  > 188 │ 							return currentIndex; // No cambio en modo lista
        │ 							^^^^^^^^^^^^^^^^^^^^
    189 │ 					}
    190 │ 				}
  
  i Unsafe fix: Remove the useless case.
  
    182 182 │   							return Math.max(0, currentIndex - 1);␍
    183 183 │   						case 'down':␍
    184     │ - → → → → → → → return·Math.min(itemCount·-·1,·currentIndex·+·1);␍
    185     │ - → → → → → → case·'left':␍
        184 │ + → → → → → → → return·Math.min(itemCount·-·1,·currentIndex·+·1);␍
    186 185 │   						case 'right':␍
    187 186 │   						default:␍
  

src\components\features\file-browser\navigation\keyboard-navigation.tsx:186:7 lint/complexity/noUselessSwitchCase  FIXABLE  ━━━━━━━━━━

  × Useless case clause.
  
    184 │ 							return Math.min(itemCount - 1, currentIndex + 1);
    185 │ 						case 'left':
  > 186 │ 						case 'right':
        │ 						^^^^^^^^^^^^^
    187 │ 						default:
    188 │ 							return currentIndex; // No cambio en modo lista
  
  i because the default clause is present:
  
    185 │ 						case 'left':
    186 │ 						case 'right':
  > 187 │ 						default:
        │ 						^^^^^^^^
  > 188 │ 							return currentIndex; // No cambio en modo lista
        │ 							^^^^^^^^^^^^^^^^^^^^
    189 │ 					}
    190 │ 				}
  
  i Unsafe fix: Remove the useless case.
  
    183 183 │   						case 'down':␍
    184 184 │   							return Math.min(itemCount - 1, currentIndex + 1);␍
    185     │ - → → → → → → case·'left':␍
    186     │ - → → → → → → case·'right':␍
        185 │ + → → → → → → case·'left':␍
    187 186 │   						default:␍
    188 187 │   							return currentIndex; // No cambio en modo lista␍
  

src\components\features\file-browser\navigation\keyboard-navigation.tsx:548:3 assist/source/useSortedAttributes  FIXABLE  ━━━━━━━━━━

  × The attributes are not sorted. 
  
    547 │ 	return (
  > 548 │ 		<div
        │ 		^^^^
  > 549 │ 			ref={containerRef}
         ...
  > 553 │ 			data-keyboard-focused={isKeyboardFocused}
  > 554 │ 		>
        │ 		^
    555 │ 			{children}
    556 │ 		</div>
  
  i Safe fix: Sort the JSX props.
  
    547 547 │   	return (␍
    548 548 │   		<div␍
    549     │ - → → → ref={containerRef}␍
    550     │ - → → → className={className}␍
    551     │ - → → → data-keyboard-navigation="true"␍
    552     │ - → → → data-focused-index={focusedIndex}␍
    553     │ - → → → data-keyboard-focused={isKeyboardFocused}␍
        549 │ + → → → className={className}␍
        550 │ + → → → data-focused-index={focusedIndex}␍
        551 │ + → → → data-keyboard-focused={isKeyboardFocused}␍
        552 │ + → → → data-keyboard-navigation="true"␍
        553 │ + → → → ref={containerRef}␍
    554 554 │   		>␍
    555 555 │   			{children}␍
  

src\components\features\file-browser\navigation\keyboard-navigation.tsx format ━━━━━━━━━━━━━━━━━━━━━

  × Formatter would have printed the following content:
  
      1     │ - import·{·useCallback,·useEffect,·useRef·}·from·'react';␍
      2     │ - import·{·useSelectionStore·}·from·'@/store/ui/selection.slice';␍
      3     │ - import·{·useFileViewerStore·}·from·'@/store/ui/file-viewer.slice';␍
      4     │ - import·type·{·MediaItem·}·from·'../components/media-thumbnail';␍
      5     │ - ␍
      6     │ - export·interface·UseKeyboardNavigationOptions·{␍
      7     │ - → items:·MediaItem[];␍
      8     │ - → onItemClick?:·(item:·MediaItem,·modifiers?:·{·ctrlKey:·boolean;·metaKey:·boolean;·shiftKey:·boolean·})·=>·void;␍
      9     │ - → onItemDoubleClick?:·(item:·MediaItem)·=>·void;␍
     10     │ - → containerRef?:·React.RefObject<HTMLElement·|·null>;␍
     11     │ - → viewMode?:·string;␍
     12     │ - → groupBy?:·string;␍
     13     │ - → disabled?:·boolean;␍
     14     │ - }␍
     15     │ - ␍
     16     │ - export·interface·KeyboardNavigationState·{␍
     17     │ - → focusedIndex:·number;␍
     18     │ - → isKeyboardFocused:·boolean;␍
     19     │ - }␍
     20     │ - ␍
     21     │ - /**␍
     22     │ - ·*·Hook·para·manejar·navegación·por·teclado·en·el·file·browser␍
     23     │ - ·*/␍
     24     │ - export·function·useKeyboardNavigation({␍
     25     │ - → items,␍
     26     │ - → onItemClick,␍
     27     │ - → onItemDoubleClick,␍
     28     │ - → containerRef,␍
     29     │ - → viewMode·=·'grid',␍
     30     │ - → groupBy,␍
     31     │ - → disabled·=·false,␍
     32     │ - }:·UseKeyboardNavigationOptions)·{␍
     33     │ - → const·focusedIndexRef·=·useRef(0);␍
     34     │ - → const·isKeyboardFocusedRef·=·useRef(false);␍
     35     │ - ␍
     36     │ - → //·Stores␍
     37     │ - → const·{·selectedIds,·activeId,·setActiveId,·setSelectedIds,·toggleSelectedId,·addSelectedId·}·=·useSelectionStore();␍
     38     │ - → const·{·openViewer,·closeViewer,·isOpen:·isFileViewerOpen·}·=·useFileViewerStore();␍
     39     │ - ␍
     40     │ - → //·Obtener·el·índice·del·elemento·activo·actual␍
     41     │ - → const·getCurrentIndex·=·useCallback(()·=>·{␍
     42     │ - → → if·(activeId)·{␍
     43     │ - → → → const·index·=·items.findIndex((item)·=>·item.id·===·activeId);␍
     44     │ - → → → return·index·>=·0·?·index·:·0;␍
     45     │ - → → }␍
     46     │ - → → //·Si·no·hay·active,·usar·el·primer·item·seleccionado␍
     47     │ - → → if·(selectedIds.length·>·0)·{␍
     48     │ - → → → const·index·=·items.findIndex((item)·=>·selectedIds.includes(item.id));␍
     49     │ - → → → return·index·>=·0·?·index·:·0;␍
     50     │ - → → }␍
     51     │ - → → return·0;␍
     52     │ - → },·[activeId,·selectedIds,·items]);␍
     53     │ - ␍
     54     │ - → //·Scroll·para·mantener·el·item·visible·-·mejorado·para·diferentes·vistas␍
     55     │ - → const·scrollToItem·=·useCallback(␍
     56     │ - → → (index:·number)·=>·{␍
     57     │ - → → → if·(!containerRef?.current·||·index·<·0·||·index·>=·items.length)·return;␍
     58     │ - ␍
     59     │ - → → → const·container·=·containerRef.current;␍
     60     │ - ␍
     61     │ - → → → //·Buscar·diferentes·tipos·de·elementos·que·podrían·representar·items␍
     62     │ - → → → const·selectors·=·[␍
     63     │ - → → → → '[data-item-index]',␍
     64     │ - → → → → '[data-file-id]',␍
     65     │ - → → → → '.file-item',␍
     66     │ - → → → → '.media-item',␍
     67     │ - → → → → 'canvas',·//·Para·vistas·canvas,·scroll·por·cálculo␍
     68     │ - → → → ];␍
     69     │ - ␍
     70     │ - → → → let·targetElement:·HTMLElement·|·null·=·null;␍
     71     │ - ␍
     72     │ - → → → //·Intentar·encontrar·el·elemento·del·item·específico␍
     73     │ - → → → for·(const·selector·of·selectors)·{␍
     74     │ - → → → → const·elements·=·container.querySelectorAll(selector);␍
     75     │ - ␍
     76     │ - → → → → if·(selector·===·'canvas'·&&·elements.length·>·0)·{␍
     77     │ - → → → → → //·Para·vistas·canvas,·calcular·posición·y·hacer·scroll·manual␍
     78     │ - → → → → → scrollToCanvasItem(container,·index,·viewMode);␍
     79     │ - → → → → → return;␍
     80     │ - → → → → }␍
     81     │ - ␍
     82     │ - → → → → if·(elements[index])·{␍
     83     │ - → → → → → targetElement·=·elements[index]·as·HTMLElement;␍
     84     │ - → → → → → break;␍
     85     │ - → → → → }␍
     86     │ - → → → }␍
     87     │ - ␍
     88     │ - → → → if·(targetElement)·{␍
     89     │ - → → → → const·containerRect·=·container.getBoundingClientRect();␍
     90     │ - → → → → const·targetRect·=·targetElement.getBoundingClientRect();␍
     91     │ - ␍
     92     │ - → → → → //·Verificar·si·el·elemento·está·fuera·de·vista␍
     93     │ - → → → → const·isOutOfView·=␍
     94     │ - → → → → → targetRect.top·<·containerRect.top·||␍
     95     │ - → → → → → targetRect.bottom·>·containerRect.bottom·||␍
     96     │ - → → → → → targetRect.left·<·containerRect.left·||␍
     97     │ - → → → → → targetRect.right·>·containerRect.right;␍
     98     │ - ␍
     99     │ - → → → → if·(isOutOfView)·{␍
    100     │ - → → → → → targetElement.scrollIntoView({␍
    101     │ - → → → → → → behavior:·'smooth',␍
    102     │ - → → → → → → block:·'nearest',␍
    103     │ - → → → → → → inline:·'nearest',␍
    104     │ - → → → → → });␍
    105     │ - → → → → }␍
    106     │ - → → → }·else·{␍
    107     │ - → → → → //·Fallback:·scroll·general·basado·en·la·vista␍
    108     │ - → → → → scrollToCanvasItem(container,·index,·viewMode);␍
    109     │ - → → → }␍
    110     │ - → → },␍
    111     │ - → → [containerRef,·items.length,·viewMode]␍
    112     │ - → );␍
    113     │ - ␍
    114     │ - → //·Helper·para·scroll·en·vistas·canvas␍
    115     │ - → const·scrollToCanvasItem·=·useCallback((container:·HTMLElement,·index:·number,·viewMode:·string)·=>·{␍
    116     │ - → → if·(!container)·return;␍
    117     │ - ␍
    118     │ - → → const·containerHeight·=·container.clientHeight;␍
    119     │ - → → const·containerWidth·=·container.clientWidth;␍
    120     │ - ␍
    121     │ - → → let·targetY·=·0;␍
    122     │ - ␍
    123     │ - → → switch·(viewMode)·{␍
    124     │ - → → → case·'list':␍
    125     │ - → → → case·'table':·{␍
    126     │ - → → → → const·rowHeight·=·60;·//·altura·estimada·de·fila␍
    127     │ - → → → → targetY·=·index·*·rowHeight;␍
    128     │ - → → → → break;␍
    129     │ - → → → }␍
    130     │ - → → → case·'grid':␍
    131     │ - → → → case·'cards':·{␍
    132     │ - → → → → const·itemSize·=·viewMode·===·'cards'·?·180·:·120;␍
    133     │ - → → → → const·gap·=·8;␍
    134     │ - → → → → const·columns·=·Math.max(1,·Math.floor((containerWidth·+·gap)·/·(itemSize·+·gap)));␍
    135     │ - → → → → const·row·=·Math.floor(index·/·columns);␍
    136     │ - → → → → const·rowHeight·=·itemSize·+·gap;␍
    137     │ - → → → → targetY·=·row·*·rowHeight;␍
    138     │ - → → → → break;␍
    139     │ - → → → }␍
    140     │ - → → → case·'masonry':·{␍
    141     │ - → → → → //·Para·masonry·es·más·complejo,·usar·scroll·aproximado␍
    142     │ - → → → → const·columnWidth·=·200;␍
    143     │ - → → → → const·columns·=·Math.max(1,·Math.floor(containerWidth·/·columnWidth));␍
    144     │ - → → → → const·approxRowHeight·=·250;·//·altura·promedio␍
    145     │ - → → → → const·row·=·Math.floor(index·/·columns);␍
    146     │ - → → → → targetY·=·row·*·approxRowHeight;␍
    147     │ - → → → → break;␍
    148     │ - → → → }␍
    149     │ - → → → case·'single':·{␍
    150     │ - → → → → //·Single·view·no·necesita·scroll·vertical␍
  967 more lines truncated
  

src\components\features\file-browser\views\canvas-config.ts format ━━━━━━━━━━━━━━━━━━━━━━━━━━━━━━━━━

  × Formatter would have printed the following content:
  
     1    │ - export·const·CanvasRenderConfig·=·{␍
     2    │ - → //·Grid/Cards␍
     3    │ - → grid:·{␍
     4    │ - → → itemSize:·160,␍
     5    │ - → → gap:·8,␍
     6    │ - → → overscanRows:·3,␍
     7    │ - → → borderWidth:·2,␍
     8    │ - → },␍
     9    │ - → //·List/Table␍
    10    │ - → list:·{␍
    11    │ - → → rowHeight:·72,␍
    12    │ - → → thumbSize:·56,␍
    13    │ - → → overscanRows:·6,␍
    14    │ - → → borderWidth:·2,␍
    15    │ - → },␍
    16    │ - → table:·{␍
    17    │ - → → rowHeight:·52,␍
    18    │ - → → thumbSize:·40,␍
    19    │ - → → overscanRows:·8,␍
    20    │ - → → borderWidth:·1,␍
    21    │ - → },␍
    22    │ - → //·Masonry␍
    23    │ - → masonry:·{␍
    24    │ - → → columnWidth:·200,␍
    25    │ - → → gap:·8,␍
    26    │ - → → overscanPadding:·400,␍
    27    │ - → → borderWidth:·2,␍
    28    │ - → },␍
    29    │ - → //·Single␍
    30    │ - → single:·{␍
    31    │ - → → padding:·8,␍
    32    │ - → → borderWidth:·0,␍
    33    │ - → },␍
    34    │ - → //·Group·headers·(shared)␍
    35    │ - → group:·{␍
    36    │ - → → headerHeight:·28,␍
    37    │ - → → headerGap:·8,␍
    38    │ - → },␍
    39    │ - → //·Visual␍
    40    │ - → visuals:·{␍
    41    │ - → → enableSmoothing:·true,␍
    42    │ - → → enableFadeIn:·false,␍
    43    │ - → },␍
    44    │ - };␍
    45    │ - ␍
    46    │ - export·type·CanvasRenderConfigType·=·typeof·CanvasRenderConfig;␍
        1 │ + export·const·CanvasRenderConfig·=·{
        2 │ + → //·Grid/Cards
        3 │ + → grid:·{
        4 │ + → → itemSize:·160,
        5 │ + → → gap:·8,
        6 │ + → → overscanRows:·3,
        7 │ + → → borderWidth:·2,
        8 │ + → },
        9 │ + → //·List/Table
       10 │ + → list:·{
       11 │ + → → rowHeight:·72,
       12 │ + → → thumbSize:·56,
       13 │ + → → overscanRows:·6,
       14 │ + → → borderWidth:·2,
       15 │ + → },
       16 │ + → table:·{
       17 │ + → → rowHeight:·52,
       18 │ + → → thumbSize:·40,
       19 │ + → → overscanRows:·8,
       20 │ + → → borderWidth:·1,
       21 │ + → },
       22 │ + → //·Masonry
       23 │ + → masonry:·{
       24 │ + → → columnWidth:·200,
       25 │ + → → gap:·8,
       26 │ + → → overscanPadding:·400,
       27 │ + → → borderWidth:·2,
       28 │ + → },
       29 │ + → //·Single
       30 │ + → single:·{
       31 │ + → → padding:·8,
       32 │ + → → borderWidth:·0,
       33 │ + → },
       34 │ + → //·Group·headers·(shared)
       35 │ + → group:·{
       36 │ + → → headerHeight:·28,
       37 │ + → → headerGap:·8,
       38 │ + → },
       39 │ + → //·Visual
       40 │ + → visuals:·{
       41 │ + → → enableSmoothing:·true,
       42 │ + → → enableFadeIn:·false,
       43 │ + → },
       44 │ + };
       45 │ + 
       46 │ + export·type·CanvasRenderConfigType·=·typeof·CanvasRenderConfig;
    47 47 │   
  

src\components\features\file-browser\views\cards-view.tsx:1:1 assist/source/organizeImports  FIXABLE  ━━━━━━━━━━

  × The imports and exports are not sorted.
  
  > 1 │ import type { ClickModifiers } from '../types/file-browser.types';
      │ ^^^^^^^^^^^^^^^^^^^^^^^^^^^^^^^^^^^^^^^^^^^^^^^^^^^^^^^^^^^^^^^^^^
    2 │ import type { MediaItem } from '../components/media-thumbnail';
    3 │ import { KonvaGridView } from './konva-grid-view';
  
  i Safe fix: Organize Imports (Biome)
  
     1    │ - import·type·{·ClickModifiers·}·from·'../types/file-browser.types';
     2    │ - import·type·{·MediaItem·}·from·'../components/media-thumbnail';
        1 │ + import·type·{·MediaItem·}·from·'../components/media-thumbnail';
        2 │ + import·type·{·ClickModifiers·}·from·'../types/file-browser.types';
     3  3 │   import { KonvaGridView } from './konva-grid-view';
     4  4 │   
  

src\components\features\file-browser\views\cards-view.tsx:21:4 assist/source/useSortedAttributes  FIXABLE  ━━━━━━━━━━

  × The attributes are not sorted. 
  
    19 │ 	return (
    20 │ 		<div className="file-browser-cards" data-view="cards">
  > 21 │ 			<KonvaGridView
       │ 			^^^^^^^^^^^^^^
  > 22 │ 				itemSize={200}
        ...
  > 27 │ 				gap={12}
  > 28 │ 			/>
       │ 			^^
    29 │ 		</div>
    30 │ 	);
  
  i Safe fix: Sort the JSX props.
  
    20 20 │   		<div className="file-browser-cards" data-view="cards">
    21 21 │   			<KonvaGridView
    22    │ - → → → → itemSize={200}
    23    │ - → → → → items={items}
    24    │ - → → → → onItemClick={onItemClick}
    25    │ - → → → → onItemDoubleClick={onItemDoubleClick}
    26    │ - → → → → scrollContainer={scrollContainer}
    27    │ - → → → → gap={12}
       22 │ + → → → → gap={12}
       23 │ + → → → → itemSize={200}
       24 │ + → → → → items={items}
       25 │ + → → → → onItemClick={onItemClick}
       26 │ + → → → → onItemDoubleClick={onItemDoubleClick}
       27 │ + → → → → scrollContainer={scrollContainer}
    28 28 │   			/>
    29 29 │   		</div>
  

src\components\features\file-browser\views\grid-grouped-view.tsx:1:1 assist/source/organizeImports  FIXABLE  ━━━━━━━━━━

  × The imports and exports are not sorted.
  
  > 1 │ import type { MediaItem } from '../components/media-thumbnail';
      │ ^^^^^^^^^^^^^^^^^^^^^^^^^^^^^^^^^^^^^^^^^^^^^^^^^^^^^^^^^^^^^^^
    2 │ import type { ClickModifiers } from '../types/file-browser.types';
    3 │ import { FileCanvas } from './grid-view';
  
  i Safe fix: Organize Imports (Biome)
  
     1  1 │   import type { MediaItem } from '../components/media-thumbnail';␍
     2  2 │   import type { ClickModifiers } from '../types/file-browser.types';␍
     3    │ - import·{·FileCanvas·}·from·'./grid-view';␍
     4    │ - import·{·CanvasRenderConfig·}·from·'./canvas-config';␍
        3 │ + import·{·CanvasRenderConfig·}·from·'./canvas-config';␍
        4 │ + import·{·FileCanvas·}·from·'./grid-view';␍
     5  5 │   ␍
     6  6 │   export interface FileCanvasGridGroupedProps {␍
  

src\components\features\file-browser\views\grid-grouped-view.tsx:32:8 assist/source/useSortedAttributes  FIXABLE  ━━━━━━━━━━

  × The attributes are not sorted. 
  
    30 │ 						</div>
    31 │ 						<div className="relative">
  > 32 │ 							<FileCanvas
       │ 							^^^^^^^^^^^
  > 33 │ 								items={g.items}
        ...
  > 39 │ 								onItemDoubleClick={onItemDoubleClick}
  > 40 │ 							/>
       │ 							^^
    41 │ 						</div>
    42 │ 					</div>
  
  i Safe fix: Sort the JSX props.
  
    31 31 │   						<div className="relative">␍
    32 32 │   							<FileCanvas␍
    33    │ - → → → → → → → → items={g.items}␍
    34    │ - → → → → → → → → itemSize={itemSize}␍
    35    │ - → → → → → → → → scrollContainer={␍
    36    │ - → → → → → → → → → document?.querySelector?.('[data-testid="file-browser-scroll-area-viewport"]')·as·HTMLElement·|·null␍
    37    │ - → → → → → → → → }␍
    38    │ - → → → → → → → → onItemClick={onItemClick}␍
    39    │ - → → → → → → → → onItemDoubleClick={onItemDoubleClick}␍
       33 │ + → → → → → → → → itemSize={itemSize}␍
       34 │ + → → → → → → → → items={g.items}␍
       35 │ + → → → → → → → → onItemClick={onItemClick}␍
       36 │ + → → → → → → → → onItemDoubleClick={onItemDoubleClick}␍
       37 │ + → → → → → → → → scrollContainer={␍
       38 │ + → → → → → → → → → document?.querySelector?.('[data-testid="file-browser-scroll-area-viewport"]')·as·HTMLElement·|·null␍
       39 │ + → → → → → → → → }␍
    40 40 │   							/>␍
    41 41 │   						</div>␍
  

src\components\features\file-browser\views\grid-grouped-view.tsx format ━━━━━━━━━━━━━━━━━━━━━━━━━━━━

  × Formatter would have printed the following content:
  
     1    │ - import·type·{·MediaItem·}·from·'../components/media-thumbnail';␍
     2    │ - import·type·{·ClickModifiers·}·from·'../types/file-browser.types';␍
     3    │ - import·{·FileCanvas·}·from·'./grid-view';␍
     4    │ - import·{·CanvasRenderConfig·}·from·'./canvas-config';␍
     5    │ - ␍
     6    │ - export·interface·FileCanvasGridGroupedProps·{␍
     7    │ - → groups:·Array<{·key:·string;·items:·MediaItem[];·displayName:·string·}>;␍
     8    │ - → itemSize?:·number;␍
     9    │ - → onItemClick?:·(item:·MediaItem,·modifiers?:·ClickModifiers)·=>·void;␍
    10    │ - → onItemDoubleClick?:·(item:·MediaItem)·=>·void;␍
    11    │ - }␍
    12    │ - ␍
    13    │ - export·function·FileCanvasGridGrouped({␍
    14    │ - → groups,␍
    15    │ - → itemSize·=·CanvasRenderConfig.grid.itemSize,␍
    16    │ - → onItemClick,␍
    17    │ - → onItemDoubleClick,␍
    18    │ - }:·FileCanvasGridGroupedProps)·{␍
    19    │ - → const·headerH·=·CanvasRenderConfig.group.headerHeight;␍
    20    │ - → return·(␍
    21    │ - → → <div·className="h-full·overflow-auto">␍
    22    │ - → → → <div·className="flex·flex-col·gap-2">␍
    23    │ - → → → → {groups.map((g)·=>·(␍
    24    │ - → → → → → <div·className="flex·flex-col"·key={g.key}>␍
    25    │ - → → → → → → <div␍
    26    │ - → → → → → → → className="sticky·top-0·z-10·bg-background/80·p-2·font-semibold·text-muted-foreground·text-xs·uppercase·backdrop-blur·supports-[backdrop-filter]:bg-background/60"␍
    27    │ - → → → → → → → style={{·height:·headerH·}}␍
    28    │ - → → → → → → >␍
    29    │ - → → → → → → → {g.displayName}␍
    30    │ - → → → → → → </div>␍
    31    │ - → → → → → → <div·className="relative">␍
    32    │ - → → → → → → → <FileCanvas␍
    33    │ - → → → → → → → → items={g.items}␍
    34    │ - → → → → → → → → itemSize={itemSize}␍
    35    │ - → → → → → → → → scrollContainer={␍
    36    │ - → → → → → → → → → document?.querySelector?.('[data-testid="file-browser-scroll-area-viewport"]')·as·HTMLElement·|·null␍
    37    │ - → → → → → → → → }␍
    38    │ - → → → → → → → → onItemClick={onItemClick}␍
    39    │ - → → → → → → → → onItemDoubleClick={onItemDoubleClick}␍
    40    │ - → → → → → → → />␍
    41    │ - → → → → → → </div>␍
    42    │ - → → → → → </div>␍
    43    │ - → → → → ))}␍
    44    │ - → → → </div>␍
    45    │ - → → </div>␍
    46    │ - → );␍
    47    │ - }␍
        1 │ + import·type·{·MediaItem·}·from·'../components/media-thumbnail';
        2 │ + import·type·{·ClickModifiers·}·from·'../types/file-browser.types';
        3 │ + import·{·FileCanvas·}·from·'./grid-view';
        4 │ + import·{·CanvasRenderConfig·}·from·'./canvas-config';
        5 │ + 
        6 │ + export·interface·FileCanvasGridGroupedProps·{
        7 │ + → groups:·Array<{·key:·string;·items:·MediaItem[];·displayName:·string·}>;
        8 │ + → itemSize?:·number;
        9 │ + → onItemClick?:·(item:·MediaItem,·modifiers?:·ClickModifiers)·=>·void;
       10 │ + → onItemDoubleClick?:·(item:·MediaItem)·=>·void;
       11 │ + }
       12 │ + 
       13 │ + export·function·FileCanvasGridGrouped({
       14 │ + → groups,
       15 │ + → itemSize·=·CanvasRenderConfig.grid.itemSize,
       16 │ + → onItemClick,
       17 │ + → onItemDoubleClick,
       18 │ + }:·FileCanvasGridGroupedProps)·{
       19 │ + → const·headerH·=·CanvasRenderConfig.group.headerHeight;
       20 │ + → return·(
       21 │ + → → <div·className="h-full·overflow-auto">
       22 │ + → → → <div·className="flex·flex-col·gap-2">
       23 │ + → → → → {groups.map((g)·=>·(
       24 │ + → → → → → <div·className="flex·flex-col"·key={g.key}>
       25 │ + → → → → → → <div
       26 │ + → → → → → → → className="sticky·top-0·z-10·bg-background/80·p-2·font-semibold·text-muted-foreground·text-xs·uppercase·backdrop-blur·supports-[backdrop-filter]:bg-background/60"
       27 │ + → → → → → → → style={{·height:·headerH·}}
       28 │ + → → → → → → >
       29 │ + → → → → → → → {g.displayName}
       30 │ + → → → → → → </div>
       31 │ + → → → → → → <div·className="relative">
       32 │ + → → → → → → → <FileCanvas
       33 │ + → → → → → → → → items={g.items}
       34 │ + → → → → → → → → itemSize={itemSize}
       35 │ + → → → → → → → → scrollContainer={
       36 │ + → → → → → → → → → document?.querySelector?.('[data-testid="file-browser-scroll-area-viewport"]')·as·HTMLElement·|·null
       37 │ + → → → → → → → → }
       38 │ + → → → → → → → → onItemClick={onItemClick}
       39 │ + → → → → → → → → onItemDoubleClick={onItemDoubleClick}
       40 │ + → → → → → → → />
       41 │ + → → → → → → </div>
       42 │ + → → → → → </div>
       43 │ + → → → → ))}
       44 │ + → → → </div>
       45 │ + → → </div>
       46 │ + → );
       47 │ + }
    48 48 │   
  

src\components\features\file-browser\views\grid-view.tsx:1:1 assist/source/organizeImports  FIXABLE  ━━━━━━━━━━

  × The imports and exports are not sorted.
  
  > 1 │ import React, { useEffect, useMemo, useRef, useState } from 'react';
      │ ^^^^^^^^^^^^^^^^^^^^^^^^^^^^^^^^^^^^^^^^^^^^^^^^^^^^^^^^^^^^^^^^^^^^
    2 │ import { ThumbnailQuality } from '@/lib/config/thumbnail.config';
    3 │ import { useSelectionStore } from '@/store/ui/selection.slice';
  
  i Safe fix: Organize Imports (Biome)
  
      2   2 │   import { ThumbnailQuality } from '@/lib/config/thumbnail.config';
      3   3 │   import { useSelectionStore } from '@/store/ui/selection.slice';
      4     │ - import·type·{·ClickModifiers·}·from·'../types/file-browser.types';
      5     │ - import·type·{·MediaItem·}·from·'../components/media-thumbnail';
          4 │ + import·type·{·MediaItem·}·from·'../components/media-thumbnail';
          5 │ + import·type·{·ClickModifiers·}·from·'../types/file-browser.types';
      6   6 │   import { generateThumbnailUrl, getFallbackIcon, useImageCache } from './canvas-common';
      7   7 │   import { CanvasRenderConfig } from './canvas-config';
  

src\components\features\file-browser\views\grid-view.tsx:489:3 assist/source/useSortedAttributes  FIXABLE  ━━━━━━━━━━

  × The attributes are not sorted. 
  
    487 │ 	const useExternal = !!scrollContainer;
    488 │ 	return (
  > 489 │ 		<div
        │ 		^^^^
  > 490 │ 			className={useExternal ? 'relative w-full' : 'relative h-full w-full overflow-auto'}
         ...
  > 497 │ 			data-testid="grid-view"
  > 498 │ 		>
        │ 		^
    499 │ 			{/* Espaciador para representar la altura total del contenido y permitir scroll */}
    500 │ 			<div style={{ height: totalHeight }} />
  
  i Safe fix: Sort the JSX props.
  
    489 489 │   		<div
    490 490 │   			className={useExternal ? 'relative w-full' : 'relative h-full w-full overflow-auto'}
    491     │ - → → → onPointerDown={handlePointerDown}
    492     │ - → → → onPointerLeave={handlePointerLeave}
    493     │ - → → → onPointerMove={handlePointerMove}
    494     │ - → → → onPointerUp={handlePointerUp}
    495     │ - → → → ref={containerRef}
    496     │ - → → → style={useExternal·?·{·height:·viewport.height·}·:·undefined}
    497     │ - → → → data-testid="grid-view"
        491 │ + → → → data-testid="grid-view"
        492 │ + → → → onPointerDown={handlePointerDown}
        493 │ + → → → onPointerLeave={handlePointerLeave}
        494 │ + → → → onPointerMove={handlePointerMove}
        495 │ + → → → onPointerUp={handlePointerUp}
        496 │ + → → → ref={containerRef}
        497 │ + → → → style={useExternal·?·{·height:·viewport.height·}·:·undefined}
    498 498 │   		>
    499 499 │   			{/* Espaciador para representar la altura total del contenido y permitir scroll */}
  

src\components\features\file-browser\views\konva-grid-view.tsx:1:1 assist/source/organizeImports  FIXABLE  ━━━━━━━━━━

  × The imports and exports are not sorted.
  
  > 1 │ import React, { useEffect, useMemo, useRef, useState } from 'react';
      │ ^^^^^^^^^^^^^^^^^^^^^^^^^^^^^^^^^^^^^^^^^^^^^^^^^^^^^^^^^^^^^^^^^^^^
    2 │ import { Stage, Layer, Group, Rect, Image as KonvaImage } from 'react-konva';
    3 │ import { useSelectionStore } from '@/store/ui/selection.slice';
  
  i Safe fix: Organize Imports (Biome)
  
      1   1 │   import React, { useEffect, useMemo, useRef, useState } from 'react';␍
      2   2 │   import { Stage, Layer, Group, Rect, Image as KonvaImage } from 'react-konva';␍
      3     │ - import·{·useSelectionStore·}·from·'@/store/ui/selection.slice';␍
      4     │ - import·type·{·ClickModifiers·}·from·'../types/file-browser.types';␍
          3 │ + import·{·ThumbnailQuality·}·from·'@/lib/config/thumbnail.config';␍
          4 │ + import·{·useSelectionStore·}·from·'@/store/ui/selection.slice';␍
      5   5 │   import type { MediaItem } from '../components/media-thumbnail';␍
      6     │ - import·{·CanvasRenderConfig·}·from·'./canvas-config';␍
          6 │ + import·type·{·ClickModifiers·}·from·'../types/file-browser.types';␍
      7   7 │   import { generateThumbnailUrl, getFallbackIcon, useImageCache } from './canvas-common';␍
      8     │ - import·{·ThumbnailQuality·}·from·'@/lib/config/thumbnail.config';␍
          8 │ + import·{·CanvasRenderConfig·}·from·'./canvas-config';␍
      9   9 │   ␍
     10  10 │   export interface KonvaGridProps {␍
  

src\components\features\file-browser\views\konva-grid-view.tsx format ━━━━━━━━━━━━━━━━━━━━━━━━━━━━━━

  × Formatter would have printed the following content:
  
      1     │ - import·React,·{·useEffect,·useMemo,·useRef,·useState·}·from·'react';␍
      2     │ - import·{·Stage,·Layer,·Group,·Rect,·Image·as·KonvaImage·}·from·'react-konva';␍
      3     │ - import·{·useSelectionStore·}·from·'@/store/ui/selection.slice';␍
      4     │ - import·type·{·ClickModifiers·}·from·'../types/file-browser.types';␍
      5     │ - import·type·{·MediaItem·}·from·'../components/media-thumbnail';␍
      6     │ - import·{·CanvasRenderConfig·}·from·'./canvas-config';␍
      7     │ - import·{·generateThumbnailUrl,·getFallbackIcon,·useImageCache·}·from·'./canvas-common';␍
      8     │ - import·{·ThumbnailQuality·}·from·'@/lib/config/thumbnail.config';␍
      9     │ - ␍
     10     │ - export·interface·KonvaGridProps·{␍
     11     │ - ··items:·MediaItem[];␍
     12     │ - ··itemSize?:·number;␍
     13     │ - ··gap?:·number;␍
     14     │ - ··overscanRows?:·number;␍
     15     │ - ··scrollContainer?:·HTMLElement·|·null;␍
     16     │ - ··onItemClick?:·(item:·MediaItem,·modifiers?:·ClickModifiers)·=>·void;␍
     17     │ - ··onItemDoubleClick?:·(item:·MediaItem)·=>·void;␍
     18     │ - }␍
     19     │ - ␍
     20     │ - const·DEFAULTS·=·{␍
     21     │ - ··itemSize:·CanvasRenderConfig.grid.itemSize,␍
     22     │ - ··gap:·CanvasRenderConfig.grid.gap,␍
     23     │ - ··overscanRows:·CanvasRenderConfig.grid.overscanRows,␍
     24     │ - };␍
     25     │ - ␍
     26     │ - export·function·KonvaGridView({␍
     27     │ - ··items,␍
     28     │ - ··itemSize·=·DEFAULTS.itemSize,␍
     29     │ - ··gap·=·DEFAULTS.gap,␍
     30     │ - ··overscanRows·=·DEFAULTS.overscanRows,␍
     31     │ - ··scrollContainer·=·null,␍
     32     │ - ··onItemClick,␍
     33     │ - ··onItemDoubleClick,␍
     34     │ - }:·KonvaGridProps)·{␍
     35     │ - ··const·containerRef·=·useRef<HTMLDivElement·|·null>(null);␍
     36     │ - ··const·[viewport,·setViewport]·=·useState({·width:·0,·height:·0,·scrollTop:·0,·scrollLeft:·0,·offsetTop:·0·});␍
     37     │ - ··const·{·load,·get,·set·}·=·useImageCache();␍
     38     │ - ··const·isSelected·=·useSelectionStore((s)·=>·s.isSelected);␍
     39     │ - ␍
     40     │ - ··//·layout␍
     41     │ - ··const·columns·=·Math.max(1,·Math.floor(Math.max(0,·viewport.width·-·gap)·/·(itemSize·+·gap)));␍
     42     │ - ··const·cellSize·=·columns·>·0·?·Math.max(20,·Math.floor(Math.max(0,·viewport.width·-·(columns·+·1)·*·gap)·/·columns))·:·itemSize;␍
     43     │ - ··const·rowHeight·=·cellSize·+·gap;␍
     44     │ - ··const·totalRows·=·Math.ceil(items.length·/·columns);␍
     45     │ - ··const·totalHeight·=·totalRows·*·rowHeight·+·gap;␍
     46     │ - ··const·localScrollTop·=·Math.max(0,·viewport.scrollTop·-·(scrollContainer·?·viewport.offsetTop·:·0));␍
     47     │ - ··const·firstVisibleRow·=·Math.max(0,·Math.floor(localScrollTop·/·rowHeight)·-·overscanRows);␍
     48     │ - ··const·lastVisibleRow·=·Math.min(totalRows·-·1,·Math.floor((localScrollTop·+·viewport.height)·/·rowHeight)·+·overscanRows);␍
     49     │ - ··const·visibleRange·=·useMemo(()·=>·({·firstVisibleRow,·lastVisibleRow·}),·[firstVisibleRow,·lastVisibleRow]);␍
     50     │ - ␍
     51     │ - ··//·effects·viewport␍
     52     │ - ··useEffect(()·=>·{␍
     53     │ - ····const·internal·=·containerRef.current;␍
     54     │ - ····if·(!internal)·return;␍
     55     │ - ····let·host:·HTMLElement·|·null·=·scrollContainer·??·internal;␍
     56     │ - ␍
     57     │ - ····if·(!scrollContainer)·{␍
     58     │ - ······//·buscar·padre·con·overflow-auto·si·el·actual·no·lo·tiene␍
     59     │ - ······const·style·=·window.getComputedStyle(internal);␍
     60     │ - ······if·(!(style.overflow·===·'auto'·||·style.overflowY·===·'auto'))·{␍
     61     │ - ········let·parent·=·internal.parentElement;␍
     62     │ - ········while·(parent)·{␍
     63     │ - ··········const·ps·=·window.getComputedStyle(parent);␍
     64     │ - ··········if·(ps.overflow·===·'auto'·||·ps.overflowY·===·'auto')·{·host·=·parent;·break;·}␍
     65     │ - ··········parent·=·parent.parentElement;␍
     66     │ - ········}␍
     67     │ - ······}␍
     68     │ - ····}␍
     69     │ - ␍
     70     │ - ····if·(!host)·return;␍
     71     │ - ␍
     72     │ - ····const·computeOffsetTop·=·()·=>·{␍
     73     │ - ······if·(!host)·return·0;␍
     74     │ - ······const·hostRect·=·host.getBoundingClientRect();␍
     75     │ - ······const·selfRect·=·internal.getBoundingClientRect();␍
     76     │ - ······return·host.scrollTop·+·(selfRect.top·-·hostRect.top);␍
     77     │ - ····};␍
     78     │ - ␍
     79     │ - ····const·onScroll·=·()·=>·{␍
     80     │ - ······if·(!host)·return;␍
     81     │ - ······setViewport((v)·=>·({·...v,·scrollTop:·host.scrollTop,·scrollLeft:·host.scrollLeft,·offsetTop:·scrollContainer·?·computeOffsetTop()·:·0·}));␍
     82     │ - ····};␍
     83     │ - ␍
     84     │ - ····const·ro·=·new·ResizeObserver(()·=>·{␍
     85     │ - ······if·(!host)·return;␍
     86     │ - ······setViewport((v)·=>·({·...v,·width:·Math.floor(host.clientWidth),·height:·Math.floor(host.clientHeight),·offsetTop:·scrollContainer·?·computeOffsetTop()·:·0·}));␍
     87     │ - ····});␍
     88     │ - ····ro.observe(host);␍
     89     │ - ····ro.observe(internal);␍
     90     │ - ····host.addEventListener('scroll',·onScroll,·{·passive:·true·});␍
     91     │ - ␍
     92     │ - ····//·init␍
     93     │ - ····setViewport({·width:·host.clientWidth,·height:·host.clientHeight,·scrollTop:·host.scrollTop,·scrollLeft:·host.scrollLeft,·offsetTop:·scrollContainer·?·computeOffsetTop()·:·0·});␍
     94     │ - ····return·()·=>·{␍
     95     │ - ······ro.disconnect();␍
     96     │ - ······host.removeEventListener('scroll',·onScroll);␍
     97     │ - ····};␍
     98     │ - ··},·[scrollContainer]);␍
     99     │ - ␍
    100     │ - ··//·prefetch␍
    101     │ - ··useEffect(()·=>·{␍
    102     │ - ····const·startIndex·=·visibleRange.firstVisibleRow·*·columns;␍
    103     │ - ····const·endIndex·=·Math.min(items.length·-·1,·(visibleRange.lastVisibleRow·+·1)·*·columns·-·1);␍
    104     │ - ····(async·()·=>·{␍
    105     │ - ······for·(let·i·=·startIndex;·i·<=·endIndex;·i++)·{␍
    106     │ - ········const·it·=·items[i];␍
    107     │ - ········if·(!it)·continue;␍
    108     │ - ········const·key·=·it.id;␍
    109     │ - ········if·(get(key))·continue;␍
    110     │ - ········try·{␍
    111     │ - ··········const·src·=·await·generateThumbnailUrl(it,·ThumbnailQuality.MEDIUM);␍
    112     │ - ··········if·(src·&&·!/^[\u{1F300}-\u{1FAFF}]/u.test(src))·load(key,·src);␍
    113     │ - ··········else·set(key,·{·status:·'ready',·fallbackIcon:·src·});␍
    114     │ - ········}·catch·{␍
    115     │ - ··········set(key,·{·status:·'ready',·fallbackIcon:·getFallbackIcon(it.entityType)·});␍
    116     │ - ········}␍
    117     │ - ······}␍
    118     │ - ····})();␍
    119     │ - ··},·[visibleRange,·columns,·items,·load,·get,·set]);␍
    120     │ - ␍
    121     │ - ··//·helpers␍
    122     │ - ··const·startIndex·=·visibleRange.firstVisibleRow·*·columns;␍
    123     │ - ··const·endIndex·=·Math.min(items.length·-·1,·(visibleRange.lastVisibleRow·+·1)·*·columns·-·1);␍
    124     │ - ␍
    125     │ - ··//·clicks␍
    126     │ - ··const·handleClick·=·(e:·React.MouseEvent<HTMLDivElement>)·=>·{␍
    127     │ - ····const·rect·=·(e.currentTarget·as·HTMLDivElement).getBoundingClientRect();␍
    128     │ - ····const·x·=·e.clientX·-·rect.left·+·viewport.scrollLeft;␍
    129     │ - ····let·y·=·e.clientY·-·rect.top·+·viewport.scrollTop;␍
    130     │ - ····if·(scrollContainer)·y·-=·viewport.offsetTop;␍
    131     │ - ····const·col·=·Math.floor((x·-·gap)·/·(cellSize·+·gap));␍
    132     │ - ····const·row·=·Math.floor((y·-·gap)·/·(cellSize·+·gap));␍
    133     │ - ····if·(col·<·0·||·row·<·0)·return;␍
    134     │ - ····const·idx·=·row·*·columns·+·col;␍
    135     │ - ····if·(idx·<·0·||·idx·>=·items.length)·return;␍
    136     │ - ····onItemClick?.(items[idx]);␍
    137     │ - ··};␍
    138     │ - ␍
    139     │ - ··const·handleDoubleClick·=·(e:·React.MouseEvent<HTMLDivElement>)·=>·{␍
    140     │ - ····const·rect·=·(e.currentTarget·as·HTMLDivElement).getBoundingClientRect();␍
    141     │ - ····const·x·=·e.clientX·-·rect.left·+·viewport.scrollLeft;␍
    142     │ - ····let·y·=·e.clientY·-·rect.top·+·viewport.scrollTop;␍
    143     │ - ····if·(scrollContainer)·y·-=·viewport.offsetTop;␍
    144     │ - ····const·col·=·Math.floor((x·-·gap)·/·(cellSize·+·gap));␍
    145     │ - ····const·row·=·Math.floor((y·-·gap)·/·(cellSize·+·gap));␍
    146     │ - ····if·(col·<·0·||·row·<·0)·return;␍
    147     │ - ····const·idx·=·row·*·columns·+·col;␍
    148     │ - ····if·(idx·<·0·||·idx·>=·items.length)·return;␍
    149     │ - ····onItemDoubleClick?.(items[idx]);␍
    150     │ - ··};␍
  329 more lines truncated
  

src\components\features\file-browser\views\konva-grid-view.tsx:162:5 assist/source/useSortedAttributes  FIXABLE  ━━━━━━━━━━

  × The attributes are not sorted. 
  
    161 │   return (
  > 162 │     <div
        │     ^^^^
  > 163 │       ref={containerRef}
         ...
  > 170 │       data-testid="cards-view"
  > 171 │     >
        │     ^
    172 │       <div style={{ height: totalHeight }} />
    173 │       <div className="pointer-events-none absolute inset-0">
  
  i Safe fix: Sort the JSX props.
  
    161 161 │     return (␍
    162 162 │       <div␍
    163     │ - ······ref={containerRef}␍
    164     │ - ······className={scrollContainer·?·'relative·w-full'·:·'relative·h-full·w-full·overflow-auto'}␍
    165     │ - ······style={scrollContainer·?·{·height:·viewport.height·}·:·undefined}␍
    166     │ - ······onClick={handleClick}␍
    167     │ - ······onDoubleClick={handleDoubleClick}␍
    168     │ - ······onKeyDown={handleKeyDown}␍
        163 │ + ······className={scrollContainer·?·'relative·w-full'·:·'relative·h-full·w-full·overflow-auto'}␍
        164 │ + ······data-testid="cards-view"␍
        165 │ + ······onClick={handleClick}␍
        166 │ + ······onDoubleClick={handleDoubleClick}␍
        167 │ + ······onKeyDown={handleKeyDown}␍
        168 │ + ······ref={containerRef}␍
    169 169 │         role="application"␍
    170     │ - ······data-testid="cards-view"␍
        170 │ + ······style={scrollContainer·?·{·height:·viewport.height·}·:·undefined}␍
    171 171 │       >␍
    172 172 │         <div style={{ height: totalHeight }} />␍
  

src\components\features\file-browser\views\konva-grid-view.tsx:174:9 assist/source/useSortedAttributes  FIXABLE  ━━━━━━━━━━

  × The attributes are not sorted. 
  
    172 │       <div style={{ height: totalHeight }} />
    173 │       <div className="pointer-events-none absolute inset-0">
  > 174 │         <Stage width={viewport.width} height={viewport.height} listening={false}>
        │         ^^^^^^^^^^^^^^^^^^^^^^^^^^^^^^^^^^^^^^^^^^^^^^^^^^^^^^^^^^^^^^^^^^^^^^^^^
    175 │           <Layer>
    176 │             {/* Dibujar celdas visibles */}
  
  i Safe fix: Sort the JSX props.
  
    172 172 │         <div style={{ height: totalHeight }} />␍
    173 173 │         <div className="pointer-events-none absolute inset-0">␍
    174     │ - ········<Stage·width={viewport.width}·height={viewport.height}·listening={false}>␍
        174 │ + ········<Stage·height={viewport.height}·listening={false}·width={viewport.width}>␍
    175 175 │             <Layer>␍
    176 176 │               {/* Dibujar celdas visibles */}␍
  

src\components\features\file-browser\views\konva-grid-view.tsx:189:17 assist/source/useSortedAttributes  FIXABLE  ━━━━━━━━━━

  × The attributes are not sorted. 
  
    187 │               const sel = isSelected(it.id);
    188 │               return (
  > 189 │                 <Group key={it.id} x={x} y={y} listening={false}>
        │                 ^^^^^^^^^^^^^^^^^^^^^^^^^^^^^^^^^^^^^^^^^^^^^^^^^
    190 │                   <Rect x={0} y={0} width={cellSize} height={cellSize} fill="#111827" />
    191 │                   {sel ? <Rect x={1} y={1} width={cellSize - 2} height={cellSize - 2} stroke="#3b82f6" strokeWidth={CanvasRenderConfig.grid.borderWidth} /> : null}
  
  i Safe fix: Sort the JSX props.
  
    187 187 │                 const sel = isSelected(it.id);␍
    188 188 │                 return (␍
    189     │ - ················<Group·key={it.id}·x={x}·y={y}·listening={false}>␍
        189 │ + ················<Group·key={it.id}·listening={false}·x={x}·y={y}>␍
    190 190 │                     <Rect x={0} y={0} width={cellSize} height={cellSize} fill="#111827" />␍
    191 191 │                     {sel ? <Rect x={1} y={1} width={cellSize - 2} height={cellSize - 2} stroke="#3b82f6" strokeWidth={CanvasRenderConfig.grid.borderWidth} /> : null}␍
  

src\components\features\file-browser\views\konva-grid-view.tsx:190:19 assist/source/useSortedAttributes  FIXABLE  ━━━━━━━━━━

  × The attributes are not sorted. 
  
    188 │               return (
    189 │                 <Group key={it.id} x={x} y={y} listening={false}>
  > 190 │                   <Rect x={0} y={0} width={cellSize} height={cellSize} fill="#111827" />
        │                   ^^^^^^^^^^^^^^^^^^