Comando: bunx biome format --write .
Fecha: 2025-07-12T07:45:22.913Z
Directorio: D:\DEV\image-manager
Modo tolerante: SÍ
Tipo: Linting
===============================================
src\store\entities\concept\types.ts:1:28 parse ━━━━━━━━━━━━━━━━━━━━━━━━━━━━━━━━━━━━━━━━━━━━━━━━━━━━━

  × Declarations inside of a `import` declaration may not have duplicates
  
  > 1 │ import type { ConceptBase, ConceptBase, ConceptWithStats, ConceptWithStats } from '@/types/entities/concept/base';
      │                            ^^^^^^^^^^^
    2 │ import type { ConceptFilters, ConceptFilters, ConceptSortOption, ConceptSortOption, ConceptViewMode, ConceptViewMode } from '@/types/entities/concept/types';
    3 │ import { EntityType, EntityType } from '@/types/entities/entities';
  
  i a second declaration of `ConceptBase` is not allowed
  
  > 1 │ import type { ConceptBase, ConceptBase, ConceptWithStats, ConceptWithStats } from '@/types/entities/concept/base';
      │                            ^^^^^^^^^^^
    2 │ import type { ConceptFilters, ConceptFilters, ConceptSortOption, ConceptSortOption, ConceptViewMode, ConceptViewMode } from '@/types/entities/concept/types';
    3 │ import { EntityType, EntityType } from '@/types/entities/entities';
  
  i `ConceptBase` is first declared here
  
  > 1 │ import type { ConceptBase, ConceptBase, ConceptWithStats, ConceptWithStats } from '@/types/entities/concept/base';
      │               ^^^^^^^^^^^
    2 │ import type { ConceptFilters, ConceptFilters, ConceptSortOption, ConceptSortOption, ConceptViewMode, ConceptViewMode } from '@/types/entities/concept/types';
    3 │ import { EntityType, EntityType } from '@/types/entities/entities';
  

src\store\entities\concept\types.ts:1:59 parse ━━━━━━━━━━━━━━━━━━━━━━━━━━━━━━━━━━━━━━━━━━━━━━━━━━━━━

  × Declarations inside of a `import` declaration may not have duplicates
  
  > 1 │ import type { ConceptBase, ConceptBase, ConceptWithStats, ConceptWithStats } from '@/types/entities/concept/base';
      │                                                           ^^^^^^^^^^^^^^^^
    2 │ import type { ConceptFilters, ConceptFilters, ConceptSortOption, ConceptSortOption, ConceptViewMode, ConceptViewMode } from '@/types/entities/concept/types';
    3 │ import { EntityType, EntityType } from '@/types/entities/entities';
  
  i a second declaration of `ConceptWithStats` is not allowed
  
  > 1 │ import type { ConceptBase, ConceptBase, ConceptWithStats, ConceptWithStats } from '@/types/entities/concept/base';
      │                                                           ^^^^^^^^^^^^^^^^
    2 │ import type { ConceptFilters, ConceptFilters, ConceptSortOption, ConceptSortOption, ConceptViewMode, ConceptViewMode } from '@/types/entities/concept/types';
    3 │ import { EntityType, EntityType } from '@/types/entities/entities';
  
  i `ConceptWithStats` is first declared here
  
  > 1 │ import type { ConceptBase, ConceptBase, ConceptWithStats, ConceptWithStats } from '@/types/entities/concept/base';
      │                                         ^^^^^^^^^^^^^^^^
    2 │ import type { ConceptFilters, ConceptFilters, ConceptSortOption, ConceptSortOption, ConceptViewMode, ConceptViewMode } from '@/types/entities/concept/types';
    3 │ import { EntityType, EntityType } from '@/types/entities/entities';
  

src\store\entities\concept\types.ts:2:31 parse ━━━━━━━━━━━━━━━━━━━━━━━━━━━━━━━━━━━━━━━━━━━━━━━━━━━━━

  × Declarations inside of a `import` declaration may not have duplicates
  
    1 │ import type { ConceptBase, ConceptBase, ConceptWithStats, ConceptWithStats } from '@/types/entities/concept/base';
  > 2 │ import type { ConceptFilters, ConceptFilters, ConceptSortOption, ConceptSortOption, ConceptViewMode, ConceptViewMode } from '@/types/entities/concept/types';
      │                               ^^^^^^^^^^^^^^
    3 │ import { EntityType, EntityType } from '@/types/entities/entities';
    4 │ 
  
  i a second declaration of `ConceptFilters` is not allowed
  
    1 │ import type { ConceptBase, ConceptBase, ConceptWithStats, ConceptWithStats } from '@/types/entities/concept/base';
  > 2 │ import type { ConceptFilters, ConceptFilters, ConceptSortOption, ConceptSortOption, ConceptViewMode, ConceptViewMode } from '@/types/entities/concept/types';
      │                               ^^^^^^^^^^^^^^
    3 │ import { EntityType, EntityType } from '@/types/entities/entities';
    4 │ 
  
  i `ConceptFilters` is first declared here
  
    1 │ import type { ConceptBase, ConceptBase, ConceptWithStats, ConceptWithStats } from '@/types/entities/concept/base';
  > 2 │ import type { ConceptFilters, ConceptFilters, ConceptSortOption, ConceptSortOption, ConceptViewMode, ConceptViewMode } from '@/types/entities/concept/types';
      │               ^^^^^^^^^^^^^^
    3 │ import { EntityType, EntityType } from '@/types/entities/entities';
    4 │ 
  

src\store\entities\concept\types.ts:2:66 parse ━━━━━━━━━━━━━━━━━━━━━━━━━━━━━━━━━━━━━━━━━━━━━━━━━━━━━

  × Declarations inside of a `import` declaration may not have duplicates
  
    1 │ import type { ConceptBase, ConceptBase, ConceptWithStats, ConceptWithStats } from '@/types/entities/concept/base';
  > 2 │ import type { ConceptFilters, ConceptFilters, ConceptSortOption, ConceptSortOption, ConceptViewMode, ConceptViewMode } from '@/types/entities/concept/types';
      │                                                                  ^^^^^^^^^^^^^^^^^
    3 │ import { EntityType, EntityType } from '@/types/entities/entities';
    4 │ 
  
  i a second declaration of `ConceptSortOption` is not allowed
  
    1 │ import type { ConceptBase, ConceptBase, ConceptWithStats, ConceptWithStats } from '@/types/entities/concept/base';
  > 2 │ import type { ConceptFilters, ConceptFilters, ConceptSortOption, ConceptSortOption, ConceptViewMode, ConceptViewMode } from '@/types/entities/concept/types';
      │                                                                  ^^^^^^^^^^^^^^^^^
    3 │ import { EntityType, EntityType } from '@/types/entities/entities';
    4 │ 
  
  i `ConceptSortOption` is first declared here
  
    1 │ import type { ConceptBase, ConceptBase, ConceptWithStats, ConceptWithStats } from '@/types/entities/concept/base';
  > 2 │ import type { ConceptFilters, ConceptFilters, ConceptSortOption, ConceptSortOption, ConceptViewMode, ConceptViewMode } from '@/types/entities/concept/types';
      │                                               ^^^^^^^^^^^^^^^^^
    3 │ import { EntityType, EntityType } from '@/types/entities/entities';
    4 │ 
  

src\store\entities\concept\types.ts:2:102 parse ━━━━━━━━━━━━━━━━━━━━━━━━━━━━━━━━━━━━━━━━━━━━━━━━━━━━

  × Declarations inside of a `import` declaration may not have duplicates
  
    1 │ import type { ConceptBase, ConceptBase, ConceptWithStats, ConceptWithStats } from '@/types/entities/concept/base';
  > 2 │ import type { ConceptFilters, ConceptFilters, ConceptSortOption, ConceptSortOption, ConceptViewMode, ConceptViewMode } from '@/types/entities/concept/types';
      │                                                                                                      ^^^^^^^^^^^^^^^
    3 │ import { EntityType, EntityType } from '@/types/entities/entities';
    4 │ 
  
  i a second declaration of `ConceptViewMode` is not allowed
  
    1 │ import type { ConceptBase, ConceptBase, ConceptWithStats, ConceptWithStats } from '@/types/entities/concept/base';
  > 2 │ import type { ConceptFilters, ConceptFilters, ConceptSortOption, ConceptSortOption, ConceptViewMode, ConceptViewMode } from '@/types/entities/concept/types';
      │                                                                                                      ^^^^^^^^^^^^^^^
    3 │ import { EntityType, EntityType } from '@/types/entities/entities';
    4 │ 
  
  i `ConceptViewMode` is first declared here
  
    1 │ import type { ConceptBase, ConceptBase, ConceptWithStats, ConceptWithStats } from '@/types/entities/concept/base';
  > 2 │ import type { ConceptFilters, ConceptFilters, ConceptSortOption, ConceptSortOption, ConceptViewMode, ConceptViewMode } from '@/types/entities/concept/types';
      │                                                                                     ^^^^^^^^^^^^^^^
    3 │ import { EntityType, EntityType } from '@/types/entities/entities';
    4 │ 
  

src\store\entities\concept\types.ts:3:22 parse ━━━━━━━━━━━━━━━━━━━━━━━━━━━━━━━━━━━━━━━━━━━━━━━━━━━━━

  × Declarations inside of a `import` declaration may not have duplicates
  
    1 │ import type { ConceptBase, ConceptBase, ConceptWithStats, ConceptWithStats } from '@/types/entities/concept/base';
    2 │ import type { ConceptFilters, ConceptFilters, ConceptSortOption, ConceptSortOption, ConceptViewMode, ConceptViewMode } from '@/types/entities/concept/types';
  > 3 │ import { EntityType, EntityType } from '@/types/entities/entities';
      │                      ^^^^^^^^^^
    4 │ 
    5 │ /**
  
  i a second declaration of `EntityType` is not allowed
  
    1 │ import type { ConceptBase, ConceptBase, ConceptWithStats, ConceptWithStats } from '@/types/entities/concept/base';
    2 │ import type { ConceptFilters, ConceptFilters, ConceptSortOption, ConceptSortOption, ConceptViewMode, ConceptViewMode } from '@/types/entities/concept/types';
  > 3 │ import { EntityType, EntityType } from '@/types/entities/entities';
      │                      ^^^^^^^^^^
    4 │ 
    5 │ /**
  
  i `EntityType` is first declared here
  
    1 │ import type { ConceptBase, ConceptBase, ConceptWithStats, ConceptWithStats } from '@/types/entities/concept/base';
    2 │ import type { ConceptFilters, ConceptFilters, ConceptSortOption, ConceptSortOption, ConceptViewMode, ConceptViewMode } from '@/types/entities/concept/types';
  > 3 │ import { EntityType, EntityType } from '@/types/entFormatted 1462 files in 3s. No fixes applied.
Found 6 errors.
ities/entities';
      │          ^^^^^^^^^^
    4 │ 
    5 │ /**
  

src\store\entities\concept\types.ts format ━━━━━━━━━━━━━━━━━━━━━━━━━━━━━━━━━━━━━━━━━━━━━━━━━━━━━━━━━

  × Code formatting aborted due to parsing errors. To format code with errors, enable the 'formatter.formatWithErrors' option.
  

format ━━━━━━━━━━━━━━━━━━━━━━━━━━━━━━━━━━━━━━━━━━━━━━━━━━━━━━━━━━━━━━━━━━━━━━━━━━━━━━━━━━━━━━━━━━━━━

  × Some errors were emitted while running checks.
  

