📊 RESUMEN DE ERRORES
Total de archivos con errores: 1
Cantidad total de errores: 2

📁 ARCHIVOS AFECTADOS:
  src\router.tsx (líneas: 1)

📋 DETALLE POR ARCHIVO:

src\router.tsx
  - línea 1 : assist/source/organizeImports
  - línea 1 : lint/correctness/noUnusedImports

════════════════════════════════════════════════════════════════════════════════
📄 LOG ORIGINAL:
════════════════════════════════════════════════════════════════════════════════

Comando: bunx biome check --max-diagnostics=500 .
Fecha: 2025-08-30T03:52:45.919Z
Directorio: D:\DEV\image-manager
Modo tolerante: SÍ
Tipo: Linting
===============================================
src\router.tsx:1:1 assist/source/organizeImports  FIXABLE  ━━━━━━━━━━━━━━━━━━━━━━━━━━━━━━━━━━━━━━━━━

  × The imports and exports are not sorted.
  
  > 1 │ import React, { lazy, Suspense } from 'react';
      │ ^^^^^^^^^^^^^^^^^^^^^^^^^^^^^^^^^^^^^^^^^^^^^^
    2 │ import { RootProvider } from 'fumadocs-ui/provider/base';
    3 │ import { createBrowserRouter, useParams } from 'react-router-dom';
  
  i Safe fix: Organize Imports (Biome)
  
      1     │ - import·React,·{·lazy,·Suspense·}·from·'react';
      2     │ - import·{·RootProvider·}·from·'fumadocs-ui/provider/base';
          1 │ + import·{·RootProvider·}·from·'fumadocs-ui/provider/base';
          2 │ + import·React,·{·lazy,·Suspense·}·from·'react';
      3   3 │   import { createBrowserRouter, useParams } from 'react-router-dom';
      4   4 │   import { MainLayout } from '@/components/layout/main-layout';
  

src\router.tsx:1:8 lint/correctness/noUnusedImports  FIXABLE  ━━━━━━━━━━━━━━━━━━━━━━━━━━━━━━━━━━━━━━

  × These imports are unused.
  
  > 1 │ import React, { lazy, Suspense } from 'react';
      │        ^^^^^
    2 │ import { RootProvider } from 'fumadocs-ui/provider/base';
    3 │ import { createBrowserRouter, useParams } from 'react-router-dom';
  
  i Unused imports might be the result of an incomplete refactoring.
  
  i Unsafe fix: Remove the unused imports.
  
    1 │ import·React,·{·lazy,·Suspense·}·from·'react';
      │        -------                                

src\router.tsx format ━━━━━━━━━━━━━━━━━━━━━━━━━━━━━━━━━━━━━━━━━━━━━━━━━━━━━━━━━━━━━━━━━━━━━━━━━━━━━━

Checked 1714 files in 2s. No fixes applied.
Found 3 errors.
  × Formatter would have printed the following content:
  
    51 │ → → <Suspense·fallback={<div·/>}>·
       │                                  -

check ━━━━━━━━━━━━━━━━━━━━━━━━━━━━━━━━━━━━━━━━━━━━━━━━━━━━━━━━━━━━━━━━━━━━━━━━━━━━━━━━━━━━━━━━━━━━━━

  × Some errors were emitted while running checks.
  

