Comando: bunx eslint .
Fecha: 2025-07-08T04:52:55.610Z
Directorio: D:\DEV\image-manager
Modo tolerante: SÍ
Tipo: Linting
===============================================

D:\DEV\image-manager\src\components\views\albums\albums-view.tsx
  99:4  error  Unexpected alert  no-alert

D:\DEV\image-manager\src\components\views\characters\characters-view.tsx
  62:4  error  Unexpected alert  no-alert

D:\DEV\image-manager\src\components\views\collections\collections-view.tsx
  53:4  error  Unexpected alert  no-alert

D:\DEV\image-manager\src\components\views\documents\documents-view.tsx
  66:4  error  Unexpected alert  no-alert

D:\DEV\image-manager\src\components\views\favorites\favorites-view.tsx
  61:4  error  Unexpected alert  no-alert

D:\DEV\image-manager\src\components\views\file3d\file3d-view.tsx
  66:4  error  Unexpected alert  no-alert

D:\DEV\image-manager\src\components\views\json-files\json-files-view.tsx
  122:48  error  Parsing error: Invalid character

D:\DEV\image-manager\src\components\views\notes\notes-view.tsx
  39:4  error  Unexpected alert  no-alert

D:\DEV\image-manager\src\components\views\places\places-view.tsx
  61:4  error  Unexpected alert  no-alert

D:\DEV\image-manager\src\components\views\prompts\prompts-view.tsx
  73:4  error  Unexpected alert  no-alert

D:\DEV\image-manager\src\components\views\properties\properties-view.tsx
  38:4  error  Unexpected alert  no-alert

D:\DEV\image-manager\src\components\views\wildcards\wildcards-view.tsx
  62:4  error  Unexpected alert  no-alert

D:\DEV\image-manager\src\components\views\workflows\workflows-view.tsx
  39:4  error  Unexpected alert  no-alert

D:\DEV\image-manager\src\types\entities\uploaded-image\types.ts
  69:18  error  'UploadedImageExtended' is already defined  no-redeclare

✖ 14 problems (14 errors, 0 warnings)

