Comando: bunx eslint .
Fecha: 2025-07-28T01:57:42.612Z
Directorio: D:\DEV\image-manager
Modo tolerante: SÍ
Tipo: Linting
===============================================

D:\DEV\image-manager\src\components\settings\folders\folder-card.tsx
  364:32  warning  Forbidden non-null assertion  @typescript-eslint/no-non-null-assertion

D:\DEV\image-manager\src\components\ui\silk-background.tsx
  6:1  error  Definition for rule 'react/no-unknown-property' was not found  react/no-unknown-property

D:\DEV\image-manager\src\components\views\characters\characters-view.tsx
  12:32  error  Unexpected empty object pattern  no-empty-pattern

D:\DEV\image-manager\src\server\services\video.server.service.ts
  357:60  warning  Forbidden non-null assertion  @typescript-eslint/no-non-null-assertion
  362:77  warning  Forbidden non-null assertion  @typescript-eslint/no-non-null-assertion
  364:77  warning  Forbidden non-null assertion  @typescript-eslint/no-non-null-assertion

D:\DEV\image-manager\src\services\activity\activity.service.ts
  371:14  error  'ActivityService' is already defined  no-redeclare

D:\DEV\image-manager\src\transformers\prompt\mappers.ts
  346:37  warning  Forbidden non-null assertion  @typescript-eslint/no-non-null-assertion

✖ 8 problems (3 errors, 5 warnings)

