Comando: bunx eslint . --fix
Fecha: 2025-07-26T20:52:27.740Z
Directorio: D:\DEV\image-manager
Modo tolerante: SÍ
Tipo: Linting
===============================================

D:\DEV\image-manager\src\components\cards\world-item-card\world-item-card.tsx
  389:17  warning  Forbidden non-null assertion  @typescript-eslint/no-non-null-assertion

D:\DEV\image-manager\src\components\settings\folders\folder-card.tsx
  365:32  warning  Forbidden non-null assertion  @typescript-eslint/no-non-null-assertion

D:\DEV\image-manager\src\components\ui\silk-background.tsx
  6:1  error  Definition for rule 'react/no-unknown-property' was not found  react/no-unknown-property

D:\DEV\image-manager\src\components\views\characters\characters-view.tsx
  13:32  error  Unexpected empty object pattern  no-empty-pattern

D:\DEV\image-manager\src\server\services\video.server.service.ts
  357:60  warning  Forbidden non-null assertion  @typescript-eslint/no-non-null-assertion
  362:77  warning  Forbidden non-null assertion  @typescript-eslint/no-non-null-assertion
  364:77  warning  Forbidden non-null assertion  @typescript-eslint/no-non-null-assertion

D:\DEV\image-manager\src\services\activity\activity.service.ts
  371:14  error  'ActivityService' is already defined  no-redeclare

D:\DEV\image-manager\src\services\file-entity-mapper\file-entity-mapper.service.ts
  143:67  warning  Forbidden non-null assertion  @typescript-eslint/no-non-null-assertion
  147:49  warning  Forbidden non-null assertion  @typescript-eslint/no-non-null-assertion
  151:49  warning  Forbidden non-null assertion  @typescript-eslint/no-non-null-assertion
  155:51  warning  Forbidden non-null assertion  @typescript-eslint/no-non-null-assertion
  159:55  warning  Forbidden non-null assertion  @typescript-eslint/no-non-null-assertion
  211:13  warning  Forbidden non-null assertion  @typescript-eslint/no-non-null-assertion
  224:13  warning  Forbidden non-null assertion  @typescript-eslint/no-non-null-assertion
  238:13  warning  Forbidden non-null assertion  @typescript-eslint/no-non-null-assertion
  275:13  warning  Forbidden non-null assertion  @typescript-eslint/no-non-null-assertion
  308:13  warning  Forbidden non-null assertion  @typescript-eslint/no-non-null-assertion

D:\DEV\image-manager\src\store\entities\character\slices\filters.ts
  293:6  error  Unexpected lexical declaration in case block  no-case-declarations

D:\DEV\image-manager\src\store\entities\collection\slices\filters.ts
  244:7  error  Unexpected lexical declaration in case block  no-case-declarations

D:\DEV\image-manager\src\transformers\prompt\mappers.ts
  338:35  warning  Forbidden non-null assertion  @typescript-eslint/no-non-null-assertion

✖ 21 problems (5 errors, 16 warnings)

