Comando: npx eslint .
Fecha: 2025-06-26T23:12:52.897Z
Directorio: D:\DEV\image-manager
Modo tolerante: SÍ
Tipo: Linting
===============================================

Oops! Something went wrong! :(

ESLint: 9.29.0

Error [ERR_MODULE_NOT_FOUND]: Cannot find package '@eslint/js' imported from D:\DEV\image-manager\eslint.config.js
Did you mean to import "@eslint/js/src/index.js"?
    at Object.getPackageJSONURL (node:internal/modules/package_json_reader:256:9)
    at packageResolve (node:internal/modules/esm/resolve:768:81)
    at moduleResolve (node:internal/modules/esm/resolve:854:18)
    at defaultResolve (node:internal/modules/esm/resolve:984:11)
    at ModuleLoader.defaultResolve (node:internal/modules/esm/loader:780:12)
    at #cachedDefaultResolve (node:internal/modules/esm/loader:704:25)
    at ModuleLoader.resolve (node:internal/modules/esm/loader:687:38)
    at ModuleLoader.getModuleJobForImport (node:internal/modules/esm/loader:305:38)
    at ModuleJob._link (node:internal/modules/esm/module_job:137:49)
(node:28008) [MODULE_TYPELESS_PACKAGE_JSON] Warning: Module type of file:///D:/DEV/image-manager/eslint.config.js?mtime=1750979359810 is not specified and it doesn't parse as CommonJS.
Reparsing as ES module because module syntax was detected. This incurs a performance overhead.
To eliminate this warning, add "type": "module" to D:\DEV\image-manager\package.json.
(Use `node --trace-warnings ...` to show where the warning was created)
