Comando: bunx eslint .
Fecha: 2025-07-05T03:07:55.600Z
Directorio: D:\DEV\image-manager
Modo tolerante: SÍ
Tipo: Linting
===============================================

D:\DEV\image-manager\src\components\cards\audio-card\audio-card.tsx
   14:10  error  'React' is not defined  no-undef
   92:7   error  'React' is not defined  no-undef
  107:7   error  'React' is not defined  no-undef

D:\DEV\image-manager\src\components\cards\card-container.tsx
   4:38  error  'React' is not defined  no-undef
  14:10  error  'React' is not defined  no-undef
  16:12  error  'React' is not defined  no-undef
  33:25  error  'React' is not defined  no-undef
  42:20  error  'React' is not defined  no-undef

D:\DEV\image-manager\src\components\cards\concept-card\concept-card-content.tsx
  70:26  error  'getConceptCounts' is not defined  no-undef

D:\DEV\image-manager\src\components\cards\concept-card\concept-card-images.tsx
  31:24  error  'getRecentConceptImages' is not defined  no-undef

D:\DEV\image-manager\src\components\cards\concept-card\concept-card.tsx
   16:10  error  'React' is not defined  no-undef
  129:7   error  'React' is not defined  no-undef

D:\DEV\image-manager\src\components\cards\file3d-card\file3d-card.tsx
  119:7  error  'React' is not defined  no-undef

D:\DEV\image-manager\src\components\cards\group-card\group-card.tsx
  92:22  error  'useCallback' is not defined  no-undef
  98:24  error  'useCallback' is not defined  no-undef

D:\DEV\image-manager\src\components\cards\hooks\use-card-layout.ts
   24:19  error  'React' is not defined  no-undef
  258:38  error  'React' is not defined  no-undef
  259:17  error  'React' is not defined  no-undef

D:\DEV\image-manager\src\components\cards\image-card\image-card-improved.tsx
  22:24  error  'ImageCardData' is not defined     no-undef
  57:36  error  'useState' is not defined          no-undef
  57:45  error  'ImageCardData' is not defined     no-undef
  58:36  error  'useState' is not defined          no-undef
  59:28  error  'useState' is not defined          no-undef
  60:36  error  'useState' is not defined          no-undef
  65:2   error  'useEffect' is not defined         no-undef
  69:24  error  'getImageCardData' is not defined  no-undef

D:\DEV\image-manager\src\components\cards\image-card\image-card.tsx
   69:6   error  'getAspectRatioClass' is not defined         no-undef
   70:6   error  'getVariantClasses' is not defined           no-undef
   85:6   error  'getAspectRatioClass' is not defined         no-undef
   86:6   error  'getVariantClasses' is not defined           no-undef
  131:5   error  'getAspectRatioClass' is not defined         no-undef
  132:5   error  'getVariantClasses' is not defined           no-undef
  140:20  error  'React' is not defined                       no-undef
  244:17  error  'getHumanReadableDimensions' is not defined  no-undef

D:\DEV\image-manager\src\components\cards\json-file-card\json-file-card.tsx
  155:7  error  'React' is not defined  no-undef

D:\DEV\image-manager\src\components\cards\note-card\note-card.tsx
   16:10  error  'React' is not defined  no-undef
  114:7   error  'React' is not defined  no-undef

D:\DEV\image-manager\src\components\cards\place-card\place-card-images.tsx
  79:30  error  'React' is not defined  no-undef

D:\DEV\image-manager\src\components\cards\place-card\place-card.tsx
   23:24  error  'PlaceWithStats' is not defined  no-undef
  148:7   error  'React' is not defined           no-undef

D:\DEV\image-manager\src\components\cards\prompt-card\prompt-card-content.tsx
  229:8  error  'React' is not defined  no-undef

D:\DEV\image-manager\src\components\cards\prompt-card\prompt-card-grid.tsx
  69:27  error  'searchPrompts' is not defined  no-undef
  90:33  error  'React' is not defined          no-undef

D:\DEV\image-manager\src\components\cards\prompt-card\prompt-card.tsx
   28:10  error  'React' is not defined            no-undef
  148:7   error  'React' is not defined            no-undef
  193:4   error  'promptsCount' is not defined     no-undef
  196:4   error  'placesCount' is not defined      no-undef
  197:4   error  'worldItemsCount' is not defined  no-undef
  231:3   error  'promptsCount' is not defined     no-undef
  234:3   error  'placesCount' is not defined      no-undef
  235:3   error  'worldItemsCount' is not defined  no-undef

D:\DEV\image-manager\src\components\cards\world-item-card\world-item-card-images.tsx
  26:24  error  'getRecentWorldItemImages' is not defined  no-undef

D:\DEV\image-manager\src\components\cards\world-item-card\world-item-card.tsx
   14:28  error  'WorldItemWithStats' is not defined  no-undef
   16:10  error  'React' is not defined               no-undef
  132:22  error  'React' is not defined               no-undef
  212:7   error  'React' is not defined               no-undef

D:\DEV\image-manager\src\components\core\forms\base\text-input\component.tsx
  10:41  error  'React' is not defined  no-undef

D:\DEV\image-manager\src\components\core\forms\fields\text-input\component.tsx
   2:3   error  'label' is not defined          no-undef
   2:13  error  'Label' is not defined          no-undef
   2:28  error  'id' is not defined             no-undef
   2:33  error  'label' is not defined          no-undef
   2:41  error  'Label' is not defined          no-undef
   3:3   error  'BaseTextInput' is not defined  no-undef
   4:7   error  'id' is not defined             no-undef
   5:9   error  'name' is not defined           no-undef
   6:10  error  'value' is not defined          no-undef
   7:13  error  'onChange' is not defined       no-undef
   8:16  error  'placeholder' is not defined    no-undef
   9:9   error  'type' is not defined           no-undef
  10:14  error  'maxLength' is not defined      no-undef
  11:13  error  'required' is not defined       no-undef
  12:13  error  'disabled' is not defined       no-undef
  13:14  error  'className' is not defined      no-undef
  14:8   error  'props' is not defined          no-undef
  16:3   error  'error' is not defined          no-undef
  16:54  error  'error' is not defined          no-undef

D:\DEV\image-manager\src\components\entities\profile\ProfileControls.tsx
  36:7  error  'React' is not defined  no-undef

D:\DEV\image-manager\src\components\features\file-browser\components\grid-item.tsx
  32:16  error  'React' is not defined  no-undef

D:\DEV\image-manager\src\components\features\file-browser\context-menu\components\enhanced-submenu.tsx
  28:8  error  'React' is not defined  no-undef

D:\DEV\image-manager\src\components\features\file-browser\context-menu\components\entity-submenu.tsx
  43:35  error  'React' is not defined  no-undef

D:\DEV\image-manager\src\components\features\file-browser\context-menu\components\submenu-search.tsx
  24:7  error  'React' is not defined  no-undef

D:\DEV\image-manager\src\components\features\file-browser\context-menu\context-action-handler.ts
  206:9  error  Unexpected confirm  no-alert

D:\DEV\image-manager\src\components\features\file-browser\context-menu\hooks\use-entity-loader.ts
  125:17  error  'NodeJS' is not defined  no-undef

D:\DEV\image-manager\src\components\features\file-browser\file-browser.tsx
  129:21  error  'filterType' is not defined  no-undef
  134:56  error  'filterType' is not defined  no-undef
  148:21  error  'filterType' is not defined  no-undef
  170:41  error  'filterType' is not defined  no-undef
  187:23  error  'filterType' is not defined  no-undef
  210:21  error  'filterType' is not defined  no-undef

D:\DEV\image-manager\src\components\features\file-browser\filters\search-bar.tsx
  49:39  error  'React' is not defined  no-undef

D:\DEV\image-manager\src\components\features\file-browser\views\list-view.tsx
  29:42  error  'React' is not defined  no-undef
  34:33  error  'React' is not defined  no-undef

D:\DEV\image-manager\src\components\features\file-browser\views\masonry-view.tsx
  18:42  error  'React' is not defined  no-undef

D:\DEV\image-manager\src\components\features\file-browser\views\simple-grid-view.tsx
  18:42  error  'React' is not defined  no-undef

D:\DEV\image-manager\src\components\features\file-browser\views\virtualizer-wrapper.tsx
  93:44  error  'NodeJS' is not defined  no-undef

D:\DEV\image-manager\src\components\navigation\components\nav-main-navigation.tsx
  36:4  error  'NavigationItem' is not defined  no-undef

D:\DEV\image-manager\src\components\panels\details-panel\entities\video-details.tsx
  135:26  error  'HTMLVideoElement' is not defined  no-undef

D:\DEV\image-manager\src\components\panels\details-panel\registry-setup.ts
  32:7  error  Parsing error: '>' expected

D:\DEV\image-manager\src\components\panels\stats-panel\stats-client.tsx
  6:70  error  'React' is not defined  no-undef

D:\DEV\image-manager\src\components\settings\albums\albums-settings.tsx
  14:30  error  'React' is not defined  no-undef
  60:7   error  'React' is not defined  no-undef

D:\DEV\image-manager\src\components\settings\concepts\create-concept-form.tsx
  49:32  error  'useCreateConcept' is not defined  no-undef
  50:32  error  'useUpdateConcept' is not defined  no-undef

D:\DEV\image-manager\src\components\settings\folders\folder-progress-details.tsx
  27:31  error  'NodeJS' is not defined  no-undef

D:\DEV\image-manager\src\components\settings\folders\hooks\use-folders-operations.ts
  148:10  error  'reindexAllFoldersMutation' is not defined  no-undef

D:\DEV\image-manager\src\components\settings\folders\hooks\use-folders-polling.ts
  29:33  error  'NodeJS' is not defined  no-undef

D:\DEV\image-manager\src\components\settings\groups\groups-settings.tsx
  260:25  error  'React' is not defined  no-undef

D:\DEV\image-manager\src\components\settings\notes\notes-settings.tsx
  323:33  error  'formatDate' is not defined  no-undef

D:\DEV\image-manager\src\components\settings\places\create-place-form.tsx
  72:30  error  'useCreatePlace' is not defined  no-undef
  73:30  error  'useUpdatePlace' is not defined  no-undef

D:\DEV\image-manager\src\components\settings\places\places-settings.tsx
  18:30  error  'React' is not defined  no-undef

D:\DEV\image-manager\src\components\settings\prompts\prompts-settings.tsx
  96:38  error  'React' is not defined  no-undef

D:\DEV\image-manager\src\components\settings\properties\properties-settings.tsx
  240:26  error  'React' is not defined  no-undef

D:\DEV\image-manager\src\components\settings\shortcuts\shortcuts-settings.tsx
  62:36  error  'InterfacePreferences' is not defined  no-undef

D:\DEV\image-manager\src\components\settings\tags\create-tag-form.tsx
  61:28  error  'useCreateTag' is not defined  no-undef
  62:28  error  'useUpdateTag' is not defined  no-undef

D:\DEV\image-manager\src\components\settings\thumbnails\thumbnails-settings.tsx
  42:52  error  'useThumbnail' is not defined  no-undef

D:\DEV\image-manager\src\components\settings\uploaded-images\uploaded-images-settings.tsx
  55:53  error  'useUploadedImageStats' is not defined  no-undef
  56:31  error  'useUploadImages' is not defined        no-undef

D:\DEV\image-manager\src\components\settings\wildcards\wildcards-settings.tsx
  244:25  error  'WildcardCreateInput' is not defined  no-undef
  267:25  error  'WildcardUpdateInput' is not defined  no-undef
  300:36  error  'React' is not defined                no-undef
  306:36  error  'React' is not defined                no-undef
  330:27  error  'React' is not defined                no-undef
  350:25  error  'React' is not defined                no-undef

D:\DEV\image-manager\src\components\settings\world-items\world-items-settings.tsx
  391:26  error  'React' is not defined  no-undef

D:\DEV\image-manager\src\components\toolbar\main-toolbar.tsx
  105:7  error  Unexpected confirm  no-alert
  125:3  error  Unexpected alert    no-alert

D:\DEV\image-manager\src\components\ui\aspect-ratio.tsx
  5:36  error  'React' is not defined  no-undef

D:\DEV\image-manager\src\components\ui\collapsible.tsx
   5:36  error  'React' is not defined  no-undef
   9:43  error  'React' is not defined  no-undef
  13:43  error  'React' is not defined  no-undef

D:\DEV\image-manager\src\components\ui\color-picker.tsx
  46:32  error  'React' is not defined  no-undef

D:\DEV\image-manager\src\components\ui\empty-state.tsx
  9:12  error  'React' is not defined  no-undef

D:\DEV\image-manager\src\components\ui\entity-filter.tsx
  81:9  error  'React' is not defined  no-undef

D:\DEV\image-manager\src\components\ui\entity-header.tsx
   30:9   error  'React' is not defined  no-undef
   77:9   error  'React' is not defined  no-undef
  140:17  error  'React' is not defined  no-undef
  230:9   error  'React' is not defined  no-undef
  235:10  error  'React' is not defined  no-undef

D:\DEV\image-manager\src\components\ui\entity-list.tsx
  62:15  error  'React' is not defined  no-undef

D:\DEV\image-manager\src\components\ui\entity-stats.tsx
  19:9  error  'React' is not defined  no-undef

D:\DEV\image-manager\src\components\ui\particles.tsx
  10:10  error  'MousePosition' is already defined  no-redeclare
  92:31  error  'NodeJS' is not defined             no-undef

D:\DEV\image-manager\src\components\ui\skeleton.tsx
  3:44  error  'React' is not defined  no-undef

D:\DEV\image-manager\src\components\views\collections\collection-content-view.tsx
  70:12  error  'removeImageFromCollection' is not defined  no-undef
  76:33  error  'getCollectionImages' is not defined        no-undef

D:\DEV\image-manager\src\components\views\uploaded-images\uploaded-images-view.tsx
  213:31  error  'FileItem' is not defined  no-undef
  225:12  error  Empty block statement      no-empty
  245:10  error  'FileItem' is not defined  no-undef

D:\DEV\image-manager\src\debug-folders.ts
   6:3  warning  Unused eslint-disable directive (no problems were reported from 'no-console')
   9:3  warning  Unused eslint-disable directive (no problems were reported from 'no-console')
  17:3  warning  Unused eslint-disable directive (no problems were reported from 'no-console')

D:\DEV\image-manager\src\lib\api\client.ts
  64:18  error  'RequestInit' is not defined  no-undef

D:\DEV\image-manager\src\lib\api\services\files.ts
  58:43  error  'API_bASE' is not defined  no-undef

D:\DEV\image-manager\src\lib\contexts\profile-context.tsx
  12:15  error  'CollectionBase' is not defined  no-undef
  13:11  error  'FolderBase' is not defined      no-undef
  14:8   error  'TagBase' is not defined         no-undef

D:\DEV\image-manager\src\lib\database\db-utils.ts
  48:26  error  'sql' is not defined  no-undef
  62:23  error  'sql' is not defined  no-undef
  63:23  error  'sql' is not defined  no-undef
  64:23  error  'sql' is not defined  no-undef
  65:23  error  'sql' is not defined  no-undef
  66:23  error  'sql' is not defined  no-undef

D:\DEV\image-manager\src\lib\dev\react-scan.tsx
  6:61  error  'React' is not defined  no-undef

D:\DEV\image-manager\src\lib\drizzle\index.ts
  41:13  warning  Forbidden non-null assertion  @typescript-eslint/no-non-null-assertion

D:\DEV\image-manager\src\lib\hooks\entities\use-entity-conversion.ts
  68:21  error  'formatFileSize' is not defined  no-undef

D:\DEV\image-manager\src\lib\hooks\files\use-folder-images.ts
  7:24  error  'clientLogger' is already defined  no-redeclare

D:\DEV\image-manager\src\lib\hooks\system\use-stats.ts
  46:15  error  'GeneralStats' is not defined  no-undef

D:\DEV\image-manager\src\lib\hooks\ui\use-selection.ts
  140:27  error  'React' is not defined  no-undef
  171:21  error  'React' is not defined  no-undef

D:\DEV\image-manager\src\lib\hooks\ui\use-thumbnail-events.ts
  23:25  error  'NodeJS' is not defined          no-undef
  24:21  error  'NodeJS' is not defined          no-undef
  92:32  error  'ProcessStatus' is not defined   no-undef
  96:41  error  'ThumbnailError' is not defined  no-undef

D:\DEV\image-manager\src\lib\hooks\utils\use-window-size.ts
  27:18  error  'NodeJS' is not defined  no-undef

D:\DEV\image-manager\src\lib\system\event-throttler.ts
  125:21  error  'NodeJS' is not defined  no-undef
  222:17  error  'NodeJS' is not defined  no-undef

D:\DEV\image-manager\src\lib\utils\album\validators.ts
  182:29  error  'Album' is not defined  no-undef

D:\DEV\image-manager\src\lib\utils\transformers\calculate-completeness.ts
  38:17  error  'calculateCompleteness' is already defined  no-redeclare
  40:17  error  'calculateCompleteness' is already defined  no-redeclare

D:\DEV\image-manager\src\lib\utils\types\export-validator.ts
  31:31  error  'Collection' is not defined  no-undef
  33:27  error  'Folder' is not defined      no-undef
  36:25  error  'Note' is not defined        no-undef
  39:29  error  'Property' is not defined    no-undef
  41:26  error  'Video' is not defined       no-undef
  42:29  error  'Wildcard' is not defined    no-undef

D:\DEV\image-manager\src\server\routes\albums.ts
   98:12  error  'and' is not defined      no-undef
  109:12  error  'and' is not defined      no-undef
  317:38  error  'and' is not defined      no-undef
  385:11  error  'inArray' is not defined  no-undef
  403:11  error  'inArray' is not defined  no-undef
  522:35  error  'and' is not defined      no-undef
  614:12  error  'inArray' is not defined  no-undef
  643:12  error  'inArray' is not defined  no-undef
  735:11  error  'and' is not defined      no-undef

D:\DEV\image-manager\src\server\routes\audio.ts
   99:29  error  'getAudioFormatStats' is not defined  no-undef
  115:28  error  'getAudioGenreStats' is not defined   no-undef

D:\DEV\image-manager\src\server\routes\images.ts
  326:9   error  'generateThumbnailWithForce' is not defined  no-undef
  338:38  error  'verifySignedToken' is not defined           no-undef

D:\DEV\image-manager\src\server\routes\thumbnails.ts
  66:24  error  'bulkGenerateThumbnails' is not defined  no-undef
  78:24  error  'deleteThumbnail' is not defined         no-undef

D:\DEV\image-manager\src\server\routes\uploaded-images.ts
  15:23  error  'getUploadedImage' is not defined  no-undef

D:\DEV\image-manager\src\server\routes\wildcards.ts
  131:38  error  'id' is not defined  no-undef

D:\DEV\image-manager\src\server\services\search.service.ts
  13:24  error  'getImages' is not defined  no-undef

D:\DEV\image-manager\src\services\album\album.service.ts
  280:16  error  'sql' is not defined  no-undef

D:\DEV\image-manager\src\services\document\document.service.ts
  32:42  error  'EventType' is not defined  no-undef

D:\DEV\image-manager\src\services\group\group.service.ts
   97:11  error  'groupImages' is not defined  no-undef
   98:15  error  'groupImages' is not defined  no-undef
  102:11  error  'groupVideos' is not defined  no-undef
  103:15  error  'groupVideos' is not defined  no-undef
  107:11  error  'groupAlbums' is not defined  no-undef
  108:15  error  'groupAlbums' is not defined  no-undef
  112:11  error  'groupTags' is not defined    no-undef
  113:15  error  'groupTags' is not defined    no-undef
  170:13  error  'groupImages' is not defined  no-undef
  171:17  error  'groupImages' is not defined  no-undef
  175:13  error  'groupVideos' is not defined  no-undef
  176:17  error  'groupVideos' is not defined  no-undef
  180:13  error  'groupAlbums' is not defined  no-undef
  181:17  error  'groupAlbums' is not defined  no-undef
  185:13  error  'groupTags' is not defined    no-undef
  186:17  error  'groupTags' is not defined    no-undef
  286:13  error  'groupImages' is not defined  no-undef
  287:17  error  'groupImages' is not defined  no-undef
  291:13  error  'groupVideos' is not defined  no-undef
  292:17  error  'groupVideos' is not defined  no-undef
  296:13  error  'groupAlbums' is not defined  no-undef
  297:17  error  'groupAlbums' is not defined  no-undef
  301:13  error  'groupTags' is not defined    no-undef
  302:17  error  'groupTags' is not defined    no-undef
  467:11  error  'groupImages' is not defined  no-undef
  468:15  error  'groupImages' is not defined  no-undef
  472:11  error  'groupVideos' is not defined  no-undef
  473:15  error  'groupVideos' is not defined  no-undef
  477:11  error  'groupAlbums' is not defined  no-undef
  478:15  error  'groupAlbums' is not defined  no-undef
  482:11  error  'groupTags' is not defined    no-undef
  483:15  error  'groupTags' is not defined    no-undef
  613:21  error  'groupImages' is not defined  no-undef
  616:21  error  'groupVideos' is not defined  no-undef
  619:21  error  'groupAlbums' is not defined  no-undef
  622:21  error  'groupTags' is not defined    no-undef
  668:21  error  'groupImages' is not defined  no-undef
  668:47  error  'groupImages' is not defined  no-undef
  668:81  error  'groupImages' is not defined  no-undef
  671:21  error  'groupVideos' is not defined  no-undef
  671:47  error  'groupVideos' is not defined  no-undef
  671:81  error  'groupVideos' is not defined  no-undef
  674:21  error  'groupAlbums' is not defined  no-undef
  674:47  error  'groupAlbums' is not defined  no-undef
  674:81  error  'groupAlbums' is not defined  no-undef
  677:21  error  'groupTags' is not defined    no-undef
  677:45  error  'groupTags' is not defined    no-undef
  677:77  error  'groupTags' is not defined    no-undef
  731:10  error  'groupImages' is not defined  no-undef
  732:14  error  'groupImages' is not defined  no-undef
  738:10  error  'groupVideos' is not defined  no-undef
  739:14  error  'groupVideos' is not defined  no-undef
  807:11  error  'groupImages' is not defined  no-undef
  808:15  error  'groupImages' is not defined  no-undef
  812:11  error  'groupVideos' is not defined  no-undef
  813:15  error  'groupVideos' is not defined  no-undef
  817:11  error  'groupAlbums' is not defined  no-undef
  818:15  error  'groupAlbums' is not defined  no-undef
  822:11  error  'groupTags' is not defined    no-undef
  823:15  error  'groupTags' is not defined    no-undef

D:\DEV\image-manager\src\services\image\converter.service.ts
  133:7  error  'btoa' is not defined  no-undef

D:\DEV\image-manager\src\services\image\image.service.ts
  542:15  warning  Forbidden non-null assertion  @typescript-eslint/no-non-null-assertion
  543:15  warning  Forbidden non-null assertion  @typescript-eslint/no-non-null-assertion

D:\DEV\image-manager\src\services\metadata\metadata.service.ts
  340:8   warning  Forbidden non-null assertion  @typescript-eslint/no-non-null-assertion
  501:14  warning  Forbidden non-null assertion  @typescript-eslint/no-non-null-assertion
  502:14  warning  Forbidden non-null assertion  @typescript-eslint/no-non-null-assertion
  503:17  warning  Forbidden non-null assertion  @typescript-eslint/no-non-null-assertion
  504:13  warning  Forbidden non-null assertion  @typescript-eslint/no-non-null-assertion
  505:13  warning  Forbidden non-null assertion  @typescript-eslint/no-non-null-assertion
  506:11  warning  Forbidden non-null assertion  @typescript-eslint/no-non-null-assertion

D:\DEV\image-manager\src\services\prompt\prompt.service.ts
   94:11  error  'promptImages' is not defined  no-undef
   95:15  error  'promptImages' is not defined  no-undef
   99:11  error  'promptVideos' is not defined  no-undef
  100:15  error  'promptVideos' is not defined  no-undef
  145:13  error  'promptImages' is not defined  no-undef
  146:17  error  'promptImages' is not defined  no-undef
  150:13  error  'promptVideos' is not defined  no-undef
  151:17  error  'promptVideos' is not defined  no-undef
  253:13  error  'promptImages' is not defined  no-undef
  254:17  error  'promptImages' is not defined  no-undef
  258:13  error  'promptVideos' is not defined  no-undef
  259:17  error  'promptVideos' is not defined  no-undef
  428:11  error  'promptImages' is not defined  no-undef
  429:15  error  'promptImages' is not defined  no-undef
  433:11  error  'promptVideos' is not defined  no-undef
  434:15  error  'promptVideos' is not defined  no-undef

D:\DEV\image-manager\src\services\property\property.service.ts
  113:33  error  'db' is not defined          no-undef
  115:9   error  'properties' is not defined  no-undef
  116:11  error  'properties' is not defined  no-undef
  117:18  error  'properties' is not defined  no-undef
  118:12  error  'properties' is not defined  no-undef
  119:12  error  'properties' is not defined  no-undef
  120:15  error  'properties' is not defined  no-undef
  121:15  error  'properties' is not defined  no-undef
  122:20  error  'properties' is not defined  no-undef
  123:17  error  'properties' is not defined  no-undef
  124:16  error  'properties' is not defined  no-undef
  125:16  error  'properties' is not defined  no-undef
  127:10  error  'properties' is not defined  no-undef
  128:14  error  'properties' is not defined  no-undef
  181:23  error  'properties' is not defined  no-undef
  185:28  error  'properties' is not defined  no-undef
  185:66  error  'properties' is not defined  no-undef
  196:23  error  'properties' is not defined  no-undef
  198:23  error  'properties' is not defined  no-undef
  203:15  error  'properties' is not defined  no-undef
  203:44  error  'properties' is not defined  no-undef
  204:15  error  'properties' is not defined  no-undef
  204:43  error  'properties' is not defined  no-undef
  210:4   error  'db' is not defined          no-undef
  212:10  error  'properties' is not defined  no-undef
  213:12  error  'properties' is not defined  no-undef
  214:19  error  'properties' is not defined  no-undef
  215:13  error  'properties' is not defined  no-undef
  216:13  error  'properties' is not defined  no-undef
  217:16  error  'properties' is not defined  no-undef
  218:16  error  'properties' is not defined  no-undef
  219:21  error  'properties' is not defined  no-undef
  220:18  error  'properties' is not defined  no-undef
  221:17  error  'properties' is not defined  no-undef
  222:17  error  'properties' is not defined  no-undef
  224:11  error  'properties' is not defined  no-undef
  227:4   error  'db' is not defined          no-undef
  229:11  error  'properties' is not defined  no-undef
  276:31  error  'db' is not defined          no-undef
  277:12  error  'properties' is not defined  no-undef
  339:34  error  'db' is not defined          no-undef
  340:14  error  'properties' is not defined  no-undef
  360:35  error  'db' is not defined          no-undef
  360:45  error  'properties' is not defined  no-undef
  360:82  error  'properties' is not defined  no-undef
  407:34  error  'db' is not defined          no-undef
  408:14  error  'properties' is not defined  no-undef
  416:9   error  'db' is not defined          no-undef
  416:19  error  'properties' is not defined  no-undef
  416:40  error  'properties' is not defined  no-undef
  443:33  error  'db' is not defined          no-undef
  444:14  error  'properties' is not defined  no-undef
  452:35  error  'db' is not defined          no-undef
  453:12  error  'properties' is not defined  no-undef
  457:14  error  'properties' is not defined  no-undef
  504:35  error  'db' is not defined          no-undef
  506:9   error  'properties' is not defined  no-undef
  507:11  error  'properties' is not defined  no-undef
  508:18  error  'properties' is not defined  no-undef
  509:12  error  'properties' is not defined  no-undef
  510:12  error  'properties' is not defined  no-undef
  511:15  error  'properties' is not defined  no-undef
  512:15  error  'properties' is not defined  no-undef
  513:20  error  'properties' is not defined  no-undef
  514:17  error  'properties' is not defined  no-undef
  515:16  error  'properties' is not defined  no-undef
  516:16  error  'properties' is not defined  no-undef
  518:10  error  'properties' is not defined  no-undef
  519:19  error  'properties' is not defined  no-undef
  519:56  error  'properties' is not defined  no-undef
  520:18  error  'properties' is not defined  no-undef
  520:46  error  'properties' is not defined  no-undef

D:\DEV\image-manager\src\services\uploaded-images\uploaded-images.service.ts
  319:21  error  'lte' is not defined  no-undef
  327:21  error  'lte' is not defined  no-undef
  333:21  error  'lte' is not defined  no-undef

D:\DEV\image-manager\src\store\entities\activity\index.ts
  24:28  error  'extendActivities' is already defined      no-redeclare
  24:62  error  'extendActivity' is already defined        no-redeclare
  25:29  error  'ActivityBase' is already defined          no-redeclare
  25:60  error  'ActivityFilters' is already defined       no-redeclare
  25:99  error  'ActivityListResponse' is already defined  no-redeclare
  26:28  error  'ActivityComplete' is already defined      no-redeclare
  26:68  error  'ActivitySortCriteria' is already defined  no-redeclare

D:\DEV\image-manager\src\store\entities\document\slices\core.slice.ts
   7:19  error  'produce' is already defined       no-redeclare
   8:29  error  'StateCreator' is already defined  no-redeclare
  18:10  error  'toastService' is already defined  no-redeclare

D:\DEV\image-manager\src\store\entities\group\slices\core.ts
   8:19  error  'produce' is already defined       no-redeclare
   9:29  error  'StateCreator' is already defined  no-redeclare
  19:10  error  'toastService' is already defined  no-redeclare

D:\DEV\image-manager\src\store\entities\group\types.ts
  38:31  error  'GroupDisplayState' is not defined  no-undef

D:\DEV\image-manager\src\store\entities\note\slices\core.ts
  4:21  error  'createNoteInApi' is already defined    no-redeclare
  5:23  error  'deleteNoteFromApi' is already defined  no-redeclare
  6:21  error  'getNotesFromApi' is already defined    no-redeclare
  7:21  error  'updateNoteInApi' is already defined    no-redeclare

D:\DEV\image-manager\src\store\entities\prompt\slices\core.ts
   41:26  error  'getPrompts' is not defined    no-undef
   66:10  error  'createPrompt' is not defined  no-undef
   85:10  error  'updatePrompt' is not defined  no-undef
  104:10  error  'deletePrompt' is not defined  no-undef

D:\DEV\image-manager\src\store\entities\prompt\slices\relations.ts
   35:10  error  'linkEntityToPrompt' is not defined      no-undef
   53:10  error  'unlinkEntityFromPrompt' is not defined  no-undef
   72:10  error  'linkEntityToPrompt' is not defined      no-undef
   90:10  error  'unlinkEntityFromPrompt' is not defined  no-undef
  108:10  error  'linkEntityToPrompt' is not defined      no-undef
  126:10  error  'unlinkEntityFromPrompt' is not defined  no-undef
  144:10  error  'linkEntityToPrompt' is not defined      no-undef
  162:10  error  'unlinkEntityFromPrompt' is not defined  no-undef
  182:12  error  'linkEntityToPrompt' is not defined      no-undef
  187:12  error  'linkEntityToPrompt' is not defined      no-undef
  192:12  error  'linkEntityToPrompt' is not defined      no-undef

D:\DEV\image-manager\src\store\entities\property\slices\core.ts
  20:10  error  'toastService' is already defined  no-redeclare

D:\DEV\image-manager\src\store\entities\settings\store.ts
  113:6  warning  Unused eslint-disable directive (no problems were reported from 'no-console')

D:\DEV\image-manager\src\store\entities\tag\slices\core.slice.ts
  34:18  error  'TagCoreActions' is already defined  no-redeclare

D:\DEV\image-manager\src\store\entities\tag\slices\core.slice.v2.ts
   9:20  error  'createTagInApi' is already defined    no-redeclare
  10:22  error  'deleteTagFromApi' is already defined  no-redeclare
  11:20  error  'getTagsFromApi' is already defined    no-redeclare
  12:20  error  'updateTagInApi' is already defined    no-redeclare
  16:10  error  'toastService' is already defined      no-redeclare

D:\DEV\image-manager\src\store\entities\video\slices\core.ts
  12:5   error  'createVideoInApi' is already defined    no-redeclare
  13:5   error  'deleteVideoFromApi' is already defined  no-redeclare
  14:5   error  'findVideosInApi' is already defined     no-redeclare
  15:5   error  'getVideoFromApi' is already defined     no-redeclare
  18:10  error  'toastService' is already defined        no-redeclare

D:\DEV\image-manager\src\store\entities\wildcard\slices\core.ts
  16:24  error  'clientLogger' is already defined   no-redeclare
  18:25  error  'arrayToRecord' is already defined  no-redeclare
  19:10  error  'toastService' is already defined   no-redeclare

D:\DEV\image-manager\src\store\entities\workflow\slices\core.slice.ts
  16:24  error  'clientLogger' is already defined  no-redeclare
  18:10  error  'toastService' is already defined  no-redeclare

D:\DEV\image-manager\src\store\entities\world-item\slices\core.ts
  14:24  error  'clientLogger' is already defined  no-redeclare
  16:10  error  'toastService' is already defined  no-redeclare

D:\DEV\image-manager\src\store\entities\world-item\types.ts
  107:17  error  'RequestInit' is not defined  no-undef

D:\DEV\image-manager\src\store\image-resources.store.ts
  109:23  error    'NodeJS' is not defined       no-undef
  177:9   warning  Forbidden non-null assertion  @typescript-eslint/no-non-null-assertion

D:\DEV\image-manager\src\store\store.factory.ts
  41:18  error  'StoreOptions' is already defined  no-redeclare

D:\DEV\image-manager\src\store\thumbnails.store.ts
  110:20  error  'thumbnailActions' is not defined  no-undef

D:\DEV\image-manager\src\transformers\file\index-old.ts
   55:12  error  'toEnhancedDirectory' is not defined           no-undef
   57:11  error  'toEnhancedImageFile' is not defined           no-undef
   67:2   error  'applyFileFilters' is not defined              no-undef
   69:2   error  'deserializeImageMetadata' is not defined      no-undef
   70:2   error  'determineFileType' is not defined             no-undef
   71:2   error  'determineMimeType' is not defined             no-undef
   74:2   error  'generateFileId' is not defined                no-undef
   75:2   error  'getColorForFileType' is not defined           no-undef
   76:2   error  'getIconForFileType' is not defined            no-undef
   77:2   error  'mapStatsToFileInfo' is not defined            no-undef
   78:2   error  'pathsToTreeStructure' is not defined          no-undef
   79:2   error  'serializeDirectoryContents' is not defined    no-undef
   80:2   error  'serializeFileListForUI' is not defined        no-undef
   81:2   error  'serializeFileOperationResult' is not defined  no-undef
   82:2   error  'serializeImageMetadata' is not defined        no-undef
   83:2   error  'toEnhancedDirectory' is not defined           no-undef
   84:2   error  'toEnhancedImageFile' is not defined           no-undef
   85:2   error  'toFileListItem' is not defined                no-undef
   92:2   error  'generateFileId' is not defined                no-undef
   93:2   error  'determineFileType' is not defined             no-undef
   94:2   error  'determineMimeType' is not defined             no-undef
   95:2   error  'mapStatsToFileInfo' is not defined            no-undef
   96:2   error  'toFileListItem' is not defined                no-undef
   97:2   error  'getIconForFileType' is not defined            no-undef
   98:2   error  'getColorForFileType' is not defined           no-undef
   99:2   error  'applyFileFilters' is not defined              no-undef
  100:2   error  'toEnhancedDirectory' is not defined           no-undef
  101:2   error  'toEnhancedImageFile' is not defined           no-undef
  105:2   error  'deserializeImageMetadata' is not defined      no-undef
  106:2   error  'serializeImageMetadata' is not defined        no-undef
  108:2   error  'pathsToTreeStructure' is not defined          no-undef
  109:2   error  'serializeDirectoryContents' is not defined    no-undef
  110:2   error  'serializeFileListForUI' is not defined        no-undef
  111:2   error  'serializeFileOperationResult' is not defined  no-undef

D:\DEV\image-manager\src\transformers\folder\transformer.ts
  265:19  warning  Forbidden non-null assertion  @typescript-eslint/no-non-null-assertion
  266:18  warning  Forbidden non-null assertion  @typescript-eslint/no-non-null-assertion
  270:21  warning  Forbidden non-null assertion  @typescript-eslint/no-non-null-assertion

D:\DEV\image-manager\src\transformers\note\index.ts
   44:18  error  Unreachable code  no-unreachable
   64:18  error  Unreachable code  no-unreachable
   86:18  error  Unreachable code  no-unreachable
  133:18  error  Unreachable code  no-unreachable

D:\DEV\image-manager\src\transformers\prompt\mappers.ts
  230:42  warning  Forbidden non-null assertion  @typescript-eslint/no-non-null-assertion
  234:42  warning  Forbidden non-null assertion  @typescript-eslint/no-non-null-assertion

D:\DEV\image-manager\src\types\entities\video\types.ts
  297:10  error  'VideoWithStats' is not defined  no-undef

D:\DEV\image-manager\src\types\modules.d.ts
  51:25  error  'Document' is not defined  no-undef

D:\DEV\image-manager\src\types\stats.ts
  79:18  error  'TagStats' is already defined  no-redeclare

✖ 472 problems (452 errors, 20 warnings)
  0 errors and 4 warnings potentially fixable with the `--fix` option.

