Comando: bunx eslint . --fix
Fecha: 2025-07-08T04:52:13.391Z
Directorio: D:\DEV\image-manager
Modo tolerante: SÍ
Tipo: Linting
===============================================

D:\DEV\image-manager\src-tauri\target\debug\server\index.js
    167:9    error  Expected a conditional expression and instead saw an assignment                            no-cond-assign
   1488:21   error  Empty block statement                                                                      no-empty
   1494:21   error  Empty block statement                                                                      no-empty
   1503:21   error  Empty block statement                                                                      no-empty
   1719:19   error  Empty block statement                                                                      no-empty
   2074:17   error  Do not access Object.prototype method 'hasOwnProperty' from target object                  no-prototype-builtins
   2082:18   error  Do not access Object.prototype method 'hasOwnProperty' from target object                  no-prototype-builtins
   2122:17   error  Empty block statement                                                                      no-empty
   2432:11   error  'codepoint' is already defined                                                             no-redeclare
   2686:37   error  Unnecessary escape character: \(                                                           no-useless-escape
   2686:39   error  Unnecessary escape character: \)                                                           no-useless-escape
   2686:43   error  Unnecessary escape character: \.                                                           no-useless-escape
   2686:45   error  Unnecessary escape character: \/                                                           no-useless-escape
   2686:48   error  Unnecessary escape character: \?                                                           no-useless-escape
   2701:32   error  Unnecessary escape character: \/                                                           no-useless-escape
   2737:11   error  'b64str' is already defined                                                                no-redeclare
   2852:11   error  'b64str' is already defined                                                                no-redeclare
   2889:14   error  'i' is already defined                                                                     no-redeclare
   3341:209  error  Irregular whitespace not allowed                                                           no-irregular-whitespace
   3480:188  error  Irregular whitespace not allowed                                                           no-irregular-whitespace
   3560:16   error  'i2' is already defined                                                                    no-redeclare
   3591:16   error  'i2' is already defined                                                                    no-redeclare
   3596:20   error  'j' is already defined                                                                     no-redeclare
   3659:18   error  'l' is already defined                                                                     no-redeclare
   3752:13   error  'uCode' is already defined                                                                 no-redeclare
   3790:18   error  Empty block statement                                                                      no-empty
   3804:17   error  'dbcsCode' is already defined                                                              no-redeclare
   3851:14   error  Empty block statement                                                                      no-empty
   3873:11   error  'uCode' is already defined                                                                 no-redeclare
   3874:23   error  Empty block statement                                                                      no-empty
   3881:15   error  'ptr' is already defined                                                                   no-redeclare
   5365:7    error  'module' is already defined                                                                no-redeclare
   5569:15   error  Empty block statement                                                                      no-empty
   5577:7    error  Unexpected constant condition                                                              no-constant-condition
   5577:14   error  Empty block statement                                                                      no-empty
   5954:22   error  Unexpected control character(s) in regular expression: \x0b, \x0b                          no-control-regex
   5955:21   error  Unexpected control character(s) in regular expression: \x0b                                no-control-regex
   5957:21   error  Unexpected control character(s) in regular expression: \x0b                                no-control-regex
   6004:14   error  Expected a conditional expression and instead saw an assignment                            no-cond-assign
  15777:27   error  Unexpected control character(s) in regular expression: \x09, \x0a, \x0d, \x09, \x0a, \x0d  no-control-regex
  16282:17   error  Empty block statement                                                                      no-empty
  16292:17   error  Empty block statement                                                                      no-empty
  16337:17   error  Empty block statement                                                                      no-empty
  16352:17   error  Empty block statement                                                                      no-empty
  16362:17   error  Empty block statement                                                                      no-empty
  16377:17   error  Empty block statement                                                                      no-empty
  16392:17   error  Empty block statement                                                                      no-empty
  16412:64   error  Unexpected control character(s) in regular expression: \x00, \x1f                          no-control-regex
  16969:17   error  Empty block statement                                                                      no-empty
  19100:11   error  Expected a conditional expression and instead saw an assignment                            no-cond-assign
  19111:18   error  Expected a conditional expression and instead saw an assignment                            no-cond-assign
  19164:16   error  Expected a conditional expression and instead saw an assignment                            no-cond-assign
  19363:18   error  Expected a conditional expression and instead saw an assignment                            no-cond-assign
  19436:11   error  Expected a conditional expression and instead saw an assignment                            no-cond-assign
  19506:11   error  Expected a conditional expression and instead saw an assignment                            no-cond-assign
  19766:11   error  'colonIndex' is already defined                                                            no-redeclare
  19971:30   error  Unnecessary escape character: \[                                                           no-useless-escape
  20057:14   error  Expected a conditional expression and instead saw an assignment                            no-cond-assign
  20646:16   error  Expected a conditional expression and instead saw an assignment                            no-cond-assign
  21853:41   error  Unnecessary escape character: \/                                                           no-useless-escape
  22002:14   error  'i' is already defined                                                                     no-redeclare
  22707:37   error  Unexpected control character(s) in regular expression: \x00                                no-control-regex
  22711:21   error  Unexpected control character(s) in regular expression: \x00                                no-control-regex
  22713:22   error  Unexpected control character(s) in regular expression: \x09, \x09, \x09, \x09              no-control-regex
  22717:33   error  Unexpected control character(s) in regular expression: \x09                                no-control-regex
  22811:12   error  Expected a conditional expression and instead saw an assignment                            no-cond-assign
  22870:99   error  Unnecessary escape character: \=                                                           no-useless-escape
  23740:11   error  Expected a conditional expression and instead saw an assignment                            no-cond-assign
  23792:38   error  Unnecessary escape character: \[                                                           no-useless-escape
  25332:47   error  Unnecessary escape character: \.                                                           no-useless-escape
  25332:80   error  Unnecessary escape character: \-                                                           no-useless-escape
  26716:45   error  Empty block statement                                                                      no-empty
  29198:14   error  'sql' is a function                                                                        no-func-assign
  31646:230  error  Unnecessary escape character: \/                                                           no-useless-escape
  31646:309  error  Unnecessary escape character: \+                                                           no-useless-escape
  31646:311  error  Unnecessary escape character: \/                                                           no-useless-escape
  31661:9    error  'cc' is already defined                                                                    no-redeclare
  31689:25   error  Unnecessary escape character: \+                                                           no-useless-escape
  31740:26   error  Unnecessary escape character: \/                                                           no-useless-escape
  31740:48   error  Unnecessary escape character: \/                                                           no-useless-escape
  31740:72   error  Unnecessary escape character: \/                                                           no-useless-escape
  31752:13   error  Unexpected control character(s) in regular expression: \x00                                no-control-regex
  32170:17   error  Empty block statement                                                                      no-empty
  32181:17   error  Empty block statement                                                                      no-empty
  32225:17   error  Empty block statement                                                                      no-empty
  32239:17   error  Empty block statement                                                                      no-empty
  33092:17   error  Empty block statement                                                                      no-empty
  33575:17   error  Empty block statement                                                                      no-empty
  36907:5    error  '#client' is defined but never used                                                        no-unused-private-class-members
  37209:44   error  Empty block statement                                                                      no-empty
  37228:33   error  Empty block statement                                                                      no-empty
  37368:33   error  Empty block statement                                                                      no-empty
  38621:29   error  Empty block statement                                                                      no-empty
  38644:45   error  Empty block statement                                                                      no-empty
  39270:16   error  Empty block statement                                                                      no-empty
  39334:40   error  Empty block statement                                                                      no-empty
  39666:3    error  '#isSchemaDatabase' is defined but never used                                              no-unused-private-class-members
  39793:18   error  Empty block statement                                                                      no-empty
  39910:3    error  '#authToken' is defined but never used                                                     no-unused-private-class-members
  43007:18   error  'drizzle' is a function                                                                    no-func-assign
  44552:7    error  Unexpected constant condition                                                              no-constant-condition
  46479:17   error  Empty block statement                                                                      no-empty
  46490:17   error  Empty block statement                                                                      no-empty
  46534:17   error  Empty block statement                                                                      no-empty
  46548:17   error  Empty block statement                                                                      no-empty
  47985:15   error  Empty block statement                                                                      no-empty
  47992:13   error  Empty block statement                                                                      no-empty
  48001:15   error  Empty block statement                                                                      no-empty
  48031:13   error  Empty block statement                                                                      no-empty
  48160:28   error  Empty block statement                                                                      no-empty
  49976:109  error  Unnecessary escape character: \/                                                           no-useless-escape
  49976:124  error  Unnecessary escape character: \.                                                           no-useless-escape
  49977:36   error  Unnecessary escape character: \.                                                           no-useless-escape
  49977:41   error  Unnecessary escape character: \%                                                           no-useless-escape
  49977:60   error  Unnecessary escape character: \.                                                           no-useless-escape
  49977:65   error  Unnecessary escape character: \%                                                           no-useless-escape
  49977:84   error  Unnecessary escape character: \.                                                           no-useless-escape
  49977:89   error  Unnecessary escape character: \%                                                           no-useless-escape
  49977:100  error  Unnecessary escape character: \/                                                           no-useless-escape
  49977:115  error  Unnecessary escape character: \.                                                           no-useless-escape
  49983:9    error  Expected a conditional expression and instead saw an assignment                            no-cond-assign
  49993:16   error  Expected a conditional expression and instead saw an assignment                            no-cond-assign
  50002:16   error  Expected a conditional expression and instead saw an assignment                            no-cond-assign
  50013:16   error  Expected a conditional expression and instead saw an assignment                            no-cond-assign
  50024:16   error  Expected a conditional expression and instead saw an assignment                            no-cond-assign
  50047:76   error  Unnecessary escape character: \.                                                           no-useless-escape
  50047:99   error  Unnecessary escape character: \.                                                           no-useless-escape
  50047:114  error  Unnecessary escape character: \/                                                           no-useless-escape
  50063:73   error  Unnecessary escape character: \.                                                           no-useless-escape
  50063:95   error  Unnecessary escape character: \.                                                           no-useless-escape
  52305:22   error  Empty block statement                                                                      no-empty
  52310:19   error  Empty block statement                                                                      no-empty
  53978:17   error  Empty block statement                                                                      no-empty
  56177:27   error  Empty block statement                                                                      no-empty
  69840:17   error  Empty block statement                                                                      no-empty

D:\DEV\image-manager\src\components\views\albums\albums-view.tsx
  99:4  error  Unexpected alert  no-alert

D:\DEV\image-manager\src\components\views\characters\characters-view.tsx
  62:4  error  Unexpected alert  no-alert

D:\DEV\image-manager\src\components\views\collections\collections-view.tsx
  53:4  error  Unexpected alert  no-alert

D:\DEV\image-manager\src\components\views\documents\documents-view.tsx
  66:4  error  Unexpected alert  no-alert

D:\DEV\image-manager\src\components\views\favorites\favorites-view.tsx
  61:4  error  Unexpected alert  no-alert

D:\DEV\image-manager\src\components\views\file3d\file3d-view.tsx
  66:4  error  Unexpected alert  no-alert

D:\DEV\image-manager\src\components\views\json-files\json-files-view.tsx
  122:48  error  Parsing error: Invalid character

D:\DEV\image-manager\src\components\views\notes\notes-view.tsx
  39:4  error  Unexpected alert  no-alert

D:\DEV\image-manager\src\components\views\places\places-view.tsx
  61:4  error  Unexpected alert  no-alert

D:\DEV\image-manager\src\components\views\prompts\prompts-view.tsx
  73:4  error  Unexpected alert  no-alert

D:\DEV\image-manager\src\components\views\properties\properties-view.tsx
  38:4  error  Unexpected alert  no-alert

D:\DEV\image-manager\src\components\views\wildcards\wildcards-view.tsx
  62:4  error  Unexpected alert  no-alert

D:\DEV\image-manager\src\components\views\workflows\workflows-view.tsx
  39:4  error  Unexpected alert  no-alert

D:\DEV\image-manager\src\types\entities\uploaded-image\types.ts
  69:18  error  'UploadedImageExtended' is already defined  no-redeclare

✖ 149 problems (149 errors, 0 warnings)

