[2025-07-17T01:31:04.308Z] [INFO] ℹ️  🔧 Sistema de logging inicializado
[2025-07-17T01:31:04.309Z] [INFO] ℹ️  📁 Logs a archivo: HABILITADO
[2025-07-17T01:31:04.310Z] [INFO] ℹ️  🖥️  Logs a consola: HABILITADO
[2025-07-17T01:31:04.310Z] [INFO] ℹ️  📄 Archivo de log: D:\DEV\image-manager\logs\server-2025-07-17.log
[2025-07-17T01:31:04.361Z] [INFO] ℹ️  🔧 Sistema de logging inicializado
[2025-07-17T01:31:04.361Z] [INFO] ℹ️  📁 Logs a archivo: HABILITADO
[2025-07-17T01:31:04.362Z] [INFO] ℹ️  🖥️  Logs a consola: HABILITADO
[2025-07-17T01:31:04.362Z] [INFO] ℹ️  📄 Archivo de log: D:\DEV\image-manager\logs\server-2025-07-17.log
[2025-07-17T01:31:04.445Z] [INFO] ℹ️  🔧 Middleware de logging robusto configurado
[2025-07-17T01:31:04.484Z] [INFO] ℹ️  🔧 Middleware de logging robusto configurado
[2025-07-17T01:44:38.148Z] [INFO] ℹ️  🔧 Sistema de logging inicializado
[2025-07-17T01:44:38.150Z] [INFO] ℹ️  📁 Logs a archivo: HABILITADO
[2025-07-17T01:44:38.150Z] [INFO] ℹ️  🖥️  Logs a consola: HABILITADO
[2025-07-17T01:44:38.150Z] [INFO] ℹ️  📄 Archivo de log: D:\DEV\image-manager\logs\server-2025-07-17.log
[2025-07-17T01:44:38.245Z] [INFO] ℹ️  🔧 Middleware de logging robusto configurado
[2025-07-17T01:45:28.395Z] [INFO] ℹ️  🔧 Sistema de logging inicializado
[2025-07-17T01:45:28.400Z] [INFO] ℹ️  📁 Logs a archivo: HABILITADO
[2025-07-17T01:45:28.403Z] [INFO] ℹ️  🖥️  Logs a consola: HABILITADO
[2025-07-17T01:45:28.405Z] [INFO] ℹ️  📄 Archivo de log: D:\DEV\image-manager\logs\server-2025-07-17.log
[2025-07-17T01:45:28.491Z] [INFO] ℹ️  🔧 Sistema de logging inicializado
[2025-07-17T01:45:28.492Z] [INFO] ℹ️  📁 Logs a archivo: HABILITADO
[2025-07-17T01:45:28.493Z] [INFO] ℹ️  🖥️  Logs a consola: HABILITADO
[2025-07-17T01:45:28.493Z] [INFO] ℹ️  📄 Archivo de log: D:\DEV\image-manager\logs\server-2025-07-17.log
[2025-07-17T01:45:28.574Z] [INFO] ℹ️  🔧 Middleware de logging robusto configurado
[2025-07-17T01:45:28.654Z] [INFO] ℹ️  🔧 Sistema de logging inicializado
[2025-07-17T01:45:28.657Z] [INFO] ℹ️  📁 Logs a archivo: HABILITADO
[2025-07-17T01:45:28.657Z] [INFO] ℹ️  🔧 Middleware de logging robusto configurado
[2025-07-17T01:45:28.657Z] [INFO] ℹ️  🖥️  Logs a consola: HABILITADO
[2025-07-17T01:45:28.659Z] [INFO] ℹ️  📄 Archivo de log: D:\DEV\image-manager\logs\server-2025-07-17.log
[2025-07-17T01:45:28.662Z] [INFO] ℹ️  🔧 Sistema de logging inicializado
[2025-07-17T01:45:28.665Z] [INFO] ℹ️  📁 Logs a archivo: HABILITADO
[2025-07-17T01:45:28.669Z] [INFO] ℹ️  🖥️  Logs a consola: HABILITADO
[2025-07-17T01:45:28.670Z] [INFO] ℹ️  📄 Archivo de log: D:\DEV\image-manager\logs\server-2025-07-17.log
[2025-07-17T01:45:28.822Z] [INFO] ℹ️  🔧 Middleware de logging robusto configurado
[2025-07-17T01:45:28.825Z] [INFO] ℹ️  🔧 Middleware de logging robusto configurado
[2025-07-17T02:03:33.862Z] [INFO] ℹ️  🔧 Sistema de logging inicializado
[2025-07-17T02:03:33.863Z] [INFO] ℹ️  📁 Logs a archivo: HABILITADO
[2025-07-17T02:03:33.863Z] [INFO] ℹ️  🖥️  Logs a consola: HABILITADO
[2025-07-17T02:03:33.863Z] [INFO] ℹ️  📄 Archivo de log: D:\DEV\image-manager\logs\server-2025-07-17.log
[2025-07-17T02:03:33.954Z] [INFO] ℹ️  🔧 Middleware de logging robusto configurado
[2025-07-17T02:04:09.244Z] [INFO] ℹ️  🌐 [2025-07-17T02:04:09.244Z] GET /api/system/navigation - IP: ::1 - START
[2025-07-17T02:04:09.273Z] [INFO] ℹ️  ✅ [2025-07-17T02:04:09.273Z] GET /api/system/navigation - 200 - 29ms - IP: ::1 - END
[2025-07-17T02:04:09.276Z] [INFO] ℹ️  🌐 [2025-07-17T02:04:09.276Z] GET /api/stats/system - IP: ::1 - START
[2025-07-17T02:04:09.282Z] [INFO] ℹ️  ✅ [2025-07-17T02:04:09.282Z] GET /api/stats/system - 200 - 6ms - IP: ::1 - END
[2025-07-17T02:04:51.705Z] [INFO] ℹ️  🌐 [2025-07-17T02:04:51.705Z] GET /api/system/navigation - IP: ::1 - START
[2025-07-17T02:04:51.721Z] [INFO] ℹ️  ✅ [2025-07-17T02:04:51.721Z] GET /api/system/navigation - 200 - 16ms - IP: ::1 - END
[2025-07-17T02:04:51.725Z] [INFO] ℹ️  🌐 [2025-07-17T02:04:51.725Z] GET /api/stats/system - IP: ::1 - START
[2025-07-17T02:04:51.727Z] [INFO] ℹ️  ✅ [2025-07-17T02:04:51.727Z] GET /api/stats/system - 200 - 2ms - IP: ::1 - END
[2025-07-17T02:05:12.072Z] [INFO] ℹ️  🌐 [2025-07-17T02:05:12.072Z] GET /api/system/navigation - IP: ::1 - START
[2025-07-17T02:05:12.088Z] [INFO] ℹ️  ✅ [2025-07-17T02:05:12.088Z] GET /api/system/navigation - 200 - 16ms - IP: ::1 - END
[2025-07-17T02:05:12.093Z] [INFO] ℹ️  🌐 [2025-07-17T02:05:12.093Z] GET /api/stats/system - IP: ::1 - START
[2025-07-17T02:05:12.096Z] [INFO] ℹ️  ✅ [2025-07-17T02:05:12.096Z] GET /api/stats/system - 200 - 3ms - IP: ::1 - END
[2025-07-17T02:05:14.413Z] [INFO] ℹ️  🌐 [2025-07-17T02:05:14.413Z] GET /api/uploaded-images - IP: ::1 - START
[2025-07-17T02:05:14.421Z] [INFO] ℹ️  ✅ [2025-07-17T02:05:14.421Z] GET /api/uploaded-images - 200 - 8ms - IP: ::1 - END
[2025-07-17T02:07:00.877Z] [INFO] ℹ️  🌐 [2025-07-17T02:07:00.877Z] GET /api/folders - IP: ::1 - START
[2025-07-17T02:07:00.882Z] [INFO] ℹ️  ✅ [2025-07-17T02:07:00.882Z] GET /api/folders - 200 - 5ms - IP: ::1 - END
[2025-07-17T02:07:00.925Z] [INFO] ℹ️  🌐 [2025-07-17T02:07:00.925Z] GET /api/images - IP: ::1 - START
[2025-07-17T02:07:01.069Z] [INFO] ℹ️  ✅ [2025-07-17T02:07:01.069Z] GET /api/images - 200 - 144ms - IP: ::1 - END
[2025-07-17T02:07:06.875Z] [INFO] ℹ️  🌐 [2025-07-17T02:07:06.875Z] GET /api/files - IP: ::1 - START
[2025-07-17T02:07:06.876Z] [ERROR] ❌ ❌ [2025-07-17T02:07:06.876Z] GET /api/files - 404 - 1ms - IP: ::1 - END
[2025-07-17T02:07:06.900Z] [INFO] ℹ️  🌐 [2025-07-17T02:07:06.900Z] GET /api/albums - IP: ::1 - START
[2025-07-17T02:07:06.908Z] [ERROR] ❌ ❌ [2025-07-17T02:07:06.907Z] GET /api/albums - 500 - 7ms - IP: ::1 - END
[2025-07-17T02:07:06.914Z] [INFO] ℹ️  🌐 [2025-07-17T02:07:06.914Z] GET /api/tags - IP: ::1 - START
[2025-07-17T02:07:06.917Z] [INFO] ℹ️  ✅ [2025-07-17T02:07:06.917Z] GET /api/tags - 200 - 3ms - IP: ::1 - END
[2025-07-17T02:07:15.317Z] [INFO] ℹ️  🌐 [2025-07-17T02:07:15.317Z] GET /api/characters - IP: ::1 - START
[2025-07-17T02:07:15.330Z] [ERROR] ❌ ❌ [2025-07-17T02:07:15.329Z] GET /api/characters - 500 - 12ms - IP: ::1 - END
[2025-07-17T02:07:15.337Z] [INFO] ℹ️  🌐 [2025-07-17T02:07:15.337Z] GET /api/collections - IP: ::1 - START
[2025-07-17T02:07:15.344Z] [ERROR] ❌ ❌ [2025-07-17T02:07:15.344Z] GET /api/collections - 500 - 7ms - IP: ::1 - END
[2025-07-17T02:07:15.352Z] [INFO] ℹ️  🌐 [2025-07-17T02:07:15.352Z] GET /api/places - IP: ::1 - START
[2025-07-17T02:07:15.361Z] [ERROR] ❌ ❌ [2025-07-17T02:07:15.361Z] GET /api/places - 500 - 9ms - IP: ::1 - END
[2025-07-17T02:07:15.368Z] [INFO] ℹ️  🌐 [2025-07-17T02:07:15.368Z] GET /api/world-items - IP: ::1 - START
[2025-07-17T02:07:15.374Z] [ERROR] ❌ ❌ [2025-07-17T02:07:15.374Z] GET /api/world-items - 500 - 6ms - IP: ::1 - END
[2025-07-17T02:07:15.382Z] [INFO] ℹ️  🌐 [2025-07-17T02:07:15.382Z] GET /api/concepts - IP: ::1 - START
[2025-07-17T02:07:15.389Z] [INFO] ℹ️  ✅ [2025-07-17T02:07:15.389Z] GET /api/concepts - 200 - 7ms - IP: ::1 - END
[2025-07-17T02:07:23.461Z] [INFO] ℹ️  🌐 [2025-07-17T02:07:23.461Z] GET /api/prompts - IP: ::1 - START
[2025-07-17T02:07:23.465Z] [INFO] ℹ️  ✅ [2025-07-17T02:07:23.465Z] GET /api/prompts - 200 - 4ms - IP: ::1 - END
[2025-07-17T02:07:23.517Z] [INFO] ℹ️  🌐 [2025-07-17T02:07:23.517Z] GET /api/wildcards - IP: ::1 - START
[2025-07-17T02:07:23.520Z] [INFO] ℹ️  ✅ [2025-07-17T02:07:23.520Z] GET /api/wildcards - 200 - 3ms - IP: ::1 - END
[2025-07-17T02:07:23.574Z] [INFO] ℹ️  🌐 [2025-07-17T02:07:23.574Z] GET /api/audio - IP: ::1 - START
[2025-07-17T02:07:23.577Z] [INFO] ℹ️  ✅ [2025-07-17T02:07:23.577Z] GET /api/audio - 200 - 3ms - IP: ::1 - END
[2025-07-17T02:07:23.628Z] [INFO] ℹ️  🌐 [2025-07-17T02:07:23.627Z] GET /api/videos - IP: ::1 - START
[2025-07-17T02:07:23.631Z] [INFO] ℹ️  ✅ [2025-07-17T02:07:23.631Z] GET /api/videos - 200 - 4ms - IP: ::1 - END
[2025-07-17T02:07:23.678Z] [INFO] ℹ️  🌐 [2025-07-17T02:07:23.678Z] GET /api/documents - IP: ::1 - START
[2025-07-17T02:07:23.681Z] [INFO] ℹ️  ✅ [2025-07-17T02:07:23.681Z] GET /api/documents - 200 - 3ms - IP: ::1 - END
[2025-07-17T02:07:30.838Z] [INFO] ℹ️  🌐 [2025-07-17T02:07:30.838Z] GET /api/workflows - IP: ::1 - START
[2025-07-17T02:07:30.848Z] [ERROR] ❌ ❌ [2025-07-17T02:07:30.848Z] GET /api/workflows - 500 - 10ms - IP: ::1 - END
[2025-07-17T02:07:30.874Z] [INFO] ℹ️  🌐 [2025-07-17T02:07:30.874Z] GET /api/notes - IP: ::1 - START
[2025-07-17T02:07:30.883Z] [ERROR] ❌ ❌ [2025-07-17T02:07:30.883Z] GET /api/notes - 500 - 9ms - IP: ::1 - END
[2025-07-17T02:07:30.890Z] [INFO] ℹ️  🌐 [2025-07-17T02:07:30.890Z] GET /api/properties - IP: ::1 - START
[2025-07-17T02:07:30.894Z] [INFO] ℹ️  ✅ [2025-07-17T02:07:30.894Z] GET /api/properties - 200 - 4ms - IP: ::1 - END
[2025-07-17T02:07:30.922Z] [INFO] ℹ️  🌐 [2025-07-17T02:07:30.922Z] GET /api/groups - IP: ::1 - START
[2025-07-17T02:07:30.929Z] [ERROR] ❌ ❌ [2025-07-17T02:07:30.929Z] GET /api/groups - 500 - 7ms - IP: ::1 - END
[2025-07-17T02:07:30.936Z] [INFO] ℹ️  🌐 [2025-07-17T02:07:30.936Z] GET /api/favorites - IP: ::1 - START
[2025-07-17T02:07:30.937Z] [ERROR] ❌ ❌ [2025-07-17T02:07:30.937Z] GET /api/favorites - 404 - 1ms - IP: ::1 - END
[2025-07-17T02:07:37.830Z] [INFO] ℹ️  🌐 [2025-07-17T02:07:37.830Z] GET /api/activity - IP: ::1 - START
[2025-07-17T02:07:37.839Z] [ERROR] ❌ ❌ [2025-07-17T02:07:37.839Z] GET /api/activity - 500 - 9ms - IP: ::1 - END
[2025-07-17T02:07:37.868Z] [INFO] ℹ️  🌐 [2025-07-17T02:07:37.868Z] GET /api/search - IP: ::1 - START
[2025-07-17T02:07:37.874Z] [ERROR] ❌ ❌ [2025-07-17T02:07:37.874Z] GET /api/search - 400 - 6ms - IP: ::1 - END
[2025-07-17T02:07:37.881Z] [INFO] ℹ️  🌐 [2025-07-17T02:07:37.881Z] GET /api/stats - IP: ::1 - START
[2025-07-17T02:07:37.883Z] [ERROR] ❌ ❌ [2025-07-17T02:07:37.883Z] GET /api/stats - 404 - 2ms - IP: ::1 - END
[2025-07-17T02:07:37.888Z] [INFO] ℹ️  🌐 [2025-07-17T02:07:37.888Z] GET /api/system - IP: ::1 - START
[2025-07-17T02:07:37.890Z] [ERROR] ❌ ❌ [2025-07-17T02:07:37.890Z] GET /api/system - 404 - 2ms - IP: ::1 - END
[2025-07-17T02:07:37.897Z] [INFO] ℹ️  🌐 [2025-07-17T02:07:37.897Z] GET /api/mixed - IP: ::1 - START
[2025-07-17T02:07:37.901Z] [ERROR] ❌ ❌ [2025-07-17T02:07:37.901Z] GET /api/mixed - 404 - 4ms - IP: ::1 - END
[2025-07-17T02:09:48.450Z] [INFO] ℹ️  🌐 [2025-07-17T02:09:48.450Z] GET /api/system/navigation - IP: ::1 - START
[2025-07-17T02:09:48.481Z] [INFO] ℹ️  ✅ [2025-07-17T02:09:48.481Z] GET /api/system/navigation - 200 - 31ms - IP: ::1 - END
[2025-07-17T02:09:48.484Z] [INFO] ℹ️  🌐 [2025-07-17T02:09:48.484Z] GET /api/stats/system - IP: ::1 - START
[2025-07-17T02:09:48.488Z] [INFO] ℹ️  ✅ [2025-07-17T02:09:48.488Z] GET /api/stats/system - 200 - 4ms - IP: ::1 - END
[2025-07-17T02:10:05.341Z] [INFO] ℹ️  🌐 [2025-07-17T02:10:05.341Z] GET /api/system/navigation - IP: ::1 - START
[2025-07-17T02:10:05.364Z] [INFO] ℹ️  ✅ [2025-07-17T02:10:05.364Z] GET /api/system/navigation - 200 - 23ms - IP: ::1 - END
[2025-07-17T02:10:05.367Z] [INFO] ℹ️  🌐 [2025-07-17T02:10:05.367Z] GET /api/stats/system - IP: ::1 - START
[2025-07-17T02:10:05.370Z] [INFO] ℹ️  ✅ [2025-07-17T02:10:05.370Z] GET /api/stats/system - 200 - 3ms - IP: ::1 - END
[2025-07-17T02:10:09.450Z] [INFO] ℹ️  🔧 Sistema de logging inicializado
[2025-07-17T02:10:09.452Z] [INFO] ℹ️  📁 Logs a archivo: HABILITADO
[2025-07-17T02:10:09.454Z] [INFO] ℹ️  🖥️  Logs a consola: HABILITADO
[2025-07-17T02:10:09.454Z] [INFO] ℹ️  📄 Archivo de log: D:\DEV\image-manager\logs\server-2025-07-17.log
[2025-07-17T02:10:09.460Z] [INFO] ℹ️  🔧 Sistema de logging inicializado
[2025-07-17T02:10:09.462Z] [INFO] ℹ️  📁 Logs a archivo: HABILITADO
[2025-07-17T02:10:09.465Z] [INFO] ℹ️  🖥️  Logs a consola: HABILITADO
[2025-07-17T02:10:09.466Z] [INFO] ℹ️  📄 Archivo de log: D:\DEV\image-manager\logs\server-2025-07-17.log
[2025-07-17T02:10:09.566Z] [INFO] ℹ️  🔧 Sistema de logging inicializado
[2025-07-17T02:10:09.569Z] [INFO] ℹ️  📁 Logs a archivo: HABILITADO
[2025-07-17T02:10:09.570Z] [INFO] ℹ️  🖥️  Logs a consola: HABILITADO
[2025-07-17T02:10:09.570Z] [INFO] ℹ️  📄 Archivo de log: D:\DEV\image-manager\logs\server-2025-07-17.log
[2025-07-17T02:10:09.593Z] [INFO] ℹ️  🔧 Middleware de logging robusto configurado
[2025-07-17T02:10:09.620Z] [INFO] ℹ️  🔧 Middleware de logging robusto configurado
[2025-07-17T02:10:09.627Z] [INFO] ℹ️  🔧 Sistema de logging inicializado
[2025-07-17T02:10:09.628Z] [INFO] ℹ️  📁 Logs a archivo: HABILITADO
[2025-07-17T02:10:09.629Z] [INFO] ℹ️  🖥️  Logs a consola: HABILITADO
[2025-07-17T02:10:09.629Z] [INFO] ℹ️  📄 Archivo de log: D:\DEV\image-manager\logs\server-2025-07-17.log
[2025-07-17T02:10:09.729Z] [INFO] ℹ️  🔧 Middleware de logging robusto configurado
[2025-07-17T02:10:09.762Z] [INFO] ℹ️  🔧 Middleware de logging robusto configurado
[2025-07-17T02:10:12.602Z] [INFO] ℹ️  🌐 [2025-07-17T02:10:12.602Z] GET /api/system/navigation - IP: ::1 - START
[2025-07-17T02:10:12.620Z] [INFO] ℹ️  ✅ [2025-07-17T02:10:12.620Z] GET /api/system/navigation - 200 - 18ms - IP: ::1 - END
[2025-07-17T02:10:12.624Z] [INFO] ℹ️  🌐 [2025-07-17T02:10:12.624Z] GET /api/stats/system - IP: ::1 - START
[2025-07-17T02:10:12.629Z] [INFO] ℹ️  ✅ [2025-07-17T02:10:12.629Z] GET /api/stats/system - 200 - 5ms - IP: ::1 - END
[2025-07-17T02:10:17.359Z] [INFO] ℹ️  🔧 Sistema de logging inicializado
[2025-07-17T02:10:17.363Z] [INFO] ℹ️  📁 Logs a archivo: HABILITADO
[2025-07-17T02:10:17.367Z] [INFO] ℹ️  🖥️  Logs a consola: HABILITADO
[2025-07-17T02:10:17.370Z] [INFO] ℹ️  🔧 Sistema de logging inicializado
[2025-07-17T02:10:17.371Z] [INFO] ℹ️  📄 Archivo de log: D:\DEV\image-manager\logs\server-2025-07-17.log
[2025-07-17T02:10:17.374Z] [INFO] ℹ️  📁 Logs a archivo: HABILITADO
[2025-07-17T02:10:17.377Z] [INFO] ℹ️  🖥️  Logs a consola: HABILITADO
[2025-07-17T02:10:17.379Z] [INFO] ℹ️  📄 Archivo de log: D:\DEV\image-manager\logs\server-2025-07-17.log
[2025-07-17T02:10:17.386Z] [INFO] ℹ️  🔧 Sistema de logging inicializado
[2025-07-17T02:10:17.387Z] [INFO] ℹ️  📁 Logs a archivo: HABILITADO
[2025-07-17T02:10:17.387Z] [INFO] ℹ️  🖥️  Logs a consola: HABILITADO
[2025-07-17T02:10:17.388Z] [INFO] ℹ️  📄 Archivo de log: D:\DEV\image-manager\logs\server-2025-07-17.log
[2025-07-17T02:10:17.390Z] [INFO] ℹ️  🔧 Sistema de logging inicializado
[2025-07-17T02:10:17.391Z] [INFO] ℹ️  📁 Logs a archivo: HABILITADO
[2025-07-17T02:10:17.393Z] [INFO] ℹ️  🖥️  Logs a consola: HABILITADO
[2025-07-17T02:10:17.394Z] [INFO] ℹ️  📄 Archivo de log: D:\DEV\image-manager\logs\server-2025-07-17.log
[2025-07-17T02:10:17.576Z] [INFO] ℹ️  🔧 Middleware de logging robusto configurado
[2025-07-17T02:10:17.580Z] [INFO] ℹ️  🔧 Middleware de logging robusto configurado
[2025-07-17T02:10:17.585Z] [INFO] ℹ️  🔧 Middleware de logging robusto configurado
[2025-07-17T02:10:17.596Z] [INFO] ℹ️  🔧 Middleware de logging robusto configurado
[2025-07-17T02:10:20.465Z] [INFO] ℹ️  🌐 [2025-07-17T02:10:20.465Z] GET /api/system/navigation - IP: ::1 - START
[2025-07-17T02:10:20.481Z] [INFO] ℹ️  ✅ [2025-07-17T02:10:20.481Z] GET /api/system/navigation - 200 - 16ms - IP: ::1 - END
[2025-07-17T02:10:20.484Z] [INFO] ℹ️  🌐 [2025-07-17T02:10:20.484Z] GET /api/stats/system - IP: ::1 - START
[2025-07-17T02:10:20.489Z] [INFO] ℹ️  ✅ [2025-07-17T02:10:20.489Z] GET /api/stats/system - 200 - 5ms - IP: ::1 - END
[2025-07-17T02:10:25.477Z] [INFO] ℹ️  🔧 Sistema de logging inicializado
[2025-07-17T02:10:25.476Z] [INFO] ℹ️  🔧 Sistema de logging inicializado
[2025-07-17T02:10:25.478Z] [INFO] ℹ️  📁 Logs a archivo: HABILITADO
[2025-07-17T02:10:25.479Z] [INFO] ℹ️  🖥️  Logs a consola: HABILITADO
[2025-07-17T02:10:25.478Z] [INFO] ℹ️  📁 Logs a archivo: HABILITADO
[2025-07-17T02:10:25.479Z] [INFO] ℹ️  📄 Archivo de log: D:\DEV\image-manager\logs\server-2025-07-17.log
[2025-07-17T02:10:25.479Z] [INFO] ℹ️  🖥️  Logs a consola: HABILITADO
[2025-07-17T02:10:25.480Z] [INFO] ℹ️  📄 Archivo de log: D:\DEV\image-manager\logs\server-2025-07-17.log
[2025-07-17T02:10:25.542Z] [INFO] ℹ️  🔧 Sistema de logging inicializado
[2025-07-17T02:10:25.544Z] [INFO] ℹ️  📁 Logs a archivo: HABILITADO
[2025-07-17T02:10:25.545Z] [INFO] ℹ️  🖥️  Logs a consola: HABILITADO
[2025-07-17T02:10:25.546Z] [INFO] ℹ️  📄 Archivo de log: D:\DEV\image-manager\logs\server-2025-07-17.log
[2025-07-17T02:10:25.620Z] [INFO] ℹ️  🔧 Sistema de logging inicializado
[2025-07-17T02:10:25.622Z] [INFO] ℹ️  📁 Logs a archivo: HABILITADO
[2025-07-17T02:10:25.623Z] [INFO] ℹ️  🖥️  Logs a consola: HABILITADO
[2025-07-17T02:10:25.623Z] [INFO] ℹ️  📄 Archivo de log: D:\DEV\image-manager\logs\server-2025-07-17.log
[2025-07-17T02:10:25.633Z] [INFO] ℹ️  🔧 Middleware de logging robusto configurado
[2025-07-17T02:10:25.636Z] [INFO] ℹ️  🔧 Middleware de logging robusto configurado
[2025-07-17T02:10:25.728Z] [INFO] ℹ️  🔧 Middleware de logging robusto configurado
[2025-07-17T02:10:25.766Z] [INFO] ℹ️  🔧 Middleware de logging robusto configurado
[2025-07-17T02:10:28.939Z] [INFO] ℹ️  🌐 [2025-07-17T02:10:28.939Z] GET /api/system/navigation - IP: ::1 - START
[2025-07-17T02:10:28.952Z] [INFO] ℹ️  ✅ [2025-07-17T02:10:28.952Z] GET /api/system/navigation - 200 - 13ms - IP: ::1 - END
[2025-07-17T02:10:28.956Z] [INFO] ℹ️  🌐 [2025-07-17T02:10:28.956Z] GET /api/stats/system - IP: ::1 - START
[2025-07-17T02:10:28.960Z] [INFO] ℹ️  ✅ [2025-07-17T02:10:28.960Z] GET /api/stats/system - 200 - 4ms - IP: ::1 - END
[2025-07-17T02:10:32.532Z] [INFO] ℹ️  🌐 [2025-07-17T02:10:32.532Z] GET /api/albums - IP: ::1 - START
[2025-07-17T02:10:32.538Z] [ERROR] ❌ ❌ [2025-07-17T02:10:32.538Z] GET /api/albums - 500 - 6ms - IP: ::1 - END
[2025-07-17T02:11:24.142Z] [INFO] ℹ️  🌐 [2025-07-17T02:11:24.142Z] GET /api/system/navigation - IP: ::1 - START
[2025-07-17T02:11:24.159Z] [INFO] ℹ️  ✅ [2025-07-17T02:11:24.159Z] GET /api/system/navigation - 200 - 17ms - IP: ::1 - END
[2025-07-17T02:11:24.165Z] [INFO] ℹ️  🌐 [2025-07-17T02:11:24.165Z] GET /api/stats/system - IP: ::1 - START
[2025-07-17T02:11:24.168Z] [INFO] ℹ️  ✅ [2025-07-17T02:11:24.168Z] GET /api/stats/system - 200 - 3ms - IP: ::1 - END
[2025-07-17T03:28:38.162Z] [INFO] ℹ️  🌐 [2025-07-17T03:28:38.161Z] GET /api/albums - IP: ::1 - START
[2025-07-17T03:28:38.173Z] [ERROR] ❌ ❌ [2025-07-17T03:28:38.173Z] GET /api/albums - 500 - 12ms - IP: ::1 - END
[2025-07-17T03:28:57.673Z] [INFO] ℹ️  🌐 [2025-07-17T03:28:57.672Z] GET /api/albums - IP: ::1 - START
[2025-07-17T03:28:57.682Z] [ERROR] ❌ ❌ [2025-07-17T03:28:57.682Z] GET /api/albums - 500 - 10ms - IP: ::1 - END
[2025-07-17T03:29:44.339Z] [INFO] ℹ️  🔧 Sistema de logging inicializado
[2025-07-17T03:29:44.341Z] [INFO] ℹ️  📁 Logs a archivo: HABILITADO
[2025-07-17T03:29:44.342Z] [INFO] ℹ️  🖥️  Logs a consola: HABILITADO
[2025-07-17T03:29:44.342Z] [INFO] ℹ️  📄 Archivo de log: D:\DEV\image-manager\logs\server-2025-07-17.log
[2025-07-17T03:29:44.344Z] [INFO] ℹ️  🔧 Sistema de logging inicializado
[2025-07-17T03:29:44.344Z] [INFO] ℹ️  📁 Logs a archivo: HABILITADO
[2025-07-17T03:29:44.345Z] [INFO] ℹ️  🖥️  Logs a consola: HABILITADO
[2025-07-17T03:29:44.345Z] [INFO] ℹ️  📄 Archivo de log: D:\DEV\image-manager\logs\server-2025-07-17.log
[2025-07-17T03:29:44.480Z] [INFO] ℹ️  🔧 Middleware de logging robusto configurado
[2025-07-17T03:29:44.480Z] [INFO] ℹ️  🔧 Middleware de logging robusto configurado
[2025-07-17T03:29:47.625Z] [INFO] ℹ️  🌐 [2025-07-17T03:29:47.625Z] GET /api/system/navigation - IP: ::1 - START
[2025-07-17T03:29:47.648Z] [INFO] ℹ️  ✅ [2025-07-17T03:29:47.648Z] GET /api/system/navigation - 200 - 23ms - IP: ::1 - END
[2025-07-17T03:29:47.650Z] [INFO] ℹ️  🌐 [2025-07-17T03:29:47.650Z] GET /api/stats/system - IP: ::1 - START
[2025-07-17T03:29:47.653Z] [INFO] ℹ️  ✅ [2025-07-17T03:29:47.653Z] GET /api/stats/system - 200 - 3ms - IP: ::1 - END
[2025-07-17T03:29:53.981Z] [INFO] ℹ️  🔧 Sistema de logging inicializado
[2025-07-17T03:29:53.984Z] [INFO] ℹ️  📁 Logs a archivo: HABILITADO
[2025-07-17T03:29:53.986Z] [INFO] ℹ️  🖥️  Logs a consola: HABILITADO
[2025-07-17T03:29:53.986Z] [INFO] ℹ️  📄 Archivo de log: D:\DEV\image-manager\logs\server-2025-07-17.log
[2025-07-17T03:29:54.045Z] [INFO] ℹ️  🔧 Sistema de logging inicializado
[2025-07-17T03:29:54.046Z] [INFO] ℹ️  📁 Logs a archivo: HABILITADO
[2025-07-17T03:29:54.047Z] [INFO] ℹ️  🖥️  Logs a consola: HABILITADO
[2025-07-17T03:29:54.047Z] [INFO] ℹ️  📄 Archivo de log: D:\DEV\image-manager\logs\server-2025-07-17.log
[2025-07-17T03:29:54.126Z] [INFO] ℹ️  🔧 Sistema de logging inicializado
[2025-07-17T03:29:54.128Z] [INFO] ℹ️  📁 Logs a archivo: HABILITADO
[2025-07-17T03:29:54.129Z] [INFO] ℹ️  🖥️  Logs a consola: HABILITADO
[2025-07-17T03:29:54.129Z] [INFO] ℹ️  📄 Archivo de log: D:\DEV\image-manager\logs\server-2025-07-17.log
[2025-07-17T03:29:54.170Z] [INFO] ℹ️  🔧 Middleware de logging robusto configurado
[2025-07-17T03:29:54.212Z] [INFO] ℹ️  🔧 Sistema de logging inicializado
[2025-07-17T03:29:54.214Z] [INFO] ℹ️  📁 Logs a archivo: HABILITADO
[2025-07-17T03:29:54.214Z] [INFO] ℹ️  🖥️  Logs a consola: HABILITADO
[2025-07-17T03:29:54.215Z] [INFO] ℹ️  📄 Archivo de log: D:\DEV\image-manager\logs\server-2025-07-17.log
[2025-07-17T03:29:54.255Z] [INFO] ℹ️  🔧 Middleware de logging robusto configurado
[2025-07-17T03:29:54.337Z] [INFO] ℹ️  🔧 Middleware de logging robusto configurado
[2025-07-17T03:29:54.383Z] [INFO] ℹ️  🔧 Middleware de logging robusto configurado
[2025-07-17T03:29:57.744Z] [INFO] ℹ️  🌐 [2025-07-17T03:29:57.744Z] GET /api/system/navigation - IP: ::1 - START
[2025-07-17T03:29:57.767Z] [INFO] ℹ️  ✅ [2025-07-17T03:29:57.767Z] GET /api/system/navigation - 200 - 23ms - IP: ::1 - END
[2025-07-17T03:29:57.773Z] [INFO] ℹ️  🌐 [2025-07-17T03:29:57.773Z] GET /api/stats/system - IP: ::1 - START
[2025-07-17T03:29:57.777Z] [INFO] ℹ️  ✅ [2025-07-17T03:29:57.777Z] GET /api/stats/system - 200 - 4ms - IP: ::1 - END
[2025-07-17T03:29:58.984Z] [INFO] ℹ️  🌐 [2025-07-17T03:29:58.984Z] GET /api/albums - IP: ::1 - START
[2025-07-17T03:29:58.989Z] [ERROR] ❌ ❌ [2025-07-17T03:29:58.989Z] GET /api/albums - 500 - 5ms - IP: ::1 - END
[2025-07-17T03:30:29.517Z] [INFO] ℹ️  🌐 [2025-07-17T03:30:29.517Z] GET /api/system/navigation - IP: ::1 - START
[2025-07-17T03:30:29.542Z] [INFO] ℹ️  ✅ [2025-07-17T03:30:29.542Z] GET /api/system/navigation - 200 - 25ms - IP: ::1 - END
[2025-07-17T03:30:29.544Z] [INFO] ℹ️  🌐 [2025-07-17T03:30:29.544Z] GET /api/stats/system - IP: ::1 - START
[2025-07-17T03:30:29.546Z] [INFO] ℹ️  ✅ [2025-07-17T03:30:29.546Z] GET /api/stats/system - 200 - 2ms - IP: ::1 - END
[2025-07-17T03:30:31.917Z] [INFO] ℹ️  🌐 [2025-07-17T03:30:31.917Z] GET /api/albums - IP: ::1 - START
[2025-07-17T03:30:31.922Z] [ERROR] ❌ ❌ [2025-07-17T03:30:31.922Z] GET /api/albums - 500 - 5ms - IP: ::1 - END
[2025-07-17T03:30:53.478Z] [INFO] ℹ️  🔧 Sistema de logging inicializado
[2025-07-17T03:30:53.479Z] [INFO] ℹ️  📁 Logs a archivo: HABILITADO
[2025-07-17T03:30:53.480Z] [INFO] ℹ️  🖥️  Logs a consola: HABILITADO
[2025-07-17T03:30:53.481Z] [INFO] ℹ️  📄 Archivo de log: D:\DEV\image-manager\logs\server-2025-07-17.log
[2025-07-17T03:30:53.583Z] [INFO] ℹ️  🔧 Middleware de logging robusto configurado
[2025-07-17T03:31:01.125Z] [INFO] ℹ️  🌐 [2025-07-17T03:31:01.125Z] GET /api/albums - IP: ::1 - START
[2025-07-17T03:31:01.130Z] [ERROR] ❌ ❌ [2025-07-17T03:31:01.130Z] GET /api/albums - 500 - 5ms - IP: ::1 - END
[2025-07-17T03:31:20.460Z] [INFO] ℹ️  🔧 Sistema de logging inicializado
[2025-07-17T03:31:20.463Z] [INFO] ℹ️  📁 Logs a archivo: HABILITADO
[2025-07-17T03:31:20.465Z] [INFO] ℹ️  🖥️  Logs a consola: HABILITADO
[2025-07-17T03:31:20.465Z] [INFO] ℹ️  📄 Archivo de log: D:\DEV\image-manager\logs\server-2025-07-17.log
[2025-07-17T03:31:20.625Z] [INFO] ℹ️  🔧 Middleware de logging robusto configurado
[2025-07-17T03:31:20.654Z] [INFO] ℹ️  🔧 Sistema de logging inicializado
[2025-07-17T03:31:20.655Z] [INFO] ℹ️  📁 Logs a archivo: HABILITADO
[2025-07-17T03:31:20.656Z] [INFO] ℹ️  🖥️  Logs a consola: HABILITADO
[2025-07-17T03:31:20.657Z] [INFO] ℹ️  📄 Archivo de log: D:\DEV\image-manager\logs\server-2025-07-17.log
[2025-07-17T03:31:20.657Z] [INFO] ℹ️  🔧 Sistema de logging inicializado
[2025-07-17T03:31:20.658Z] [INFO] ℹ️  📁 Logs a archivo: HABILITADO
[2025-07-17T03:31:20.660Z] [INFO] ℹ️  🖥️  Logs a consola: HABILITADO
[2025-07-17T03:31:20.662Z] [INFO] ℹ️  📄 Archivo de log: D:\DEV\image-manager\logs\server-2025-07-17.log
[2025-07-17T03:31:20.787Z] [INFO] ℹ️  🔧 Middleware de logging robusto configurado
[2025-07-17T03:31:20.795Z] [INFO] ℹ️  🔧 Middleware de logging robusto configurado
[2025-07-17T03:31:23.749Z] [INFO] ℹ️  🌐 [2025-07-17T03:31:23.749Z] GET /api/system/navigation - IP: ::1 - START
[2025-07-17T03:31:23.764Z] [INFO] ℹ️  ✅ [2025-07-17T03:31:23.764Z] GET /api/system/navigation - 200 - 15ms - IP: ::1 - END
[2025-07-17T03:31:23.770Z] [INFO] ℹ️  🌐 [2025-07-17T03:31:23.770Z] GET /api/stats/system - IP: ::1 - START
[2025-07-17T03:31:23.774Z] [INFO] ℹ️  ✅ [2025-07-17T03:31:23.774Z] GET /api/stats/system - 200 - 4ms - IP: ::1 - END
[2025-07-17T03:31:37.111Z] [INFO] ℹ️  🌐 [2025-07-17T03:31:37.111Z] GET /api/albums - IP: ::1 - START
[2025-07-17T03:31:37.132Z] [ERROR] ❌ ❌ [2025-07-17T03:31:37.132Z] GET /api/albums - 500 - 21ms - IP: ::1 - END
[2025-07-17T03:32:19.328Z] [INFO] ℹ️  🌐 [2025-07-17T03:32:19.328Z] GET /api/albums - IP: ::1 - START
[2025-07-17T03:32:19.337Z] [ERROR] ❌ ❌ [2025-07-17T03:32:19.337Z] GET /api/albums - 500 - 9ms - IP: ::1 - END
[2025-07-17T03:32:35.219Z] [INFO] ℹ️  🔧 Sistema de logging inicializado
[2025-07-17T03:32:35.221Z] [INFO] ℹ️  📁 Logs a archivo: HABILITADO
[2025-07-17T03:32:35.222Z] [INFO] ℹ️  🖥️  Logs a consola: HABILITADO
[2025-07-17T03:32:35.223Z] [INFO] ℹ️  📄 Archivo de log: D:\DEV\image-manager\logs\server-2025-07-17.log
[2025-07-17T03:32:35.339Z] [INFO] ℹ️  🔧 Middleware de logging robusto configurado
[2025-07-17T03:32:42.807Z] [INFO] ℹ️  🌐 [2025-07-17T03:32:42.807Z] GET /api/albums - IP: ::1 - START
[2025-07-17T03:32:42.816Z] [ERROR] ❌ ❌ [2025-07-17T03:32:42.816Z] GET /api/albums - 500 - 9ms - IP: ::1 - END
[2025-07-17T03:51:34.763Z] [INFO] ℹ️  🔧 Sistema de logging inicializado
[2025-07-17T03:51:34.764Z] [INFO] ℹ️  📁 Logs a archivo: HABILITADO
[2025-07-17T03:51:34.765Z] [INFO] ℹ️  🖥️  Logs a consola: HABILITADO
[2025-07-17T03:51:34.765Z] [INFO] ℹ️  📄 Archivo de log: D:\DEV\image-manager\logs\server-2025-07-17.log
[2025-07-17T03:51:34.912Z] [INFO] ℹ️  🔧 Middleware de logging robusto configurado
[2025-07-17T03:51:48.206Z] [INFO] ℹ️  🌐 [2025-07-17T03:51:48.206Z] GET /api/albums - IP: ::1 - START
[2025-07-17T03:51:48.239Z] [ERROR] ❌ ❌ [2025-07-17T03:51:48.239Z] GET /api/albums - 500 - 33ms - IP: ::1 - END
[2025-07-17T03:52:19.295Z] [INFO] ℹ️  🌐 [2025-07-17T03:52:19.295Z] GET /api/system/navigation - IP: ::1 - START
[2025-07-17T03:52:19.340Z] [INFO] ℹ️  ✅ [2025-07-17T03:52:19.340Z] GET /api/system/navigation - 200 - 45ms - IP: ::1 - END
[2025-07-17T03:52:19.348Z] [INFO] ℹ️  🌐 [2025-07-17T03:52:19.348Z] GET /api/stats/system - IP: ::1 - START
[2025-07-17T03:52:19.355Z] [INFO] ℹ️  ✅ [2025-07-17T03:52:19.355Z] GET /api/stats/system - 200 - 7ms - IP: ::1 - END
[2025-07-17T03:52:53.246Z] [INFO] ℹ️  🔧 Sistema de logging inicializado
[2025-07-17T03:52:53.248Z] [INFO] ℹ️  📁 Logs a archivo: HABILITADO
[2025-07-17T03:52:53.250Z] [INFO] ℹ️  🖥️  Logs a consola: HABILITADO
[2025-07-17T03:52:53.250Z] [INFO] ℹ️  📄 Archivo de log: D:\DEV\image-manager\logs\server-2025-07-17.log
[2025-07-17T03:52:53.391Z] [INFO] ℹ️  🔧 Middleware de logging robusto configurado
[2025-07-17T03:52:53.462Z] [INFO] ℹ️  🔧 Sistema de logging inicializado
[2025-07-17T03:52:53.464Z] [INFO] ℹ️  📁 Logs a archivo: HABILITADO
[2025-07-17T03:52:53.465Z] [INFO] ℹ️  🖥️  Logs a consola: HABILITADO
[2025-07-17T03:52:53.466Z] [INFO] ℹ️  📄 Archivo de log: D:\DEV\image-manager\logs\server-2025-07-17.log
[2025-07-17T03:52:53.585Z] [INFO] ℹ️  🔧 Sistema de logging inicializado
[2025-07-17T03:52:53.587Z] [INFO] ℹ️  📁 Logs a archivo: HABILITADO
[2025-07-17T03:52:53.588Z] [INFO] ℹ️  🖥️  Logs a consola: HABILITADO
[2025-07-17T03:52:53.589Z] [INFO] ℹ️  📄 Archivo de log: D:\DEV\image-manager\logs\server-2025-07-17.log
[2025-07-17T03:52:53.619Z] [INFO] ℹ️  🔧 Middleware de logging robusto configurado
[2025-07-17T03:52:53.721Z] [INFO] ℹ️  🔧 Middleware de logging robusto configurado
[2025-07-17T03:52:57.614Z] [INFO] ℹ️  🌐 [2025-07-17T03:52:57.614Z] GET /api/system/navigation - IP: ::1 - START
[2025-07-17T03:52:57.656Z] [INFO] ℹ️  ✅ [2025-07-17T03:52:57.656Z] GET /api/system/navigation - 200 - 42ms - IP: ::1 - END
[2025-07-17T03:52:57.659Z] [INFO] ℹ️  🌐 [2025-07-17T03:52:57.659Z] GET /api/stats/system - IP: ::1 - START
[2025-07-17T03:52:57.664Z] [INFO] ℹ️  ✅ [2025-07-17T03:52:57.664Z] GET /api/stats/system - 200 - 5ms - IP: ::1 - END
[2025-07-17T03:52:59.349Z] [INFO] ℹ️  🌐 [2025-07-17T03:52:59.349Z] GET /api/albums - IP: ::1 - START
[2025-07-17T03:52:59.355Z] [ERROR] ❌ ❌ [2025-07-17T03:52:59.355Z] GET /api/albums - 500 - 6ms - IP: ::1 - END
[2025-07-17T03:53:56.500Z] [INFO] ℹ️  🔧 Sistema de logging inicializado
[2025-07-17T03:53:56.502Z] [INFO] ℹ️  📁 Logs a archivo: HABILITADO
[2025-07-17T03:53:56.503Z] [INFO] ℹ️  🖥️  Logs a consola: HABILITADO
[2025-07-17T03:53:56.504Z] [INFO] ℹ️  📄 Archivo de log: D:\DEV\image-manager\logs\server-2025-07-17.log
[2025-07-17T03:53:56.630Z] [INFO] ℹ️  🔧 Middleware de logging robusto configurado
[2025-07-17T03:53:56.647Z] [INFO] ℹ️  🔧 Sistema de logging inicializado
[2025-07-17T03:53:56.648Z] [INFO] ℹ️  📁 Logs a archivo: HABILITADO
[2025-07-17T03:53:56.648Z] [INFO] ℹ️  🖥️  Logs a consola: HABILITADO
[2025-07-17T03:53:56.649Z] [INFO] ℹ️  📄 Archivo de log: D:\DEV\image-manager\logs\server-2025-07-17.log
[2025-07-17T03:53:56.771Z] [INFO] ℹ️  🔧 Middleware de logging robusto configurado
[2025-07-17T03:53:59.775Z] [INFO] ℹ️  🌐 [2025-07-17T03:53:59.775Z] GET /api/system/navigation - IP: ::1 - START
[2025-07-17T03:53:59.803Z] [INFO] ℹ️  ✅ [2025-07-17T03:53:59.802Z] GET /api/system/navigation - 200 - 27ms - IP: ::1 - END
[2025-07-17T03:53:59.805Z] [INFO] ℹ️  🌐 [2025-07-17T03:53:59.805Z] GET /api/stats/system - IP: ::1 - START
[2025-07-17T03:53:59.809Z] [INFO] ℹ️  ✅ [2025-07-17T03:53:59.809Z] GET /api/stats/system - 200 - 4ms - IP: ::1 - END
[2025-07-17T03:54:01.154Z] [INFO] ℹ️  🌐 [2025-07-17T03:54:01.154Z] GET /api/albums - IP: ::1 - START
[2025-07-17T03:54:01.165Z] [ERROR] ❌ ❌ [2025-07-17T03:54:01.165Z] GET /api/albums - 500 - 11ms - IP: ::1 - END
[2025-07-17T03:54:48.186Z] [INFO] ℹ️  🔧 Sistema de logging inicializado
[2025-07-17T03:54:48.188Z] [INFO] ℹ️  📁 Logs a archivo: HABILITADO
[2025-07-17T03:54:48.190Z] [INFO] ℹ️  🖥️  Logs a consola: HABILITADO
[2025-07-17T03:54:48.191Z] [INFO] ℹ️  📄 Archivo de log: D:\DEV\image-manager\logs\server-2025-07-17.log
[2025-07-17T03:54:48.408Z] [INFO] ℹ️  🔧 Middleware de logging robusto configurado
[2025-07-17T03:54:48.494Z] [INFO] ℹ️  🔧 Sistema de logging inicializado
[2025-07-17T03:54:48.498Z] [INFO] ℹ️  📁 Logs a archivo: HABILITADO
[2025-07-17T03:54:48.499Z] [INFO] ℹ️  🖥️  Logs a consola: HABILITADO
[2025-07-17T03:54:48.500Z] [INFO] ℹ️  📄 Archivo de log: D:\DEV\image-manager\logs\server-2025-07-17.log
[2025-07-17T03:54:48.647Z] [INFO] ℹ️  🔧 Middleware de logging robusto configurado
[2025-07-17T03:54:48.715Z] [INFO] ℹ️  🔧 Sistema de logging inicializado
[2025-07-17T03:54:48.716Z] [INFO] ℹ️  📁 Logs a archivo: HABILITADO
[2025-07-17T03:54:48.716Z] [INFO] ℹ️  🖥️  Logs a consola: HABILITADO
[2025-07-17T03:54:48.717Z] [INFO] ℹ️  📄 Archivo de log: D:\DEV\image-manager\logs\server-2025-07-17.log
[2025-07-17T03:54:48.842Z] [INFO] ℹ️  🔧 Middleware de logging robusto configurado
[2025-07-17T03:54:52.936Z] [INFO] ℹ️  🌐 [2025-07-17T03:54:52.936Z] GET /api/system/navigation - IP: ::1 - START
[2025-07-17T03:54:52.955Z] [INFO] ℹ️  ✅ [2025-07-17T03:54:52.955Z] GET /api/system/navigation - 200 - 19ms - IP: ::1 - END
[2025-07-17T03:54:52.959Z] [INFO] ℹ️  🌐 [2025-07-17T03:54:52.959Z] GET /api/stats/system - IP: ::1 - START
[2025-07-17T03:54:52.965Z] [INFO] ℹ️  ✅ [2025-07-17T03:54:52.965Z] GET /api/stats/system - 200 - 6ms - IP: ::1 - END
[2025-07-17T03:54:53.279Z] [INFO] ℹ️  🌐 [2025-07-17T03:54:53.279Z] GET /api/albums - IP: ::1 - START
[2025-07-17T03:54:53.285Z] [ERROR] ❌ ❌ [2025-07-17T03:54:53.285Z] GET /api/albums - 500 - 6ms - IP: ::1 - END
[2025-07-17T03:55:46.530Z] [INFO] ℹ️  🔧 Sistema de logging inicializado
[2025-07-17T03:55:46.532Z] [INFO] ℹ️  📁 Logs a archivo: HABILITADO
[2025-07-17T03:55:46.534Z] [INFO] ℹ️  🖥️  Logs a consola: HABILITADO
[2025-07-17T03:55:46.535Z] [INFO] ℹ️  📄 Archivo de log: D:\DEV\image-manager\logs\server-2025-07-17.log
[2025-07-17T03:55:46.591Z] [INFO] ℹ️  🔧 Sistema de logging inicializado
[2025-07-17T03:55:46.592Z] [INFO] ℹ️  📁 Logs a archivo: HABILITADO
[2025-07-17T03:55:46.593Z] [INFO] ℹ️  🖥️  Logs a consola: HABILITADO
[2025-07-17T03:55:46.593Z] [INFO] ℹ️  📄 Archivo de log: D:\DEV\image-manager\logs\server-2025-07-17.log
[2025-07-17T03:55:46.702Z] [INFO] ℹ️  🔧 Middleware de logging robusto configurado
[2025-07-17T03:55:46.772Z] [INFO] ℹ️  🔧 Middleware de logging robusto configurado
[2025-07-17T03:55:47.082Z] [INFO] ℹ️  🔧 Sistema de logging inicializado
[2025-07-17T03:55:47.086Z] [INFO] ℹ️  📁 Logs a archivo: HABILITADO
[2025-07-17T03:55:47.087Z] [INFO] ℹ️  🖥️  Logs a consola: HABILITADO
[2025-07-17T03:55:47.088Z] [INFO] ℹ️  📄 Archivo de log: D:\DEV\image-manager\logs\server-2025-07-17.log
[2025-07-17T03:55:47.157Z] [INFO] ℹ️  🔧 Sistema de logging inicializado
[2025-07-17T03:55:47.158Z] [INFO] ℹ️  📁 Logs a archivo: HABILITADO
[2025-07-17T03:55:47.159Z] [INFO] ℹ️  🖥️  Logs a consola: HABILITADO
[2025-07-17T03:55:47.159Z] [INFO] ℹ️  📄 Archivo de log: D:\DEV\image-manager\logs\server-2025-07-17.log
[2025-07-17T03:55:47.266Z] [INFO] ℹ️  🔧 Middleware de logging robusto configurado
[2025-07-17T03:55:47.358Z] [INFO] ℹ️  🔧 Middleware de logging robusto configurado
[2025-07-17T03:55:50.387Z] [INFO] ℹ️  🌐 [2025-07-17T03:55:50.387Z] GET /api/system/navigation - IP: ::1 - START
[2025-07-17T03:55:50.409Z] [INFO] ℹ️  ✅ [2025-07-17T03:55:50.409Z] GET /api/system/navigation - 200 - 22ms - IP: ::1 - END
[2025-07-17T03:55:50.414Z] [INFO] ℹ️  🌐 [2025-07-17T03:55:50.413Z] GET /api/stats/system - IP: ::1 - START
[2025-07-17T03:55:50.417Z] [INFO] ℹ️  ✅ [2025-07-17T03:55:50.417Z] GET /api/stats/system - 200 - 4ms - IP: ::1 - END
[2025-07-17T03:56:16.034Z] [INFO] ℹ️  🔧 Sistema de logging inicializado
[2025-07-17T03:56:16.038Z] [INFO] ℹ️  📁 Logs a archivo: HABILITADO
[2025-07-17T03:56:16.040Z] [INFO] ℹ️  🖥️  Logs a consola: HABILITADO
[2025-07-17T03:56:16.041Z] [INFO] ℹ️  📄 Archivo de log: D:\DEV\image-manager\logs\server-2025-07-17.log
[2025-07-17T03:56:16.248Z] [INFO] ℹ️  🔧 Middleware de logging robusto configurado
[2025-07-17T03:56:16.310Z] [INFO] ℹ️  🔧 Sistema de logging inicializado
[2025-07-17T03:56:16.316Z] [INFO] ℹ️  📁 Logs a archivo: HABILITADO
[2025-07-17T03:56:16.320Z] [INFO] ℹ️  🖥️  Logs a consola: HABILITADO
[2025-07-17T03:56:16.323Z] [INFO] ℹ️  📄 Archivo de log: D:\DEV\image-manager\logs\server-2025-07-17.log
[2025-07-17T03:56:16.329Z] [INFO] ℹ️  🔧 Sistema de logging inicializado
[2025-07-17T03:56:16.330Z] [INFO] ℹ️  📁 Logs a archivo: HABILITADO
[2025-07-17T03:56:16.330Z] [INFO] ℹ️  🖥️  Logs a consola: HABILITADO
[2025-07-17T03:56:16.331Z] [INFO] ℹ️  📄 Archivo de log: D:\DEV\image-manager\logs\server-2025-07-17.log
[2025-07-17T03:56:16.480Z] [INFO] ℹ️  🔧 Sistema de logging inicializado
[2025-07-17T03:56:16.485Z] [INFO] ℹ️  📁 Logs a archivo: HABILITADO
[2025-07-17T03:56:16.489Z] [INFO] ℹ️  🖥️  Logs a consola: HABILITADO
[2025-07-17T03:56:16.493Z] [INFO] ℹ️  📄 Archivo de log: D:\DEV\image-manager\logs\server-2025-07-17.log
[2025-07-17T03:56:16.562Z] [INFO] ℹ️  🔧 Middleware de logging robusto configurado
[2025-07-17T03:56:16.653Z] [INFO] ℹ️  🔧 Middleware de logging robusto configurado
[2025-07-17T03:56:16.789Z] [INFO] ℹ️  🔧 Middleware de logging robusto configurado
[2025-07-17T03:56:20.626Z] [INFO] ℹ️  🌐 [2025-07-17T03:56:20.626Z] GET /api/system/navigation - IP: ::1 - START
[2025-07-17T03:56:20.644Z] [INFO] ℹ️  ✅ [2025-07-17T03:56:20.644Z] GET /api/system/navigation - 200 - 18ms - IP: ::1 - END
[2025-07-17T03:56:20.650Z] [INFO] ℹ️  🌐 [2025-07-17T03:56:20.650Z] GET /api/stats/system - IP: ::1 - START
[2025-07-17T03:56:20.653Z] [INFO] ℹ️  ✅ [2025-07-17T03:56:20.653Z] GET /api/stats/system - 200 - 3ms - IP: ::1 - END
[2025-07-17T05:07:45.855Z] [INFO] ℹ️  🌐 [2025-07-17T05:07:45.854Z] GET /api/albums - IP: ::1 - START
[2025-07-17T05:07:45.864Z] [ERROR] ❌ ❌ [2025-07-17T05:07:45.864Z] GET /api/albums - 500 - 10ms - IP: ::1 - END
[2025-07-17T05:26:44.552Z] [INFO] ℹ️  🔧 Sistema de logging inicializado
[2025-07-17T05:26:44.554Z] [INFO] ℹ️  📁 Logs a archivo: HABILITADO
[2025-07-17T05:26:44.555Z] [INFO] ℹ️  🖥️  Logs a consola: HABILITADO
[2025-07-17T05:26:44.555Z] [INFO] ℹ️  📄 Archivo de log: D:\DEV\image-manager\logs\server-2025-07-17.log
[2025-07-17T05:26:44.654Z] [INFO] ℹ️  🔧 Middleware de logging robusto configurado
[2025-07-17T05:26:49.755Z] [INFO] ℹ️  🔧 Sistema de logging inicializado
[2025-07-17T05:26:49.756Z] [INFO] ℹ️  📁 Logs a archivo: HABILITADO
[2025-07-17T05:26:49.757Z] [INFO] ℹ️  🖥️  Logs a consola: HABILITADO
[2025-07-17T05:26:49.758Z] [INFO] ℹ️  📄 Archivo de log: D:\DEV\image-manager\logs\server-2025-07-17.log
[2025-07-17T05:26:49.871Z] [INFO] ℹ️  🔧 Middleware de logging robusto configurado
[2025-07-17T05:27:34.623Z] [INFO] ℹ️  🔧 Sistema de logging inicializado
[2025-07-17T05:27:34.625Z] [INFO] ℹ️  📁 Logs a archivo: HABILITADO
[2025-07-17T05:27:34.627Z] [INFO] ℹ️  🖥️  Logs a consola: HABILITADO
[2025-07-17T05:27:34.628Z] [INFO] ℹ️  📄 Archivo de log: D:\DEV\image-manager\logs\server-2025-07-17.log
[2025-07-17T05:27:34.749Z] [INFO] ℹ️  🔧 Sistema de logging inicializado
[2025-07-17T05:27:34.750Z] [INFO] ℹ️  📁 Logs a archivo: HABILITADO
[2025-07-17T05:27:34.752Z] [INFO] ℹ️  🖥️  Logs a consola: HABILITADO
[2025-07-17T05:27:34.753Z] [INFO] ℹ️  📄 Archivo de log: D:\DEV\image-manager\logs\server-2025-07-17.log
[2025-07-17T05:27:34.873Z] [INFO] ℹ️  🔧 Middleware de logging robusto configurado
[2025-07-17T05:27:34.947Z] [INFO] ℹ️  🔧 Middleware de logging robusto configurado
[2025-07-17T05:27:34.952Z] [INFO] ℹ️  🔧 Sistema de logging inicializado
[2025-07-17T05:27:34.959Z] [INFO] ℹ️  📁 Logs a archivo: HABILITADO
[2025-07-17T05:27:34.965Z] [INFO] ℹ️  🖥️  Logs a consola: HABILITADO
[2025-07-17T05:27:34.970Z] [INFO] ℹ️  📄 Archivo de log: D:\DEV\image-manager\logs\server-2025-07-17.log
[2025-07-17T05:27:35.125Z] [INFO] ℹ️  🔧 Middleware de logging robusto configurado
[2025-07-17T05:27:52.044Z] [INFO] ℹ️  🌐 [2025-07-17T05:27:52.044Z] GET /api/albums - IP: ::1 - START
[2025-07-17T05:27:52.051Z] [ERROR] ❌ ❌ [2025-07-17T05:27:52.051Z] GET /api/albums - 500 - 7ms - IP: ::1 - END
[2025-07-17T05:30:06.861Z] [INFO] ℹ️  🔧 Sistema de logging inicializado
[2025-07-17T05:30:06.862Z] [INFO] ℹ️  📁 Logs a archivo: HABILITADO
[2025-07-17T05:30:06.862Z] [INFO] ℹ️  🖥️  Logs a consola: HABILITADO
[2025-07-17T05:30:06.863Z] [INFO] ℹ️  📄 Archivo de log: D:\DEV\image-manager\logs\server-2025-07-17.log
[2025-07-17T05:30:06.963Z] [INFO] ℹ️  🔧 Middleware de logging robusto configurado
[2025-07-17T05:49:35.118Z] [INFO] ℹ️  🔧 Sistema de logging inicializado
[2025-07-17T05:49:35.119Z] [INFO] ℹ️  📁 Logs a archivo: HABILITADO
[2025-07-17T05:49:35.120Z] [INFO] ℹ️  🖥️  Logs a consola: HABILITADO
[2025-07-17T05:49:35.120Z] [INFO] ℹ️  📄 Archivo de log: D:\DEV\image-manager\logs\server-2025-07-17.log
[2025-07-17T05:49:35.236Z] [INFO] ℹ️  🔧 Middleware de logging robusto configurado
[2025-07-17T05:49:43.934Z] [INFO] ℹ️  🌐 [2025-07-17T05:49:43.934Z] GET /api/albums - IP: ::1 - START
[2025-07-17T05:49:43.959Z] [ERROR] ❌ ❌ [2025-07-17T05:49:43.959Z] GET /api/albums - 500 - 25ms - IP: ::1 - END
[2025-07-17T05:51:59.866Z] [INFO] ℹ️  🔧 Sistema de logging inicializado
[2025-07-17T05:51:59.867Z] [INFO] ℹ️  📁 Logs a archivo: HABILITADO
[2025-07-17T05:51:59.867Z] [INFO] ℹ️  🖥️  Logs a consola: HABILITADO
[2025-07-17T05:51:59.868Z] [INFO] ℹ️  📄 Archivo de log: D:\DEV\image-manager\logs\server-2025-07-17.log
