[2025-07-12T07:23:26.861Z] [INFO] ℹ️  🔧 Sistema de logging inicializado
[2025-07-12T07:23:26.866Z] [INFO] ℹ️  📁 Logs a archivo: HABILITADO
[2025-07-12T07:23:26.866Z] [INFO] ℹ️  🖥️  Logs a consola: HABILITADO
[2025-07-12T07:23:26.867Z] [INFO] ℹ️  📄 Archivo de log: D:\DEV\image-manager\logs\server-2025-07-12.log
[2025-07-12T07:23:26.870Z] [INFO] ℹ️  🔧 Middleware de logging robusto configurado
[2025-07-12T07:23:40.074Z] [INFO] ℹ️  🔧 Sistema de logging inicializado
[2025-07-12T07:23:40.076Z] [INFO] ℹ️  📁 Logs a archivo: HABILITADO
[2025-07-12T07:23:40.077Z] [INFO] ℹ️  🖥️  Logs a consola: HABILITADO
[2025-07-12T07:23:40.078Z] [INFO] ℹ️  📄 Archivo de log: D:\DEV\image-manager\logs\server-2025-07-12.log
[2025-07-12T07:23:40.226Z] [INFO] ℹ️  🔧 Middleware de logging robusto configurado
[2025-07-12T07:23:54.178Z] [INFO] ℹ️  🔧 Sistema de logging inicializado
[2025-07-12T07:23:54.179Z] [INFO] ℹ️  📁 Logs a archivo: HABILITADO
[2025-07-12T07:23:54.181Z] [INFO] ℹ️  🖥️  Logs a consola: HABILITADO
[2025-07-12T07:23:54.182Z] [INFO] ℹ️  📄 Archivo de log: D:\DEV\image-manager\logs\server-2025-07-12.log
[2025-07-12T07:23:54.319Z] [INFO] ℹ️  🔧 Middleware de logging robusto configurado
[2025-07-12T07:24:56.305Z] [INFO] ℹ️  🔧 Sistema de logging inicializado
[2025-07-12T07:24:56.308Z] [INFO] ℹ️  📁 Logs a archivo: HABILITADO
[2025-07-12T07:24:56.310Z] [INFO] ℹ️  🖥️  Logs a consola: HABILITADO
[2025-07-12T07:24:56.310Z] [INFO] ℹ️  📄 Archivo de log: D:\DEV\image-manager\logs\server-2025-07-12.log
[2025-07-12T07:24:56.408Z] [INFO] ℹ️  🔧 Sistema de logging inicializado
[2025-07-12T07:24:56.409Z] [INFO] ℹ️  📁 Logs a archivo: HABILITADO
[2025-07-12T07:24:56.410Z] [INFO] ℹ️  🖥️  Logs a consola: HABILITADO
[2025-07-12T07:24:56.411Z] [INFO] ℹ️  📄 Archivo de log: D:\DEV\image-manager\logs\server-2025-07-12.log
[2025-07-12T07:24:56.483Z] [INFO] ℹ️  🔧 Middleware de logging robusto configurado
[2025-07-12T07:24:56.633Z] [INFO] ℹ️  🔧 Sistema de logging inicializado
[2025-07-12T07:24:56.635Z] [INFO] ℹ️  📁 Logs a archivo: HABILITADO
[2025-07-12T07:24:56.635Z] [INFO] ℹ️  🖥️  Logs a consola: HABILITADO
[2025-07-12T07:24:56.636Z] [INFO] ℹ️  📄 Archivo de log: D:\DEV\image-manager\logs\server-2025-07-12.log
[2025-07-12T07:24:56.707Z] [INFO] ℹ️  🔧 Middleware de logging robusto configurado
[2025-07-12T07:24:56.887Z] [INFO] ℹ️  🔧 Middleware de logging robusto configurado
[2025-07-12T07:24:56.947Z] [INFO] ℹ️  🔧 Sistema de logging inicializado
[2025-07-12T07:24:56.957Z] [INFO] ℹ️  📁 Logs a archivo: HABILITADO
[2025-07-12T07:24:56.973Z] [INFO] ℹ️  🖥️  Logs a consola: HABILITADO
[2025-07-12T07:24:56.975Z] [INFO] ℹ️  📄 Archivo de log: D:\DEV\image-manager\logs\server-2025-07-12.log
[2025-07-12T07:24:57.230Z] [INFO] ℹ️  🔧 Middleware de logging robusto configurado
[2025-07-12T07:25:34.493Z] [INFO] ℹ️  🔧 Sistema de logging inicializado
[2025-07-12T07:25:34.494Z] [INFO] ℹ️  📁 Logs a archivo: HABILITADO
[2025-07-12T07:25:34.494Z] [INFO] ℹ️  🖥️  Logs a consola: HABILITADO
[2025-07-12T07:25:34.495Z] [INFO] ℹ️  📄 Archivo de log: D:\DEV\image-manager\logs\server-2025-07-12.log
[2025-07-12T07:25:34.553Z] [INFO] ℹ️  🔧 Sistema de logging inicializado
[2025-07-12T07:25:34.556Z] [INFO] ℹ️  📁 Logs a archivo: HABILITADO
[2025-07-12T07:25:34.557Z] [INFO] ℹ️  🖥️  Logs a consola: HABILITADO
[2025-07-12T07:25:34.558Z] [INFO] ℹ️  📄 Archivo de log: D:\DEV\image-manager\logs\server-2025-07-12.log
[2025-07-12T07:25:34.693Z] [INFO] ℹ️  🔧 Middleware de logging robusto configurado
[2025-07-12T07:25:34.768Z] [INFO] ℹ️  🔧 Middleware de logging robusto configurado
[2025-07-12T07:26:14.226Z] [INFO] ℹ️  🔧 Sistema de logging inicializado
[2025-07-12T07:26:14.231Z] [INFO] ℹ️  📁 Logs a archivo: HABILITADO
[2025-07-12T07:26:14.231Z] [INFO] ℹ️  🖥️  Logs a consola: HABILITADO
[2025-07-12T07:26:14.232Z] [INFO] ℹ️  📄 Archivo de log: D:\DEV\image-manager\logs\server-2025-07-12.log
[2025-07-12T07:26:14.244Z] [INFO] ℹ️  🔧 Sistema de logging inicializado
[2025-07-12T07:26:14.247Z] [INFO] ℹ️  📁 Logs a archivo: HABILITADO
[2025-07-12T07:26:14.248Z] [INFO] ℹ️  🖥️  Logs a consola: HABILITADO
[2025-07-12T07:26:14.249Z] [INFO] ℹ️  📄 Archivo de log: D:\DEV\image-manager\logs\server-2025-07-12.log
[2025-07-12T07:26:14.392Z] [INFO] ℹ️  🔧 Sistema de logging inicializado
[2025-07-12T07:26:14.393Z] [INFO] ℹ️  📁 Logs a archivo: HABILITADO
[2025-07-12T07:26:14.393Z] [INFO] ℹ️  🖥️  Logs a consola: HABILITADO
[2025-07-12T07:26:14.393Z] [INFO] ℹ️  📄 Archivo de log: D:\DEV\image-manager\logs\server-2025-07-12.log
[2025-07-12T07:26:14.496Z] [INFO] ℹ️  🔧 Middleware de logging robusto configurado
[2025-07-12T07:26:14.535Z] [INFO] ℹ️  🔧 Middleware de logging robusto configurado
[2025-07-12T07:26:14.643Z] [INFO] ℹ️  🔧 Middleware de logging robusto configurado
[2025-07-12T07:26:14.661Z] [INFO] ℹ️  🔧 Sistema de logging inicializado
[2025-07-12T07:26:14.667Z] [INFO] ℹ️  📁 Logs a archivo: HABILITADO
[2025-07-12T07:26:14.669Z] [INFO] ℹ️  🖥️  Logs a consola: HABILITADO
[2025-07-12T07:26:14.670Z] [INFO] ℹ️  📄 Archivo de log: D:\DEV\image-manager\logs\server-2025-07-12.log
[2025-07-12T07:26:14.835Z] [INFO] ℹ️  🔧 Middleware de logging robusto configurado
[2025-07-12T07:27:13.798Z] [INFO] ℹ️  🔧 Sistema de logging inicializado
[2025-07-12T07:27:13.799Z] [INFO] ℹ️  📁 Logs a archivo: HABILITADO
[2025-07-12T07:27:13.800Z] [INFO] ℹ️  🖥️  Logs a consola: HABILITADO
[2025-07-12T07:27:13.800Z] [INFO] ℹ️  📄 Archivo de log: D:\DEV\image-manager\logs\server-2025-07-12.log
[2025-07-12T07:27:14.118Z] [INFO] ℹ️  🔧 Sistema de logging inicializado
[2025-07-12T07:27:14.138Z] [INFO] ℹ️  📁 Logs a archivo: HABILITADO
[2025-07-12T07:27:14.156Z] [INFO] ℹ️  🖥️  Logs a consola: HABILITADO
[2025-07-12T07:27:14.171Z] [INFO] ℹ️  📄 Archivo de log: D:\DEV\image-manager\logs\server-2025-07-12.log
[2025-07-12T07:27:14.198Z] [INFO] ℹ️  🔧 Middleware de logging robusto configurado
[2025-07-12T07:27:14.511Z] [INFO] ℹ️  🔧 Middleware de logging robusto configurado
[2025-07-12T07:27:14.896Z] [INFO] ℹ️  🔧 Sistema de logging inicializado
[2025-07-12T07:27:14.898Z] [INFO] ℹ️  📁 Logs a archivo: HABILITADO
[2025-07-12T07:27:14.900Z] [INFO] ℹ️  🖥️  Logs a consola: HABILITADO
[2025-07-12T07:27:14.900Z] [INFO] ℹ️  📄 Archivo de log: D:\DEV\image-manager\logs\server-2025-07-12.log
[2025-07-12T07:27:15.044Z] [INFO] ℹ️  🔧 Sistema de logging inicializado
[2025-07-12T07:27:15.045Z] [INFO] ℹ️  📁 Logs a archivo: HABILITADO
[2025-07-12T07:27:15.045Z] [INFO] ℹ️  🖥️  Logs a consola: HABILITADO
[2025-07-12T07:27:15.046Z] [INFO] ℹ️  📄 Archivo de log: D:\DEV\image-manager\logs\server-2025-07-12.log
[2025-07-12T07:27:15.117Z] [INFO] ℹ️  🔧 Middleware de logging robusto configurado
[2025-07-12T07:27:15.228Z] [INFO] ℹ️  🔧 Middleware de logging robusto configurado
[2025-07-12T07:27:43.112Z] [INFO] ℹ️  🔧 Sistema de logging inicializado
[2025-07-12T07:27:43.113Z] [INFO] ℹ️  📁 Logs a archivo: HABILITADO
[2025-07-12T07:27:43.113Z] [INFO] ℹ️  🖥️  Logs a consola: HABILITADO
[2025-07-12T07:27:43.114Z] [INFO] ℹ️  📄 Archivo de log: D:\DEV\image-manager\logs\server-2025-07-12.log
[2025-07-12T07:27:43.246Z] [INFO] ℹ️  🔧 Middleware de logging robusto configurado
[2025-07-12T07:28:00.585Z] [INFO] 🚀 GET /health - IP: ::1 - UA: Mozilla/5.0 (Windows NT; Windows NT 10.0; es-AR) W...
[2025-07-12T07:28:00.588Z] [INFO] ✅ GET /health - [32m200[0m - 2ms - 74 bytes
[2025-07-12T07:28:00.589Z] [INFO] ✅ GET /health - [32m200[0m - 4ms - 86 bytes
[2025-07-12T07:28:00.590Z] [INFO] ✅ GET /health - [32m200[0m - 5ms - 74 bytes
[2025-07-12T07:28:36.961Z] [INFO] 🚀 GET /api/stats/system - IP: ::1 - UA: Mozilla/5.0 (Windows NT 10.0; Win64; x64) AppleWeb...
[2025-07-12T07:28:36.966Z] [INFO] ✅ GET /api/stats/system - [32m200[0m - 5ms - 261 bytes
[2025-07-12T07:28:36.967Z] [INFO] ✅ GET /api/stats/system - [32m200[0m - 6ms - 293 bytes
[2025-07-12T07:28:36.968Z] [INFO] ✅ GET /api/stats/system - [36m304[0m - 7ms - 0 bytes
[2025-07-12T07:28:36.972Z] [INFO] 🚀 GET /api/system/navigation - IP: ::1 - UA: Mozilla/5.0 (Windows NT 10.0; Win64; x64) AppleWeb...
[2025-07-12T07:28:37.010Z] [INFO] ✅ GET /api/system/navigation - [32m200[0m - 38ms - 3229 bytes
[2025-07-12T07:28:37.010Z] [INFO] ✅ GET /api/system/navigation - [32m200[0m - 38ms - 3707 bytes
[2025-07-12T07:28:37.011Z] [INFO] ✅ GET /api/system/navigation - [32m200[0m - 39ms - 3257 bytes
[2025-07-12T07:28:37.017Z] [INFO] 🚀 GET /api/folders - IP: ::1 - UA: Mozilla/5.0 (Windows NT 10.0; Win64; x64) AppleWeb...
[2025-07-12T07:28:37.020Z] [INFO] ✅ GET /api/folders - [32m200[0m - 3ms - 1632 bytes
[2025-07-12T07:28:37.022Z] [INFO] ✅ GET /api/folders - [32m200[0m - 5ms - 1870 bytes
[2025-07-12T07:28:37.023Z] [INFO] ✅ GET /api/folders - [36m304[0m - 6ms - 0 bytes
[2025-07-12T07:28:37.025Z] [INFO] 🚀 GET /api/folders - IP: ::1 - UA: Mozilla/5.0 (Windows NT 10.0; Win64; x64) AppleWeb...
[2025-07-12T07:28:37.028Z] [INFO] ✅ GET /api/folders - [32m200[0m - 3ms - 1632 bytes
[2025-07-12T07:28:37.030Z] [INFO] ✅ GET /api/folders - [32m200[0m - 5ms - 1870 bytes
[2025-07-12T07:28:37.032Z] [INFO] ✅ GET /api/folders - [36m304[0m - 6ms - 0 bytes
[2025-07-12T07:29:12.242Z] [INFO] ℹ️  🔧 Sistema de logging inicializado
[2025-07-12T07:29:12.248Z] [INFO] ℹ️  📁 Logs a archivo: HABILITADO
[2025-07-12T07:29:12.249Z] [INFO] ℹ️  🖥️  Logs a consola: HABILITADO
[2025-07-12T07:29:12.249Z] [INFO] ℹ️  📄 Archivo de log: D:\DEV\image-manager\logs\server-2025-07-12.log
[2025-07-12T07:29:12.424Z] [INFO] ℹ️  🔧 Sistema de logging inicializado
[2025-07-12T07:29:12.425Z] [INFO] ℹ️  📁 Logs a archivo: HABILITADO
[2025-07-12T07:29:12.426Z] [INFO] ℹ️  🖥️  Logs a consola: HABILITADO
[2025-07-12T07:29:12.427Z] [INFO] ℹ️  📄 Archivo de log: D:\DEV\image-manager\logs\server-2025-07-12.log
[2025-07-12T07:29:12.585Z] [INFO] ℹ️  🔧 Middleware de logging robusto configurado
[2025-07-12T07:29:12.647Z] [INFO] ℹ️  🔧 Sistema de logging inicializado
[2025-07-12T07:29:12.672Z] [INFO] ℹ️  📁 Logs a archivo: HABILITADO
[2025-07-12T07:29:12.678Z] [INFO] ℹ️  🖥️  Logs a consola: HABILITADO
[2025-07-12T07:29:12.706Z] [INFO] ℹ️  📄 Archivo de log: D:\DEV\image-manager\logs\server-2025-07-12.log
[2025-07-12T07:29:12.726Z] [INFO] ℹ️  🔧 Middleware de logging robusto configurado
[2025-07-12T07:29:13.385Z] [INFO] ℹ️  🔧 Middleware de logging robusto configurado
[2025-07-12T07:29:17.204Z] [INFO] 🚀 GET /api/system/navigation - IP: ::1 - UA: Mozilla/5.0 (Windows NT 10.0; Win64; x64) AppleWeb...
[2025-07-12T07:29:17.226Z] [INFO] ✅ GET /api/system/navigation - [32m200[0m - 22ms - 3229 bytes
[2025-07-12T07:29:17.227Z] [INFO] ✅ GET /api/system/navigation - [32m200[0m - 23ms - 3707 bytes
[2025-07-12T07:29:17.228Z] [INFO] ✅ GET /api/system/navigation - [36m304[0m - 24ms - 0 bytes
[2025-07-12T07:29:17.231Z] [INFO] 🚀 GET /api/stats/system - IP: ::1 - UA: Mozilla/5.0 (Windows NT 10.0; Win64; x64) AppleWeb...
[2025-07-12T07:29:17.235Z] [INFO] ✅ GET /api/stats/system - [32m200[0m - 4ms - 261 bytes
[2025-07-12T07:29:17.236Z] [INFO] ✅ GET /api/stats/system - [32m200[0m - 5ms - 293 bytes
[2025-07-12T07:29:17.236Z] [INFO] ✅ GET /api/stats/system - [36m304[0m - 5ms - 0 bytes
[2025-07-12T07:29:17.241Z] [INFO] 🚀 GET /api/folders - IP: ::1 - UA: Mozilla/5.0 (Windows NT 10.0; Win64; x64) AppleWeb...
[2025-07-12T07:29:17.245Z] [INFO] ✅ GET /api/folders - [32m200[0m - 4ms - 1632 bytes
[2025-07-12T07:29:17.246Z] [INFO] ✅ GET /api/folders - [32m200[0m - 5ms - 1870 bytes
[2025-07-12T07:29:17.246Z] [INFO] ✅ GET /api/folders - [36m304[0m - 5ms - 0 bytes
[2025-07-12T07:29:17.272Z] [INFO] 🚀 GET /api/folders - IP: ::1 - UA: Mozilla/5.0 (Windows NT 10.0; Win64; x64) AppleWeb...
[2025-07-12T07:29:17.275Z] [INFO] ✅ GET /api/folders - [32m200[0m - 3ms - 1632 bytes
[2025-07-12T07:29:17.276Z] [INFO] ✅ GET /api/folders - [32m200[0m - 4ms - 1870 bytes
[2025-07-12T07:29:17.278Z] [INFO] ✅ GET /api/folders - [36m304[0m - 6ms - 0 bytes
[2025-07-12T07:29:24.341Z] [INFO] 🚀 GET /health - IP: ::1 - UA: Mozilla/5.0 (Windows NT; Windows NT 10.0; es-AR) W...
[2025-07-12T07:29:24.342Z] [INFO] ✅ GET /health - [32m200[0m - 1ms - 75 bytes
[2025-07-12T07:29:24.343Z] [INFO] ✅ GET /health - [32m200[0m - 2ms - 87 bytes
[2025-07-12T07:29:24.343Z] [INFO] ✅ GET /health - [32m200[0m - 2ms - 75 bytes
[2025-07-12T07:29:50.537Z] [INFO] ℹ️  🔧 Sistema de logging inicializado
[2025-07-12T07:29:50.540Z] [INFO] ℹ️  📁 Logs a archivo: HABILITADO
[2025-07-12T07:29:50.541Z] [INFO] ℹ️  🖥️  Logs a consola: HABILITADO
[2025-07-12T07:29:50.542Z] [INFO] ℹ️  📄 Archivo de log: D:\DEV\image-manager\logs\server-2025-07-12.log
[2025-07-12T07:29:50.857Z] [INFO] ℹ️  🔧 Sistema de logging inicializado
[2025-07-12T07:29:50.859Z] [INFO] ℹ️  📁 Logs a archivo: HABILITADO
[2025-07-12T07:29:50.860Z] [INFO] ℹ️  🖥️  Logs a consola: HABILITADO
[2025-07-12T07:29:50.863Z] [INFO] ℹ️  📄 Archivo de log: D:\DEV\image-manager\logs\server-2025-07-12.log
[2025-07-12T07:29:50.894Z] [INFO] ℹ️  🔧 Middleware de logging robusto configurado
[2025-07-12T07:29:51.410Z] [INFO] ℹ️  🔧 Middleware de logging robusto configurado
[2025-07-12T07:29:56.283Z] [INFO] 🚀 GET /api/system/navigation - IP: ::1 - UA: Mozilla/5.0 (Windows NT 10.0; Win64; x64) AppleWeb...
[2025-07-12T07:29:56.300Z] [INFO] ✅ GET /api/system/navigation - [32m200[0m - 17ms - 3229 bytes
[2025-07-12T07:29:56.301Z] [INFO] ✅ GET /api/system/navigation - [32m200[0m - 18ms - 3707 bytes
[2025-07-12T07:29:56.302Z] [INFO] ✅ GET /api/system/navigation - [36m304[0m - 19ms - 0 bytes
[2025-07-12T07:29:56.304Z] [INFO] 🚀 GET /api/stats/system - IP: ::1 - UA: Mozilla/5.0 (Windows NT 10.0; Win64; x64) AppleWeb...
[2025-07-12T07:29:56.306Z] [INFO] ✅ GET /api/stats/system - [32m200[0m - 2ms - 261 bytes
[2025-07-12T07:29:56.307Z] [INFO] ✅ GET /api/stats/system - [32m200[0m - 3ms - 293 bytes
[2025-07-12T07:29:56.308Z] [INFO] ✅ GET /api/stats/system - [36m304[0m - 4ms - 0 bytes
[2025-07-12T07:29:56.309Z] [INFO] 🚀 GET /api/folders - IP: ::1 - UA: Mozilla/5.0 (Windows NT 10.0; Win64; x64) AppleWeb...
[2025-07-12T07:29:56.310Z] [INFO] ✅ GET /api/folders - [32m200[0m - 1ms - 1632 bytes
[2025-07-12T07:29:56.311Z] [INFO] ✅ GET /api/folders - [32m200[0m - 2ms - 1870 bytes
[2025-07-12T07:29:56.312Z] [INFO] ✅ GET /api/folders - [36m304[0m - 3ms - 0 bytes
[2025-07-12T07:29:56.336Z] [INFO] 🚀 GET /api/folders - IP: ::1 - UA: Mozilla/5.0 (Windows NT 10.0; Win64; x64) AppleWeb...
[2025-07-12T07:29:56.338Z] [INFO] ✅ GET /api/folders - [32m200[0m - 2ms - 1632 bytes
[2025-07-12T07:29:56.339Z] [INFO] ✅ GET /api/folders - [32m200[0m - 3ms - 1870 bytes
[2025-07-12T07:29:56.340Z] [INFO] ✅ GET /api/folders - [36m304[0m - 4ms - 0 bytes
[2025-07-12T07:30:04.639Z] [INFO] 🚀 GET /health - IP: ::1 - UA: Mozilla/5.0 (Windows NT; Windows NT 10.0; es-AR) W...
[2025-07-12T07:30:04.640Z] [INFO] ✅ GET /health - [32m200[0m - 1ms - 75 bytes
[2025-07-12T07:30:04.640Z] [INFO] ✅ GET /health - [32m200[0m - 1ms - 87 bytes
[2025-07-12T07:30:04.641Z] [INFO] ✅ GET /health - [32m200[0m - 2ms - 75 bytes
[2025-07-12T07:30:39.113Z] [INFO] ℹ️  🔧 Sistema de logging inicializado
[2025-07-12T07:30:39.118Z] [INFO] ℹ️  📁 Logs a archivo: HABILITADO
[2025-07-12T07:30:39.121Z] [INFO] ℹ️  🔧 Sistema de logging inicializado
[2025-07-12T07:30:39.122Z] [INFO] ℹ️  📁 Logs a archivo: HABILITADO
[2025-07-12T07:30:39.122Z] [INFO] ℹ️  🖥️  Logs a consola: HABILITADO
[2025-07-12T07:30:39.122Z] [INFO] ℹ️  📄 Archivo de log: D:\DEV\image-manager\logs\server-2025-07-12.log
[2025-07-12T07:30:39.121Z] [INFO] ℹ️  🖥️  Logs a consola: HABILITADO
[2025-07-12T07:30:39.123Z] [INFO] ℹ️  📄 Archivo de log: D:\DEV\image-manager\logs\server-2025-07-12.log
[2025-07-12T07:30:39.310Z] [INFO] ℹ️  🔧 Middleware de logging robusto configurado
[2025-07-12T07:30:39.337Z] [INFO] ℹ️  🔧 Middleware de logging robusto configurado
[2025-07-12T07:30:42.778Z] [INFO] 🚀 GET /api/system/navigation - IP: ::1 - UA: Mozilla/5.0 (Windows NT 10.0; Win64; x64) AppleWeb...
[2025-07-12T07:30:42.792Z] [INFO] ✅ GET /api/system/navigation - [32m200[0m - 14ms - 3229 bytes
[2025-07-12T07:30:42.793Z] [INFO] ✅ GET /api/system/navigation - [32m200[0m - 15ms - 3707 bytes
[2025-07-12T07:30:42.793Z] [INFO] ✅ GET /api/system/navigation - [36m304[0m - 15ms - 0 bytes
[2025-07-12T07:30:42.794Z] [INFO] 🚀 GET /api/stats/system - IP: ::1 - UA: Mozilla/5.0 (Windows NT 10.0; Win64; x64) AppleWeb...
[2025-07-12T07:30:42.795Z] [INFO] ✅ GET /api/stats/system - [32m200[0m - 1ms - 261 bytes
[2025-07-12T07:30:42.795Z] [INFO] ✅ GET /api/stats/system - [32m200[0m - 1ms - 293 bytes
[2025-07-12T07:30:42.795Z] [INFO] ✅ GET /api/stats/system - [36m304[0m - 1ms - 0 bytes
[2025-07-12T07:30:42.806Z] [INFO] 🚀 GET /api/folders - IP: ::1 - UA: Mozilla/5.0 (Windows NT 10.0; Win64; x64) AppleWeb...
[2025-07-12T07:30:42.809Z] [INFO] ✅ GET /api/folders - [32m200[0m - 3ms - 1632 bytes
[2025-07-12T07:30:42.809Z] [INFO] ✅ GET /api/folders - [32m200[0m - 3ms - 1870 bytes
[2025-07-12T07:30:42.810Z] [INFO] ✅ GET /api/folders - [36m304[0m - 4ms - 0 bytes
[2025-07-12T07:30:42.874Z] [INFO] 🚀 GET /api/folders - IP: ::1 - UA: Mozilla/5.0 (Windows NT 10.0; Win64; x64) AppleWeb...
[2025-07-12T07:30:42.876Z] [INFO] ✅ GET /api/folders - [32m200[0m - 2ms - 1632 bytes
[2025-07-12T07:30:42.878Z] [INFO] ✅ GET /api/folders - [32m200[0m - 4ms - 1870 bytes
[2025-07-12T07:30:42.880Z] [INFO] ✅ GET /api/folders - [36m304[0m - 6ms - 0 bytes
[2025-07-12T07:30:52.939Z] [INFO] 🚀 GET /health - IP: ::1 - UA: Mozilla/5.0 (Windows NT; Windows NT 10.0; es-AR) W...
[2025-07-12T07:30:52.940Z] [INFO] ✅ GET /health - [32m200[0m - 1ms - 75 bytes
[2025-07-12T07:30:52.941Z] [INFO] ✅ GET /health - [32m200[0m - 2ms - 87 bytes
[2025-07-12T07:30:52.942Z] [INFO] ✅ GET /health - [32m200[0m - 3ms - 75 bytes
[2025-07-12T07:42:12.461Z] [INFO] ℹ️  🔧 Sistema de logging inicializado
[2025-07-12T07:42:12.461Z] [INFO] ℹ️  📁 Logs a archivo: HABILITADO
[2025-07-12T07:42:12.462Z] [INFO] ℹ️  🖥️  Logs a consola: HABILITADO
[2025-07-12T07:42:12.462Z] [INFO] ℹ️  📄 Archivo de log: D:\DEV\image-manager\logs\server-2025-07-12.log
[2025-07-12T07:42:12.578Z] [INFO] ℹ️  🔧 Middleware de logging robusto configurado
[2025-07-12T07:46:03.355Z] [INFO] ℹ️  🔧 Sistema de logging inicializado
[2025-07-12T07:46:03.356Z] [INFO] ℹ️  📁 Logs a archivo: HABILITADO
[2025-07-12T07:46:03.356Z] [INFO] ℹ️  🖥️  Logs a consola: HABILITADO
[2025-07-12T07:46:03.357Z] [INFO] ℹ️  📄 Archivo de log: D:\DEV\image-manager\logs\server-2025-07-12.log
[2025-07-12T07:46:03.492Z] [INFO] ℹ️  🔧 Middleware de logging robusto configurado
[2025-07-12T07:46:32.660Z] [INFO] ℹ️  🔧 Sistema de logging inicializado
[2025-07-12T07:46:32.661Z] [INFO] ℹ️  📁 Logs a archivo: HABILITADO
[2025-07-12T07:46:32.662Z] [INFO] ℹ️  🖥️  Logs a consola: HABILITADO
[2025-07-12T07:46:32.662Z] [INFO] ℹ️  📄 Archivo de log: D:\DEV\image-manager\logs\server-2025-07-12.log
[2025-07-12T07:46:32.786Z] [INFO] ℹ️  🔧 Middleware de logging robusto configurado
[2025-07-12T07:46:41.352Z] [INFO] ℹ️  🌐 [2025-07-12T07:46:41.352Z] GET /health - IP: ::1 - START
[2025-07-12T07:46:41.357Z] [INFO] ℹ️  ✅ [2025-07-12T07:46:41.357Z] GET /health - 200 - 5ms - IP: ::1 - END
[2025-07-12T07:51:07.728Z] [INFO] ℹ️  🔧 Sistema de logging inicializado
[2025-07-12T07:51:07.730Z] [INFO] ℹ️  📁 Logs a archivo: HABILITADO
[2025-07-12T07:51:07.730Z] [INFO] ℹ️  🖥️  Logs a consola: HABILITADO
[2025-07-12T07:51:07.730Z] [INFO] ℹ️  📄 Archivo de log: D:\DEV\image-manager\logs\server-2025-07-12.log
[2025-07-12T07:51:07.833Z] [INFO] ℹ️  🔧 Middleware de logging robusto configurado
