[2025-07-22T01:17:02.512Z] [INFO] ℹ️  🔧 Sistema de logging inicializado
[2025-07-22T01:17:02.513Z] [INFO] ℹ️  📁 Logs a archivo: HABILITADO
[2025-07-22T01:17:02.513Z] [INFO] ℹ️  🖥️  Logs a consola: HABILITADO
[2025-07-22T01:17:02.514Z] [INFO] ℹ️  📄 Archivo de log: D:\DEV\image-manager\logs\server-2025-07-22.log
[2025-07-22T01:17:02.619Z] [INFO] ℹ️  🔧 Middleware de logging robusto configurado
[2025-07-22T01:36:26.654Z] [INFO] ℹ️  🔧 Sistema de logging inicializado
[2025-07-22T01:36:26.655Z] [INFO] ℹ️  📁 Logs a archivo: HABILITADO
[2025-07-22T01:36:26.655Z] [INFO] ℹ️  🖥️  Logs a consola: HABILITADO
[2025-07-22T01:36:26.657Z] [INFO] ℹ️  📄 Archivo de log: D:\DEV\image-manager\logs\server-2025-07-22.log
[2025-07-22T01:36:26.751Z] [INFO] ℹ️  🔧 Middleware de logging robusto configurado
[2025-07-22T02:24:54.287Z] [INFO] ℹ️  🔧 Sistema de logging inicializado
[2025-07-22T02:24:54.288Z] [INFO] ℹ️  📁 Logs a archivo: HABILITADO
[2025-07-22T02:24:54.288Z] [INFO] ℹ️  🖥️  Logs a consola: HABILITADO
[2025-07-22T02:24:54.288Z] [INFO] ℹ️  📄 Archivo de log: D:\DEV\image-manager\logs\server-2025-07-22.log
[2025-07-22T02:24:54.404Z] [INFO] ℹ️  🔧 Middleware de logging robusto configurado
[2025-07-22T02:29:57.248Z] [INFO] ℹ️  🔧 Sistema de logging inicializado
[2025-07-22T02:29:57.248Z] [INFO] ℹ️  📁 Logs a archivo: HABILITADO
[2025-07-22T02:29:57.249Z] [INFO] ℹ️  🖥️  Logs a consola: HABILITADO
[2025-07-22T02:29:57.249Z] [INFO] ℹ️  📄 Archivo de log: D:\DEV\image-manager\logs\server-2025-07-22.log
[2025-07-22T02:29:57.351Z] [INFO] ℹ️  🔧 Middleware de logging robusto configurado
[2025-07-22T02:43:05.297Z] [INFO] ℹ️  🔧 Sistema de logging inicializado
[2025-07-22T02:43:05.298Z] [INFO] ℹ️  📁 Logs a archivo: HABILITADO
[2025-07-22T02:43:05.298Z] [INFO] ℹ️  🖥️  Logs a consola: HABILITADO
[2025-07-22T02:43:05.298Z] [INFO] ℹ️  📄 Archivo de log: D:\DEV\image-manager\logs\server-2025-07-22.log
[2025-07-22T02:43:05.410Z] [INFO] ℹ️  🔧 Middleware de logging robusto configurado
[2025-07-22T03:01:59.606Z] [INFO] ℹ️  🔧 Sistema de logging inicializado
[2025-07-22T03:01:59.606Z] [INFO] ℹ️  📁 Logs a archivo: HABILITADO
[2025-07-22T03:01:59.607Z] [INFO] ℹ️  🖥️  Logs a consola: HABILITADO
[2025-07-22T03:01:59.607Z] [INFO] ℹ️  📄 Archivo de log: D:\DEV\image-manager\logs\server-2025-07-22.log
[2025-07-22T03:01:59.713Z] [INFO] ℹ️  🔧 Middleware de logging robusto configurado
[2025-07-22T03:21:57.317Z] [INFO] ℹ️  🔧 Sistema de logging inicializado
[2025-07-22T03:21:57.317Z] [INFO] ℹ️  📁 Logs a archivo: HABILITADO
[2025-07-22T03:21:57.318Z] [INFO] ℹ️  🖥️  Logs a consola: HABILITADO
[2025-07-22T03:21:57.318Z] [INFO] ℹ️  📄 Archivo de log: D:\DEV\image-manager\logs\server-2025-07-22.log
[2025-07-22T03:21:57.437Z] [INFO] ℹ️  🔧 Middleware de logging robusto configurado
[2025-07-22T03:27:24.933Z] [INFO] ℹ️  🔧 Sistema de logging inicializado
[2025-07-22T03:27:24.934Z] [INFO] ℹ️  📁 Logs a archivo: HABILITADO
[2025-07-22T03:27:24.935Z] [INFO] ℹ️  🖥️  Logs a consola: HABILITADO
[2025-07-22T03:27:24.935Z] [INFO] ℹ️  📄 Archivo de log: D:\DEV\image-manager\logs\server-2025-07-22.log
[2025-07-22T03:27:25.054Z] [INFO] ℹ️  🔧 Middleware de logging robusto configurado
[2025-07-22T04:23:32.211Z] [INFO] ℹ️  🔧 Sistema de logging inicializado
[2025-07-22T04:23:32.212Z] [INFO] ℹ️  📁 Logs a archivo: HABILITADO
[2025-07-22T04:23:32.212Z] [INFO] ℹ️  🖥️  Logs a consola: HABILITADO
[2025-07-22T04:23:32.213Z] [INFO] ℹ️  📄 Archivo de log: D:\DEV\image-manager\logs\server-2025-07-22.log
[2025-07-22T04:23:32.335Z] [INFO] ℹ️  🔧 Middleware de logging robusto configurado
[2025-07-22T14:12:49.586Z] [INFO] ℹ️  🔧 Sistema de logging inicializado
[2025-07-22T14:12:49.588Z] [INFO] ℹ️  📁 Logs a archivo: HABILITADO
[2025-07-22T14:12:49.588Z] [INFO] ℹ️  🖥️  Logs a consola: HABILITADO
[2025-07-22T14:12:49.588Z] [INFO] ℹ️  📄 Archivo de log: D:\DEV\image-manager\logs\server-2025-07-22.log
[2025-07-22T14:12:50.161Z] [INFO] ℹ️  🔧 Middleware de logging robusto configurado
[2025-07-22T15:52:32.564Z] [INFO] ℹ️  🔧 Sistema de logging inicializado
[2025-07-22T15:52:32.564Z] [INFO] ℹ️  📁 Logs a archivo: HABILITADO
[2025-07-22T15:52:32.564Z] [INFO] ℹ️  🖥️  Logs a consola: HABILITADO
[2025-07-22T15:52:32.565Z] [INFO] ℹ️  📄 Archivo de log: D:\DEV\image-manager\logs\server-2025-07-22.log
[2025-07-22T15:52:32.656Z] [INFO] ℹ️  🔧 Middleware de logging robusto configurado
[2025-07-22T15:52:40.655Z] [INFO] ℹ️  🔧 Sistema de logging inicializado
[2025-07-22T15:52:40.656Z] [INFO] ℹ️  📁 Logs a archivo: HABILITADO
[2025-07-22T15:52:40.656Z] [INFO] ℹ️  🖥️  Logs a consola: HABILITADO
[2025-07-22T15:52:40.656Z] [INFO] ℹ️  📄 Archivo de log: D:\DEV\image-manager\logs\server-2025-07-22.log
[2025-07-22T15:52:40.750Z] [INFO] ℹ️  🔧 Middleware de logging robusto configurado
[2025-07-22T19:56:45.674Z] [INFO] ℹ️  🔧 Sistema de logging inicializado
[2025-07-22T19:56:45.674Z] [INFO] ℹ️  📁 Logs a archivo: HABILITADO
[2025-07-22T19:56:45.675Z] [INFO] ℹ️  🖥️  Logs a consola: HABILITADO
[2025-07-22T19:56:45.675Z] [INFO] ℹ️  📄 Archivo de log: D:\DEV\image-manager\logs\server-2025-07-22.log
[2025-07-22T19:56:45.785Z] [INFO] ℹ️  🔧 Middleware de logging robusto configurado
