📊 RESUMEN DE ERRORES
Total de archivos con errores: 1
Cantidad total de errores: 2

📁 ARCHIVOS AFECTADOS:
  src/components/views/folders/folder-content-view.tsx (líneas: 312, 328)

📋 DETALLE POR ARCHIVO:

src/components/views/folders/folder-content-view.tsx
  - línea 312 : TS2322
  - línea 328 : TS2322

════════════════════════════════════════════════════════════════════════════════
📄 LOG ORIGINAL:
════════════════════════════════════════════════════════════════════════════════

Comando: bunx tsc --noEmit --pretty
Fecha: 2025-08-30T04:44:14.355Z
Directorio: D:\DEV\image-manager
Modo tolerante: SÍ
Tipo: Linting
===============================================
[96msrc/components/views/folders/folder-content-view.tsx[0m:[93m312[0m:[93m5[0m - [91merror[0m[90m TS2322: [0mType '{ entityType: string; filterId: string; filterType: string; onItemClick: (item: DisplayableEntity) => void; onItemDoubleClick: (item: DisplayableEntity) => void; }' is not assignable to type 'IntrinsicAttributes & (FileBrowserProps | FileBrowserDataProps)'.
  Property 'entityType' does not exist on type 'IntrinsicAttributes & (FileBrowserProps | FileBrowserDataProps)'.

[7m312[0m     entityType="any"
[7m   [0m [91m    ~~~~~~~~~~[0m

[96msrc/components/views/folders/folder-content-view.tsx[0m:[93m328[0m:[93m5[0m - [91merror[0m[90m TS2322: [0mType '{ entityType: string; filterId: string; filterType: string; onItemClick: (item: DisplayableEntity) => void; onItemDoubleClick: (item: DisplayableEntity) => void; }' is not assignable to type 'IntrinsicAttributes & (FileBrowserProps | FileBrowserDataProps)'.
  Property 'entityType' does not exist on type 'IntrinsicAttributes & (FileBrowserProps | FileBrowserDataProps)'.

[7m328[0m     entityType="any"
[7m   [0m [91m    ~~~~~~~~~~[0m


Found 2 errors in the same file, starting at: src/components/views/folders/folder-content-view.tsx[90m:312[0m

