📊 RESUMEN DE ERRORES
Total de archivos con errores: 3
Cantidad total de errores: 3

📁 ARCHIVOS AFECTADOS:
  src/components/features/file-browser/views/list-grouped-view.tsx (líneas: 30)
  src/components/features/file-browser/views/single-grouped-view.tsx (líneas: 33)
  src/components/features/file-browser/views/table-grouped-view.tsx (líneas: 33)

📋 DETALLE POR ARCHIVO:

src/components/features/file-browser/views/list-grouped-view.tsx
  - línea 30 : TS2578

src/components/features/file-browser/views/single-grouped-view.tsx
  - línea 33 : TS2578

src/components/features/file-browser/views/table-grouped-view.tsx
  - línea 33 : TS2578

════════════════════════════════════════════════════════════════════════════════
📄 LOG ORIGINAL:
════════════════════════════════════════════════════════════════════════════════

Comando: bunx tsc --noEmit --pretty
Fecha: 2025-08-30T06:24:36.865Z
Directorio: D:\DEV\image-manager
Modo tolerante: SÍ
Tipo: Linting
===============================================
[96msrc/components/features/file-browser/views/list-grouped-view.tsx[0m:[93m30[0m:[93m8[0m - [91merror[0m[90m TS2578: [0mUnused '@ts-expect-error' directive.

[7m30[0m        // @ts-expect-error: prop opcional en implementación extendida
[7m  [0m [91m       ~~~~~~~~~~~~~~~~~~~~~~~~~~~~~~~~~~~~~~~~~~~~~~~~~~~~~~~~~~~~~~[0m

[96msrc/components/features/file-browser/views/single-grouped-view.tsx[0m:[93m33[0m:[93m8[0m - [91merror[0m[90m TS2578: [0mUnused '@ts-expect-error' directive.

[7m33[0m        // @ts-expect-error: prop opcional si la vista single soporta host externo
[7m  [0m [91m       ~~~~~~~~~~~~~~~~~~~~~~~~~~~~~~~~~~~~~~~~~~~~~~~~~~~~~~~~~~~~~~~~~~~~~~~~~~[0m

[96msrc/components/features/file-browser/views/table-grouped-view.tsx[0m:[93m33[0m:[93m8[0m - [91merror[0m[90m TS2578: [0mUnused '@ts-expect-error' directive.

[7m33[0m        // @ts-expect-error: prop opcional en implementación extendida (reutiliza lista)
[7m  [0m [91m       ~~~~~~~~~~~~~~~~~~~~~~~~~~~~~~~~~~~~~~~~~~~~~~~~~~~~~~~~~~~~~~~~~~~~~~~~~~~~~~~~[0m


Found 3 errors in 3 files.

Errors  Files
     1  src/components/features/file-browser/views/list-grouped-view.tsx[90m:30[0m
     1  src/components/features/file-browser/views/single-grouped-view.tsx[90m:33[0m
     1  src/components/features/file-browser/views/table-grouped-view.tsx[90m:33[0m
