Comando: bunx tsc --noEmit --pretty
Fecha: 2025-07-08T16:01:12.245Z
Directorio: D:\DEV\image-manager
Modo tolerante: SÍ
Tipo: Linting
===============================================
[96msrc/components/cards/document-card/document-card.tsx[0m:[93m172[0m:[93m31[0m - [91merror[0m[90m TS1005: [0m'...' expected.

[7m172[0m     {/* Contenido principal */}
[7m   [0m [91m                              ~[0m

[96msrc/components/cards/document-card/document-card.tsx[0m:[93m173[0m:[93m6[0m - [91merror[0m[90m TS1005: [0m'...' expected.

[7m173[0m     {!compact && (
[7m   [0m [91m     ~[0m

[96msrc/components/cards/document-card/document-card.tsx[0m:[93m226[0m:[93m26[0m - [91merror[0m[90m TS1005: [0m'...' expected.

[7m226[0m     {/* Pie de tarjeta */}
[7m   [0m [91m                         ~[0m

[96msrc/components/cards/document-card/document-card.tsx[0m:[93m227[0m:[93m5[0m - [91merror[0m[90m TS1003: [0mIdentifier expected.

[7m227[0m     <div className="p-3 border-t border-border/20">
[7m   [0m [91m    ~[0m

[96msrc/components/cards/image-card/image-card.tsx[0m:[93m399[0m:[93m22[0m - [91merror[0m[90m TS1005: [0m',' expected.

[7m399[0m    {       {showTags && imageData.tags?.length > 0 && !tcgMode && (
[7m   [0m [91m                     ~~[0m

[96msrc/components/cards/image-card/image-card.tsx[0m:[93m408[0m:[93m24[0m - [91merror[0m[90m TS1005: [0m',' expected.

[7m408[0m       {      {imageData.tags?.slice(0, 5).map((tag: TagWithStats) => (
[7m   [0m [91m                       ~[0m

[96msrc/components/cards/image-card/image-card.tsx[0m:[93m422[0m:[93m14[0m - [91merror[0m[90m TS1005: [0m'}' expected.

[7m422[0m              {imageData.tags?.length > 5 && (
[7m   [0m [91m             ~[0m

[96msrc/components/ui/particles.tsx[0m:[93m133[0m:[93m3[0m - [91merror[0m[90m TS1005: [0m')' expected.

[7m133[0m  };
[7m   [0m [91m  ~[0m

[96msrc/components/ui/particles.tsx[0m:[93m147[0m:[93m3[0m - [91merror[0m[90m TS1005: [0m')' expected.

[7m147[0m  };
[7m   [0m [91m  ~[0m

[96msrc/components/ui/particles.tsx[0m:[93m274[0m:[93m3[0m - [91merror[0m[90m TS1005: [0m')' expected.

[7m274[0m  };
[7m   [0m [91m  ~[0m


Found 10 errors in 3 files.

Errors  Files
     4  src/components/cards/document-card/document-card.tsx[90m:172[0m
     3  src/components/cards/image-card/image-card.tsx[90m:399[0m
     3  src/components/ui/particles.tsx[90m:133[0m
