Comando: bunx tsc --noEmit --pretty
Fecha: 2025-07-16T01:26:12.211Z
Directorio: D:\DEV\image-manager
Modo tolerante: SÍ
Tipo: Linting
===============================================
[96msrc/components/cards/prompt-card/prompt-card.tsx[0m:[93m252[0m:[93m12[0m - [91merror[0m[90m TS1003: [0mIdentifier expected.

[7m252[0m      <     <PromptCardContent
[7m   [0m [91m           ~[0m

[96msrc/components/cards/prompt-card/prompt-card.tsx[0m:[93m253[0m:[93m7[0m - [91merror[0m[90m TS1005: [0m'>' expected.

[7m253[0m       name={name}
[7m   [0m [91m      ~~~~[0m

[96msrc/components/forms/emoji-picker.tsx[0m:[93m200[0m:[93m7[0m - [91merror[0m[90m TS17008: [0mJSX element 'ScrollArea' has no corresponding closing tag.

[7m200[0m      <ScrollArea className="h-72">
[7m   [0m [91m      ~~~~~~~~~~[0m

[96msrc/components/settings/collections/collections-settings.tsx[0m:[93m193[0m:[93m6[0m - [91merror[0m[90m TS17008: [0mJSX element 'Card' has no corresponding closing tag.

[7m193[0m     <Card className="rounded-sm bg-muted/30 border-none h-[calc(100vh-8rem)] flex flex-col">
[7m   [0m [91m     ~~~~[0m

[96msrc/components/settings/collections/collections-settings.tsx[0m:[93m316[0m:[93m11[0m - [91merror[0m[90m TS1382: [0mUnexpected token. Did you mean `{'>'}` or `&gt;`?

[7m316[0m           >
[7m   [0m [91m          ~[0m

[96msrc/components/settings/collections/collections-settings.tsx[0m:[93m318[0m:[93m13[0m - [91merror[0m[90m TS17002: [0mExpected corresponding JSX closing tag for 'CardContent'.

[7m318[0m           </Button>
[7m   [0m [91m            ~~~~~~[0m

[96msrc/components/settings/collections/collections-settings.tsx[0m:[93m320[0m:[93m11[0m - [91merror[0m[90m TS1381: [0mUnexpected token. Did you mean `{'}'}` or `&rbrace;`?

[7m320[0m         ))}
[7m   [0m [91m          ~[0m

[96msrc/components/settings/collections/collections-settings.tsx[0m:[93m322[0m:[93m7[0m - [91merror[0m[90m TS1005: [0m')' expected.

[7m322[0m       </ScrollArea>
[7m   [0m [91m      ~~[0m

[96msrc/components/settings/collections/collections-settings.tsx[0m:[93m323[0m:[93m23[0m - [91merror[0m[90m TS1005: [0m';' expected.

[7m323[0m                onClick={(e) => {
[7m   [0m [91m                      ~[0m

[96msrc/components/settings/collections/collections-settings.tsx[0m:[93m327[0m:[93m15[0m - [91merror[0m[90m TS1109: [0mExpression expected.

[7m327[0m               >
[7m   [0m [91m              ~[0m

[96msrc/components/settings/collections/collections-settings.tsx[0m:[93m329[0m:[93m15[0m - [91merror[0m[90m TS1128: [0mDeclaration or statement expected.

[7m329[0m               </Button>
[7m   [0m [91m              ~~[0m

[96msrc/components/settings/collections/collections-settings.tsx[0m:[93m330[0m:[93m14[0m - [91merror[0m[90m TS1109: [0mExpression expected.

[7m330[0m              </div>
[7m   [0m [91m             ~~[0m

[96msrc/components/settings/collections/collections-settings.tsx[0m:[93m331[0m:[93m13[0m - [91merror[0m[90m TS1109: [0mExpression expected.

[7m331[0m             </div>
[7m   [0m [91m            ~~[0m

[96msrc/components/settings/collections/collections-settings.tsx[0m:[93m332[0m:[93m12[0m - [91merror[0m[90m TS1109: [0mExpression expected.

[7m332[0m            ))}
[7m   [0m [91m           ~[0m

[96msrc/components/settings/collections/collections-settings.tsx[0m:[93m332[0m:[93m13[0m - [91merror[0m[90m TS1128: [0mDeclaration or statement expected.

[7m332[0m            ))}
[7m   [0m [91m            ~[0m

[96msrc/components/settings/collections/collections-settings.tsx[0m:[93m333[0m:[93m11[0m - [91merror[0m[90m TS1128: [0mDeclaration or statement expected.

[7m333[0m           </div>
[7m   [0m [91m          ~~[0m

[96msrc/components/settings/collections/collections-settings.tsx[0m:[93m334[0m:[93m10[0m - [91merror[0m[90m TS1109: [0mExpression expected.

[7m334[0m          </ScrollArea>
[7m   [0m [91m         ~~[0m

[96msrc/components/settings/collections/collections-settings.tsx[0m:[93m335[0m:[93m24[0m - [91merror[0m[90m TS1005: [0m';' expected.

[7m335[0m                 onClick={(e) => {
[7m   [0m [91m                       ~[0m

[96msrc/components/settings/collections/collections-settings.tsx[0m:[93m339[0m:[93m16[0m - [91merror[0m[90m TS1109: [0mExpression expected.

[7m339[0m                >
[7m   [0m [91m               ~[0m

[96msrc/components/settings/collections/collections-settings.tsx[0m:[93m341[0m:[93m16[0m - [91merror[0m[90m TS1128: [0mDeclaration or statement expected.

[7m341[0m                </Button>
[7m   [0m [91m               ~~[0m

[96msrc/components/settings/collections/collections-settings.tsx[0m:[93m342[0m:[93m15[0m - [91merror[0m[90m TS1109: [0mExpression expected.

[7m342[0m               </div>
[7m   [0m [91m              ~~[0m

[96msrc/components/settings/collections/collections-settings.tsx[0m:[93m343[0m:[93m13[0m - [91merror[0m[90m TS1109: [0mExpression expected.

[7m343[0m             </div>
[7m   [0m [91m            ~~[0m

[96msrc/components/settings/collections/collections-settings.tsx[0m:[93m344[0m:[93m12[0m - [91merror[0m[90m TS1109: [0mExpression expected.

[7m344[0m            ))}
[7m   [0m [91m           ~[0m

[96msrc/components/settings/collections/collections-settings.tsx[0m:[93m344[0m:[93m13[0m - [91merror[0m[90m TS1128: [0mDeclaration or statement expected.

[7m344[0m            ))}
[7m   [0m [91m            ~[0m

[96msrc/components/settings/collections/collections-settings.tsx[0m:[93m344[0m:[93m14[0m - [91merror[0m[90m TS1128: [0mDeclaration or statement expected.

[7m344[0m            ))}
[7m   [0m [91m             ~[0m

[96msrc/components/settings/collections/collections-settings.tsx[0m:[93m345[0m:[93m11[0m - [91merror[0m[90m TS1128: [0mDeclaration or statement expected.

[7m345[0m           </div>
[7m   [0m [91m          ~~[0m

[96msrc/components/settings/collections/collections-settings.tsx[0m:[93m346[0m:[93m10[0m - [91merror[0m[90m TS1109: [0mExpression expected.

[7m346[0m          </ScrollArea>
[7m   [0m [91m         ~~[0m

[96msrc/components/settings/collections/collections-settings.tsx[0m:[93m347[0m:[93m15[0m - [91merror[0m[90m TS1161: [0mUnterminated regular expression literal.

[7m347[0m               />
[7m   [0m [91m              ~~[0m

[96msrc/components/settings/collections/collections-settings.tsx[0m:[93m348[0m:[93m14[0m - [91merror[0m[90m TS1128: [0mDeclaration or statement expected.

[7m348[0m              </div>
[7m   [0m [91m             ~~[0m

[96msrc/components/settings/collections/collections-settings.tsx[0m:[93m349[0m:[93m13[0m - [91merror[0m[90m TS1109: [0mExpression expected.

[7m349[0m             </div>
[7m   [0m [91m            ~~[0m

[96msrc/components/settings/collections/collections-settings.tsx[0m:[93m350[0m:[93m12[0m - [91merror[0m[90m TS1109: [0mExpression expected.

[7m350[0m            ))}
[7m   [0m [91m           ~[0m

[96msrc/components/settings/collections/collections-settings.tsx[0m:[93m350[0m:[93m13[0m - [91merror[0m[90m TS1128: [0mDeclaration or statement expected.

[7m350[0m            ))}
[7m   [0m [91m            ~[0m

[96msrc/components/settings/collections/collections-settings.tsx[0m:[93m350[0m:[93m14[0m - [91merror[0m[90m TS1128: [0mDeclaration or statement expected.

[7m350[0m            ))}
[7m   [0m [91m             ~[0m

[96msrc/components/settings/collections/collections-settings.tsx[0m:[93m351[0m:[93m11[0m - [91merror[0m[90m TS1128: [0mDeclaration or statement expected.

[7m351[0m           </div>
[7m   [0m [91m          ~~[0m

[96msrc/components/settings/collections/collections-settings.tsx[0m:[93m352[0m:[93m10[0m - [91merror[0m[90m TS1109: [0mExpression expected.

[7m352[0m          </ScrollArea>
[7m   [0m [91m         ~~[0m

[96msrc/components/settings/collections/collections-settings.tsx[0m:[93m353[0m:[93m19[0m - [91merror[0m[90m TS1005: [0m';' expected.

[7m353[0m            onClick={(e) => {
[7m   [0m [91m                  ~[0m

[96msrc/components/settings/collections/collections-settings.tsx[0m:[93m360[0m:[93m11[0m - [91merror[0m[90m TS1128: [0mDeclaration or statement expected.

[7m360[0m           </Button>
[7m   [0m [91m          ~~[0m

[96msrc/components/settings/collections/collections-settings.tsx[0m:[93m361[0m:[93m10[0m - [91merror[0m[90m TS1109: [0mExpression expected.

[7m361[0m          </div>
[7m   [0m [91m         ~~[0m

[96msrc/components/settings/collections/collections-settings.tsx[0m:[93m362[0m:[93m9[0m - [91merror[0m[90m TS1109: [0mExpression expected.

[7m362[0m         ))}
[7m   [0m [91m        ~[0m

[96msrc/components/settings/collections/collections-settings.tsx[0m:[93m362[0m:[93m10[0m - [91merror[0m[90m TS1128: [0mDeclaration or statement expected.

[7m362[0m         ))}
[7m   [0m [91m         ~[0m

[96msrc/components/settings/collections/collections-settings.tsx[0m:[93m362[0m:[93m11[0m - [91merror[0m[90m TS1128: [0mDeclaration or statement expected.

[7m362[0m         ))}
[7m   [0m [91m          ~[0m

[96msrc/components/settings/collections/collections-settings.tsx[0m:[93m363[0m:[93m8[0m - [91merror[0m[90m TS1128: [0mDeclaration or statement expected.

[7m363[0m        </div>
[7m   [0m [91m       ~~[0m

[96msrc/components/settings/collections/collections-settings.tsx[0m:[93m364[0m:[93m7[0m - [91merror[0m[90m TS1109: [0mExpression expected.

[7m364[0m       </ScrollArea>
[7m   [0m [91m      ~~[0m

[96msrc/components/settings/collections/collections-settings.tsx[0m:[93m365[0m:[93m6[0m - [91merror[0m[90m TS1109: [0mExpression expected.

[7m365[0m      </CardContent>
[7m   [0m [91m     ~~[0m

[96msrc/components/settings/collections/collections-settings.tsx[0m:[93m366[0m:[93m5[0m - [91merror[0m[90m TS1109: [0mExpression expected.

[7m366[0m     </Card>
[7m   [0m [91m    ~~[0m

[96msrc/components/settings/collections/collections-settings.tsx[0m:[93m447[0m:[93m7[0m - [91merror[0m[90m TS1128: [0mDeclaration or statement expected.

[7m447[0m       </div>
[7m   [0m [91m      ~~[0m

[96msrc/components/settings/collections/collections-settings.tsx[0m:[93m459[0m:[93m6[0m - [91merror[0m[90m TS1128: [0mDeclaration or statement expected.

[7m459[0m      </CardHeader>
[7m   [0m [91m     ~~[0m

[96msrc/components/settings/collections/collections-settings.tsx[0m:[93m540[0m:[93m5[0m - [91merror[0m[90m TS1128: [0mDeclaration or statement expected.

[7m540[0m     </Card>
[7m   [0m [91m    ~~[0m

[96msrc/components/settings/collections/collections-settings.tsx[0m:[93m541[0m:[93m4[0m - [91merror[0m[90m TS1109: [0mExpression expected.

[7m541[0m    </div>
[7m   [0m [91m   ~~[0m

[96msrc/components/settings/collections/collections-settings.tsx[0m:[93m651[0m:[93m3[0m - [91merror[0m[90m TS1128: [0mDeclaration or statement expected.

[7m651[0m   </div>
[7m   [0m [91m  ~~[0m

[96msrc/components/settings/collections/collections-settings.tsx[0m:[93m652[0m:[93m2[0m - [91merror[0m[90m TS1109: [0mExpression expected.

[7m652[0m  );
[7m   [0m [91m ~[0m

[96msrc/components/settings/collections/collections-settings.tsx[0m:[93m653[0m:[93m1[0m - [91merror[0m[90m TS1128: [0mDeclaration or statement expected.

[7m653[0m }
[7m   [0m [91m~[0m


Found 52 errors in 3 files.

Errors  Files
     2  src/components/cards/prompt-card/prompt-card.tsx[90m:252[0m
     1  src/components/forms/emoji-picker.tsx[90m:200[0m
    49  src/components/settings/collections/collections-settings.tsx[90m:193[0m
