📊 RESUMEN DE ERRORES
Total de archivos con errores: 2
Cantidad total de errores: 22

📁 ARCHIVOS AFECTADOS:
  src/services/file-entity-mapper/file-entity-mapper.service.backup.ts (líneas: 492, 529, 531, 568, 604, 606, 661, 670, 675, 713)
  src/services/file-entity-mapper/file-entity-mapper.service.clean.ts (líneas: 532, 535, 536)

📋 DETALLE POR ARCHIVO:

src/services/file-entity-mapper/file-entity-mapper.service.backup.ts
  - línea 492 : TS1003
  - línea 529 : TS1128
  - línea 531 : TS1128
  - línea 531 : TS1005
  - línea 568 : TS1128
  - línea 568 : TS1005
  - línea 604 : TS1005
  - línea 604 : TS1128
  - línea 606 : TS1128
  - línea 661 : TS1128
  - línea 661 : TS1005
  - línea 670 : TS1128
  - línea 675 : TS1128
  - línea 675 : TS1434
  - línea 675 : TS1005
  - línea 675 : TS1011
  - línea 713 : TS1128

src/services/file-entity-mapper/file-entity-mapper.service.clean.ts
  - línea 532 : TS1128
  - línea 535 : TS1128
  - línea 536 : TS1128

════════════════════════════════════════════════════════════════════════════════
📄 LOG ORIGINAL:
════════════════════════════════════════════════════════════════════════════════

Comando: bunx tsc --noEmit --pretty
Fecha: 2025-08-08T05:14:12.489Z
Directorio: D:\DEV\image-manager
Modo tolerante: SÍ
Tipo: Linting
===============================================
[96msrc/services/file-entity-mapper/file-entity-mapper.service.backup.ts[0m:[93m492[0m:[93m8[0m - [91merror[0m[90m TS1003: [0mIdentifier expected.

[7m492[0m  Error('File hash is required for audio creation');
[7m   [0m [91m       ~~~~~~~~~~~~~~~~~~~~~~~~~~~~~~~~~~~~~~~~~~[0m

[96msrc/services/file-entity-mapper/file-entity-mapper.service.backup.ts[0m:[93m529[0m:[93m1[0m - [91merror[0m[90m TS1128: [0mDeclaration or statement expected.

[7m529[0m }
[7m   [0m [91m~[0m

[96msrc/services/file-entity-mapper/file-entity-mapper.service.backup.ts[0m:[93m531[0m:[93m5[0m - [91merror[0m[90m TS1128: [0mDeclaration or statement expected.

[7m531[0m     case EntityType.FILE3D:
[7m   [0m [91m    ~~~~[0m

[96msrc/services/file-entity-mapper/file-entity-mapper.service.backup.ts[0m:[93m531[0m:[93m27[0m - [91merror[0m[90m TS1005: [0m';' expected.

[7m531[0m     case EntityType.FILE3D:
[7m   [0m [91m                          ~[0m

[96msrc/services/file-entity-mapper/file-entity-mapper.service.backup.ts[0m:[93m568[0m:[93m1[0m - [91merror[0m[90m TS1128: [0mDeclaration or statement expected.

[7m568[0m case EntityType.DOCUMENT:
[7m   [0m [91m~~~~[0m

[96msrc/services/file-entity-mapper/file-entity-mapper.service.backup.ts[0m:[93m568[0m:[93m25[0m - [91merror[0m[90m TS1005: [0m';' expected.

[7m568[0m case EntityType.DOCUMENT:
[7m   [0m [91m                        ~[0m

[96msrc/services/file-entity-mapper/file-entity-mapper.service.backup.ts[0m:[93m604[0m:[93m1[0m - [91merror[0m[90m TS1005: [0m'export' expected.

[7m604[0m default:
[7m   [0m [91m~~~~~~~[0m

[96msrc/services/file-entity-mapper/file-entity-mapper.service.backup.ts[0m:[93m604[0m:[93m8[0m - [91merror[0m[90m TS1128: [0mDeclaration or statement expected.

[7m604[0m default:
[7m   [0m [91m       ~[0m

[96msrc/services/file-entity-mapper/file-entity-mapper.service.backup.ts[0m:[93m606[0m:[93m1[0m - [91merror[0m[90m TS1128: [0mDeclaration or statement expected.

[7m606[0m }
[7m   [0m [91m~[0m

[96msrc/services/file-entity-mapper/file-entity-mapper.service.backup.ts[0m:[93m661[0m:[93m1[0m - [91merror[0m[90m TS1128: [0mDeclaration or statement expected.

[7m661[0m } catch (error)
[7m   [0m [91m~[0m

[96msrc/services/file-entity-mapper/file-entity-mapper.service.backup.ts[0m:[93m661[0m:[93m3[0m - [91merror[0m[90m TS1005: [0m'try' expected.

[7m661[0m } catch (error)
[7m   [0m [91m  ~~~~~[0m

[96msrc/services/file-entity-mapper/file-entity-mapper.service.backup.ts[0m:[93m670[0m:[93m1[0m - [91merror[0m[90m TS1128: [0mDeclaration or statement expected.

[7m670[0m }
[7m   [0m [91m~[0m

[96msrc/services/file-entity-mapper/file-entity-mapper.service.backup.ts[0m:[93m675[0m:[93m2[0m - [91merror[0m[90m TS1128: [0mDeclaration or statement expected.

[7m675[0m  public async processFiles(filePaths: string[], folderId: string): Promise<EntityCreationStats>
[7m   [0m [91m ~~~~~~[0m

[96msrc/services/file-entity-mapper/file-entity-mapper.service.backup.ts[0m:[93m675[0m:[93m9[0m - [91merror[0m[90m TS1434: [0mUnexpected keyword or identifier.

[7m675[0m  public async processFiles(filePaths: string[], folderId: string): Promise<EntityCreationStats>
[7m   [0m [91m        ~~~~~[0m

[96msrc/services/file-entity-mapper/file-entity-mapper.service.backup.ts[0m:[93m675[0m:[93m37[0m - [91merror[0m[90m TS1005: [0m',' expected.

[7m675[0m  public async processFiles(filePaths: string[], folderId: string): Promise<EntityCreationStats>
[7m   [0m [91m                                    ~[0m

[96msrc/services/file-entity-mapper/file-entity-mapper.service.backup.ts[0m:[93m675[0m:[93m46[0m - [91merror[0m[90m TS1011: [0mAn element access expression should take an argument.

[7m675[0m  public async processFiles(filePaths: string[], folderId: string): Promise<EntityCreationStats>
[7m   [0m [91m                                             [0m

[96msrc/services/file-entity-mapper/file-entity-mapper.service.backup.ts[0m:[93m675[0m:[93m57[0m - [91merror[0m[90m TS1005: [0m',' expected.

[7m675[0m  public async processFiles(filePaths: string[], folderId: string): Promise<EntityCreationStats>
[7m   [0m [91m                                                        ~[0m

[96msrc/services/file-entity-mapper/file-entity-mapper.service.backup.ts[0m:[93m675[0m:[93m66[0m - [91merror[0m[90m TS1005: [0m';' expected.

[7m675[0m  public async processFiles(filePaths: string[], folderId: string): Promise<EntityCreationStats>
[7m   [0m [91m                                                                 ~[0m

[96msrc/services/file-entity-mapper/file-entity-mapper.service.backup.ts[0m:[93m713[0m:[93m1[0m - [91merror[0m[90m TS1128: [0mDeclaration or statement expected.

[7m713[0m }
[7m   [0m [91m~[0m

[96msrc/services/file-entity-mapper/file-entity-mapper.service.clean.ts[0m:[93m532[0m:[93m1[0m - [91merror[0m[90m TS1128: [0mDeclaration or statement expected.

[7m532[0m }
[7m   [0m [91m~[0m

[96msrc/services/file-entity-mapper/file-entity-mapper.service.clean.ts[0m:[93m535[0m:[93m1[0m - [91merror[0m[90m TS1128: [0mDeclaration or statement expected.

[7m535[0m }
[7m   [0m [91m~[0m

[96msrc/services/file-entity-mapper/file-entity-mapper.service.clean.ts[0m:[93m536[0m:[93m1[0m - [91merror[0m[90m TS1128: [0mDeclaration or statement expected.

[7m536[0m }
[7m   [0m [91m~[0m


Found 22 errors in 2 files.

Errors  Files
    19  src/services/file-entity-mapper/file-entity-mapper.service.backup.ts[90m:492[0m
     3  src/services/file-entity-mapper/file-entity-mapper.service.clean.ts[90m:532[0m
