Comando: bunx tsc --noEmit --pretty
Fecha: 2025-07-28T02:09:08.427Z
Directorio: D:\DEV\image-manager
Modo tolerante: SÍ
Tipo: Linting
===============================================
[96msrc/components/features/file-browser/file-browser.tsx[0m:[93m103[0m:[93m25[0m - [91merror[0m[90m TS2304: [0mCannot find name 'useFileViewerStore'.

[7m103[0m  const { openViewer } = useFileViewerStore();
[7m   [0m [91m                        ~~~~~~~~~~~~~~~~~~[0m

[96msrc/components/features/file-browser/file-browser.tsx[0m:[93m109[0m:[93m35[0m - [91merror[0m[90m TS2304: [0mCannot find name 'useFileBrowserShortcuts'.

[7m109[0m  const { register, setContext } = useFileBrowserShortcuts();
[7m   [0m [91m                                  ~~~~~~~~~~~~~~~~~~~~~~~[0m

[96msrc/components/features/file-browser/file-browser.tsx[0m:[93m586[0m:[93m4[0m - [91merror[0m[90m TS2304: [0mCannot find name 'toastService'.

[7m586[0m    toastService.info(`${allIds.length} elementos seleccionados`);
[7m   [0m [91m   ~~~~~~~~~~~~[0m

[96msrc/components/features/file-browser/file-browser.tsx[0m:[93m591[0m:[93m5[0m - [91merror[0m[90m TS2304: [0mCannot find name 'toastService'.

[7m591[0m     toastService.warning('No hay elementos seleccionados para eliminar');
[7m   [0m [91m    ~~~~~~~~~~~~[0m

[96msrc/components/features/file-browser/file-browser.tsx[0m:[93m596[0m:[93m4[0m - [91merror[0m[90m TS2304: [0mCannot find name 'toastService'.

[7m596[0m    toastService.info(`Eliminar ${effectiveSelectedIds.length} elemento(s) - Funcionalidad pendiente`);
[7m   [0m [91m   ~~~~~~~~~~~~[0m

[96msrc/components/features/file-browser/file-browser.tsx[0m:[93m601[0m:[93m5[0m - [91merror[0m[90m TS2304: [0mCannot find name 'toastService'.

[7m601[0m     toastService.warning('No hay elementos seleccionados para renombrar');
[7m   [0m [91m    ~~~~~~~~~~~~[0m

[96msrc/components/features/file-browser/file-browser.tsx[0m:[93m606[0m:[93m5[0m - [91merror[0m[90m TS2304: [0mCannot find name 'toastService'.

[7m606[0m     toastService.warning('Solo se puede renombrar un elemento a la vez');
[7m   [0m [91m    ~~~~~~~~~~~~[0m

[96msrc/components/features/file-browser/file-browser.tsx[0m:[93m611[0m:[93m4[0m - [91merror[0m[90m TS2304: [0mCannot find name 'toastService'.

[7m611[0m    toastService.info('Renombrar elemento - Funcionalidad pendiente');
[7m   [0m [91m   ~~~~~~~~~~~~[0m

[96msrc/components/features/file-browser/file-browser.tsx[0m:[93m620[0m:[93m5[0m - [91merror[0m[90m TS2304: [0mCannot find name 'toastService'.

[7m620[0m     toastService.warning('No hay elementos seleccionados para copiar');
[7m   [0m [91m    ~~~~~~~~~~~~[0m

[96msrc/components/features/file-browser/file-browser.tsx[0m:[93m625[0m:[93m4[0m - [91merror[0m[90m TS2304: [0mCannot find name 'toastService'.

[7m625[0m    toastService.info(`${effectiveSelectedIds.length} elemento(s) copiado(s) - Funcionalidad pendiente`);
[7m   [0m [91m   ~~~~~~~~~~~~[0m

[96msrc/components/features/file-browser/file-browser.tsx[0m:[93m630[0m:[93m5[0m - [91merror[0m[90m TS2304: [0mCannot find name 'toastService'.

[7m630[0m     toastService.warning('No hay elementos seleccionados para cortar');
[7m   [0m [91m    ~~~~~~~~~~~~[0m

[96msrc/components/features/file-browser/file-browser.tsx[0m:[93m635[0m:[93m4[0m - [91merror[0m[90m TS2304: [0mCannot find name 'toastService'.

[7m635[0m    toastService.info(`${effectiveSelectedIds.length} elemento(s) cortado(s) - Funcionalidad pendiente`);
[7m   [0m [91m   ~~~~~~~~~~~~[0m

[96msrc/components/features/file-browser/file-browser.tsx[0m:[93m640[0m:[93m4[0m - [91merror[0m[90m TS2304: [0mCannot find name 'toastService'.

[7m640[0m    toastService.info('Pegar elementos - Funcionalidad pendiente');
[7m   [0m [91m   ~~~~~~~~~~~~[0m

[96msrc/components/features/file-browser/file-browser.tsx[0m:[93m645[0m:[93m5[0m - [91merror[0m[90m TS2304: [0mCannot find name 'toastService'.

[7m645[0m     toastService.warning('No hay elementos seleccionados para abrir');
[7m   [0m [91m    ~~~~~~~~~~~~[0m

[96msrc/components/features/file-browser/file-browser.tsx[0m:[93m656[0m:[93m63[0m - [91merror[0m[90m TS2339: [0mProperty 'title' does not exist on type 'never'.

[7m656[0m      alt: 'name' in item ? item.name : 'title' in item ? item.title : '',
[7m   [0m [91m                                                              ~~~~~[0m

[96msrc/components/features/file-browser/file-browser.tsx[0m:[93m657[0m:[93m65[0m - [91merror[0m[90m TS2339: [0mProperty 'title' does not exist on type 'never'.

[7m657[0m      title: 'name' in item ? item.name : 'title' in item ? item.title : '',
[7m   [0m [91m                                                                ~~~~~[0m

[96msrc/components/features/file-browser/file-browser.tsx[0m:[93m667[0m:[93m5[0m - [91merror[0m[90m TS2304: [0mCannot find name 'toastService'.

[7m667[0m     toastService.warning('No hay elementos seleccionados para previsualizar');
[7m   [0m [91m    ~~~~~~~~~~~~[0m

[96msrc/components/panels/right-panel/right-panel.tsx[0m:[93m9[0m:[93m38[0m - [91merror[0m[90m TS2307: [0mCannot find module '../stats-panel/stats-panel' or its corresponding type declarations.

[7m9[0m const StatsPanel = lazy(() => import('../stats-panel/stats-panel'));
[7m [0m [91m                                     ~~~~~~~~~~~~~~~~~~~~~~~~~~~~[0m

[96msrc/components/panels/right-panel/right-panel.tsx[0m:[93m11[0m:[93m9[0m - [91merror[0m[90m TS2307: [0mCannot find module '../stats-panel/components/folder-stats' or its corresponding type declarations.

[7m11[0m  import('../stats-panel/components/folder-stats').then((m) => ({ default: m.FolderStats }))
[7m  [0m [91m        ~~~~~~~~~~~~~~~~~~~~~~~~~~~~~~~~~~~~~~~~[0m

[96msrc/components/panels/right-panel/right-panel.tsx[0m:[93m44[0m:[93m29[0m - [91merror[0m[90m TS2322: [0mType '{ folderId: string; folderName: string | undefined; }' is not assignable to type 'IntrinsicAttributes'.
  Property 'folderId' does not exist on type 'IntrinsicAttributes'.

[7m44[0m    {folderId ? <FolderStats folderId={folderId} folderName={folderName} /> : <StatsPanel />}
[7m  [0m [91m                            ~~~~~~~~[0m

[96msrc/lib/keyboard/__tests__/keyboard-shortcut-manager.test.ts[0m:[93m26[0m:[93m22[0m - [91merror[0m[90m TS2345: [0mArgument of type '{ key: string; modifiers: readonly ["ctrl"]; action: string; description: string; }' is not assignable to parameter of type 'KeyboardShortcutConfig'.
  Types of property 'modifiers' are incompatible.
    The type 'readonly ["ctrl"]' is 'readonly' and cannot be assigned to the mutable type '("ctrl" | "shift" | "alt" | "meta")[]'.

[7m26[0m     manager.register(shortcut, mockHandler);
[7m  [0m [91m                     ~~~~~~~~[0m

[96msrc/lib/keyboard/__tests__/keyboard-shortcut-manager.test.ts[0m:[93m48[0m:[93m22[0m - [91merror[0m[90m TS2345: [0mArgument of type '{ key: string; modifiers: readonly ["ctrl"]; action: string; description: string; }' is not assignable to parameter of type 'KeyboardShortcutConfig'.
  Types of property 'modifiers' are incompatible.
    The type 'readonly ["ctrl"]' is 'readonly' and cannot be assigned to the mutable type '("ctrl" | "shift" | "alt" | "meta")[]'.

[7m48[0m     manager.register(shortcut, mockHandler);
[7m  [0m [91m                     ~~~~~~~~[0m

[96msrc/lib/keyboard/__tests__/keyboard-shortcut-manager.test.ts[0m:[93m71[0m:[93m22[0m - [91merror[0m[90m TS2345: [0mArgument of type '{ key: string; modifiers: readonly ["ctrl"]; action: string; description: string; context: "file-browser"; }' is not assignable to parameter of type 'KeyboardShortcutConfig'.
  Types of property 'modifiers' are incompatible.
    The type 'readonly ["ctrl"]' is 'readonly' and cannot be assigned to the mutable type '("ctrl" | "shift" | "alt" | "meta")[]'.

[7m71[0m     manager.register(shortcut, mockHandler);
[7m  [0m [91m                     ~~~~~~~~[0m

[96msrc/lib/keyboard/__tests__/keyboard-shortcut-manager.test.ts[0m:[93m94[0m:[93m22[0m - [91merror[0m[90m TS2345: [0mArgument of type '{ key: string; modifiers: readonly []; action: string; description: string; context: "global"; }' is not assignable to parameter of type 'KeyboardShortcutConfig'.
  Types of property 'modifiers' are incompatible.
    The type 'readonly []' is 'readonly' and cannot be assigned to the mutable type '("ctrl" | "shift" | "alt" | "meta")[]'.

[7m94[0m     manager.register(shortcut, mockHandler);
[7m  [0m [91m                     ~~~~~~~~[0m

[96msrc/lib/keyboard/__tests__/keyboard-shortcut-manager.test.ts[0m:[93m115[0m:[93m22[0m - [91merror[0m[90m TS2345: [0mArgument of type '{ key: string; modifiers: readonly ["ctrl"]; action: string; description: string; }' is not assignable to parameter of type 'KeyboardShortcutConfig'.
  Types of property 'modifiers' are incompatible.
    The type 'readonly ["ctrl"]' is 'readonly' and cannot be assigned to the mutable type '("ctrl" | "shift" | "alt" | "meta")[]'.

[7m115[0m     manager.register(shortcut, mockHandler);
[7m   [0m [91m                     ~~~~~~~~[0m

[96msrc/lib/keyboard/__tests__/keyboard-shortcut-manager.test.ts[0m:[93m116[0m:[93m24[0m - [91merror[0m[90m TS2345: [0mArgument of type '{ key: string; modifiers: readonly ["ctrl"]; action: string; description: string; }' is not assignable to parameter of type 'KeyboardShortcutConfig'.
  Types of property 'modifiers' are incompatible.
    The type 'readonly ["ctrl"]' is 'readonly' and cannot be assigned to the mutable type '("ctrl" | "shift" | "alt" | "meta")[]'.

[7m116[0m     manager.unregister(shortcut);
[7m   [0m [91m                       ~~~~~~~~[0m

[96msrc/lib/keyboard/__tests__/keyboard-shortcut-manager.test.ts[0m:[93m146[0m:[93m22[0m - [91merror[0m[90m TS2345: [0mArgument of type '{ key: string; modifiers: readonly []; action: string; description: string; context: "global"; }' is not assignable to parameter of type 'KeyboardShortcutConfig'.
  Types of property 'modifiers' are incompatible.
    The type 'readonly []' is 'readonly' and cannot be assigned to the mutable type '("ctrl" | "shift" | "alt" | "meta")[]'.

[7m146[0m     manager.register(globalShortcut, mockHandler);
[7m   [0m [91m                     ~~~~~~~~~~~~~~[0m

[96msrc/lib/keyboard/__tests__/keyboard-shortcut-manager.test.ts[0m:[93m147[0m:[93m22[0m - [91merror[0m[90m TS2345: [0mArgument of type '{ key: string; modifiers: readonly ["ctrl"]; action: string; description: string; context: "file-browser"; }' is not assignable to parameter of type 'KeyboardShortcutConfig'.
  Types of property 'modifiers' are incompatible.
    The type 'readonly ["ctrl"]' is 'readonly' and cannot be assigned to the mutable type '("ctrl" | "shift" | "alt" | "meta")[]'.

[7m147[0m     manager.register(contextShortcut, mockHandler);
[7m   [0m [91m                     ~~~~~~~~~~~~~~~[0m

[96msrc/lib/keyboard/use-keyboard-shortcuts.ts[0m:[93m66[0m:[93m40[0m - [91merror[0m[90m TS2345: [0mArgument of type '(event: KeyboardEvent) => boolean' is not assignable to parameter of type 'EventListenerOrEventListenerObject'.
  Type '(event: KeyboardEvent) => boolean' is not assignable to type 'EventListener'.
    Types of parameters 'event' and 'evt' are incompatible.
      Type 'Event' is missing the following properties from type 'KeyboardEvent': altKey, charCode, code, ctrlKey, and 17 more.

[7m66[0m     target.addEventListener('keydown', handleKeyDown);
[7m  [0m [91m                                       ~~~~~~~~~~~~~[0m

[96msrc/lib/keyboard/use-keyboard-shortcuts.ts[0m:[93m69[0m:[93m45[0m - [91merror[0m[90m TS2345: [0mArgument of type '(event: KeyboardEvent) => boolean' is not assignable to parameter of type 'EventListenerOrEventListenerObject'.
  Type '(event: KeyboardEvent) => boolean' is not assignable to type 'EventListener'.
    Types of parameters 'event' and 'evt' are incompatible.
      Type 'Event' is missing the following properties from type 'KeyboardEvent': altKey, charCode, code, ctrlKey, and 17 more.

[7m69[0m       target.removeEventListener('keydown', handleKeyDown);
[7m  [0m [91m                                            ~~~~~~~~~~~~~[0m


Found 30 errors in 4 files.

Errors  Files
    17  src/components/features/file-browser/file-browser.tsx[90m:103[0m
     3  src/components/panels/right-panel/right-panel.tsx[90m:9[0m
     8  src/lib/keyboard/__tests__/keyboard-shortcut-manager.test.ts[90m:26[0m
     2  src/lib/keyboard/use-keyboard-shortcuts.ts[90m:66[0m
