📊 RESUMEN DE ERRORES
Total de archivos con errores: 9
Cantidad total de errores: 25

📁 ARCHIVOS AFECTADOS:
  node_modules/@types/react-router-dom/index.d.ts (líneas: 13, 19, 20, 23, 24, 25, 26, 33, 34, 35, 37, 38, 39, 42)
  node_modules/glob/dist/commonjs/pattern.d.ts (líneas: 19)
  node_modules/glob/dist/commonjs/walker.d.ts (líneas: 54)
  node_modules/lru-cache/dist/commonjs/index.d.ts (líneas: 20, 866)
  node_modules/minimatch/dist/commonjs/ast.d.ts (líneas: 4)
  node_modules/path-scurry/dist/commonjs/index.d.ts (líneas: 115, 586)
  node_modules/react-router/dist/development/index.d.ts (líneas: 6)
  node_modules/react-router/dist/development/routeModules-qBivMBjd.d.ts (líneas: 364)
  src/transformers/document/mappers.ts (líneas: 9, 27)

📋 DETALLE POR ARCHIVO:

node_modules/@types/react-router-dom/index.d.ts
  - línea 13 : TS2724
  - línea 19 : TS2305
  - línea 20 : TS2305
  - línea 23 : TS2305
  - línea 24 : TS2724
  - línea 25 : TS2305
  - línea 26 : TS2305
  - línea 33 : TS2305
  - línea 34 : TS2305
  - línea 35 : TS2724
  - línea 37 : TS2305
  - línea 38 : TS2305
  - línea 39 : TS2305
  - línea 42 : TS2724

node_modules/glob/dist/commonjs/pattern.d.ts
  - línea 19 : TS18028

node_modules/glob/dist/commonjs/walker.d.ts
  - línea 54 : TS18028

node_modules/lru-cache/dist/commonjs/index.d.ts
  - línea 20 : TS18028
  - línea 866 : TS18028

node_modules/minimatch/dist/commonjs/ast.d.ts
  - línea 4 : TS18028

node_modules/path-scurry/dist/commonjs/index.d.ts
  - línea 115 : TS18028
  - línea 586 : TS18028

node_modules/react-router/dist/development/index.d.ts
  - línea 6 : TS1259

node_modules/react-router/dist/development/routeModules-qBivMBjd.d.ts
  - línea 364 : TS18028

src/transformers/document/mappers.ts
  - línea 9 : TS2307
  - línea 27 : TS2304

════════════════════════════════════════════════════════════════════════════════
📄 LOG ORIGINAL:
════════════════════════════════════════════════════════════════════════════════

Comando: bunx tsc --noEmit --pretty --noEmit src/transformers/document/mappers.ts
Fecha: 2025-08-08T15:24:29.716Z
Directorio: D:\DEV\image-manager
Modo tolerante: SÍ
Tipo: Linting
===============================================
[96mnode_modules/@types/react-router-dom/index.d.ts[0m:[93m13[0m:[93m10[0m - [91merror[0m[90m TS2724: [0m'"react-router"' has no exported member named 'match'. Did you mean 'UIMatch'?

[7m13[0m import { match } from 'react-router';
[7m  [0m [91m         ~~~~~[0m

[96mnode_modules/@types/react-router-dom/index.d.ts[0m:[93m19[0m:[93m5[0m - [91merror[0m[90m TS2305: [0mModule '"react-router"' has no exported member 'PromptProps'.

[7m19[0m     PromptProps,
[7m  [0m [91m    ~~~~~~~~~~~[0m

[96mnode_modules/@types/react-router-dom/index.d.ts[0m:[93m20[0m:[93m5[0m - [91merror[0m[90m TS2305: [0mModule '"react-router"' has no exported member 'Prompt'.

[7m20[0m     Prompt,
[7m  [0m [91m    ~~~~~~[0m

[96mnode_modules/@types/react-router-dom/index.d.ts[0m:[93m23[0m:[93m5[0m - [91merror[0m[90m TS2305: [0mModule '"react-router"' has no exported member 'RedirectProps'.

[7m23[0m     RedirectProps,
[7m  [0m [91m    ~~~~~~~~~~~~~[0m

[96mnode_modules/@types/react-router-dom/index.d.ts[0m:[93m24[0m:[93m5[0m - [91merror[0m[90m TS2724: [0m'"react-router"' has no exported member named 'Redirect'. Did you mean 'redirect'?

[7m24[0m     Redirect,
[7m  [0m [91m    ~~~~~~~~[0m

[96mnode_modules/@types/react-router-dom/index.d.ts[0m:[93m25[0m:[93m5[0m - [91merror[0m[90m TS2305: [0mModule '"react-router"' has no exported member 'RouteChildrenProps'.

[7m25[0m     RouteChildrenProps,
[7m  [0m [91m    ~~~~~~~~~~~~~~~~~~[0m

[96mnode_modules/@types/react-router-dom/index.d.ts[0m:[93m26[0m:[93m5[0m - [91merror[0m[90m TS2305: [0mModule '"react-router"' has no exported member 'RouteComponentProps'.

[7m26[0m     RouteComponentProps,
[7m  [0m [91m    ~~~~~~~~~~~~~~~~~~~[0m

[96mnode_modules/@types/react-router-dom/index.d.ts[0m:[93m33[0m:[93m5[0m - [91merror[0m[90m TS2305: [0mModule '"react-router"' has no exported member 'SwitchProps'.

[7m33[0m     SwitchProps,
[7m  [0m [91m    ~~~~~~~~~~~[0m

[96mnode_modules/@types/react-router-dom/index.d.ts[0m:[93m34[0m:[93m5[0m - [91merror[0m[90m TS2305: [0mModule '"react-router"' has no exported member 'Switch'.

[7m34[0m     Switch,
[7m  [0m [91m    ~~~~~~[0m

[96mnode_modules/@types/react-router-dom/index.d.ts[0m:[93m35[0m:[93m5[0m - [91merror[0m[90m TS2724: [0m'"react-router"' has no exported member named 'match'. Did you mean 'UIMatch'?

[7m35[0m     match,
[7m  [0m [91m    ~~~~~[0m

[96mnode_modules/@types/react-router-dom/index.d.ts[0m:[93m37[0m:[93m5[0m - [91merror[0m[90m TS2305: [0mModule '"react-router"' has no exported member 'withRouter'.

[7m37[0m     withRouter,
[7m  [0m [91m    ~~~~~~~~~~[0m

[96mnode_modules/@types/react-router-dom/index.d.ts[0m:[93m38[0m:[93m5[0m - [91merror[0m[90m TS2305: [0mModule '"react-router"' has no exported member 'RouterChildContext'.

[7m38[0m     RouterChildContext,
[7m  [0m [91m    ~~~~~~~~~~~~~~~~~~[0m

[96mnode_modules/@types/react-router-dom/index.d.ts[0m:[93m39[0m:[93m5[0m - [91merror[0m[90m TS2305: [0mModule '"react-router"' has no exported member 'useHistory'.

[7m39[0m     useHistory,
[7m  [0m [91m    ~~~~~~~~~~[0m

[96mnode_modules/@types/react-router-dom/index.d.ts[0m:[93m42[0m:[93m5[0m - [91merror[0m[90m TS2724: [0m'"react-router"' has no exported member named 'useRouteMatch'. Did you mean 'RouteMatch'?

[7m42[0m     useRouteMatch,
[7m  [0m [91m    ~~~~~~~~~~~~~[0m

[96mnode_modules/glob/dist/commonjs/pattern.d.ts[0m:[93m19[0m:[93m5[0m - [91merror[0m[90m TS18028: [0mPrivate identifiers are only available when targeting ECMAScript 2015 and higher.

[7m19[0m     #private;
[7m  [0m [91m    ~~~~~~~~[0m

[96mnode_modules/glob/dist/commonjs/walker.d.ts[0m:[93m54[0m:[93m5[0m - [91merror[0m[90m TS18028: [0mPrivate identifiers are only available when targeting ECMAScript 2015 and higher.

[7m54[0m     #private;
[7m  [0m [91m    ~~~~~~~~[0m

[96mnode_modules/lru-cache/dist/commonjs/index.d.ts[0m:[93m20[0m:[93m5[0m - [91merror[0m[90m TS18028: [0mPrivate identifiers are only available when targeting ECMAScript 2015 and higher.

[7m20[0m     #private;
[7m  [0m [91m    ~~~~~~~~[0m

[96mnode_modules/lru-cache/dist/commonjs/index.d.ts[0m:[93m866[0m:[93m5[0m - [91merror[0m[90m TS18028: [0mPrivate identifiers are only available when targeting ECMAScript 2015 and higher.

[7m866[0m     #private;
[7m   [0m [91m    ~~~~~~~~[0m

[96mnode_modules/minimatch/dist/commonjs/ast.d.ts[0m:[93m4[0m:[93m5[0m - [91merror[0m[90m TS18028: [0mPrivate identifiers are only available when targeting ECMAScript 2015 and higher.

[7m4[0m     #private;
[7m [0m [91m    ~~~~~~~~[0m

[96mnode_modules/path-scurry/dist/commonjs/index.d.ts[0m:[93m115[0m:[93m5[0m - [91merror[0m[90m TS18028: [0mPrivate identifiers are only available when targeting ECMAScript 2015 and higher.

[7m115[0m     #private;
[7m   [0m [91m    ~~~~~~~~[0m

[96mnode_modules/path-scurry/dist/commonjs/index.d.ts[0m:[93m586[0m:[93m5[0m - [91merror[0m[90m TS18028: [0mPrivate identifiers are only available when targeting ECMAScript 2015 and higher.

[7m586[0m     #private;
[7m   [0m [91m    ~~~~~~~~[0m

[96mnode_modules/react-router/dist/development/index.d.ts[0m:[93m6[0m:[93m8[0m - [91merror[0m[90m TS1259: [0mModule '"D:/DEV/image-manager/node_modules/@types/react/index"' can only be default-imported using the 'esModuleInterop' flag

[7m6[0m import React__default, { ReactElement } from 'react';
[7m [0m [91m       ~~~~~~~~~~~~~~[0m

  [96mnode_modules/@types/react/index.d.ts[0m:[93m66[0m:[93m1[0m
    [7m66[0m export = React;
    [7m  [0m [96m~~~~~~~~~~~~~~~[0m
    This module is declared with 'export =', and can only be used with a default import when using the 'esModuleInterop' flag.

[96mnode_modules/react-router/dist/development/routeModules-qBivMBjd.d.ts[0m:[93m364[0m:[93m5[0m - [91merror[0m[90m TS18028: [0mPrivate identifiers are only available when targeting ECMAScript 2015 and higher.

[7m364[0m     #private;
[7m   [0m [91m    ~~~~~~~~[0m

[96msrc/transformers/document/mappers.ts[0m:[93m9[0m:[93m74[0m - [91merror[0m[90m TS2307: [0mCannot find module '@/types/entities/document/base' or its corresponding type declarations.

[7m9[0m import type { DocumentBase, DocumentStatistics, DocumentWithStats } from '@/types/entities/document/base';
[7m [0m [91m                                                                         ~~~~~~~~~~~~~~~~~~~~~~~~~~~~~~~~[0m

[96msrc/transformers/document/mappers.ts[0m:[93m27[0m:[93m9[0m - [91merror[0m[90m TS2304: [0mCannot find name 'createDefaultEntityStats'.

[7m27[0m  return createDefaultEntityStats({
[7m  [0m [91m        ~~~~~~~~~~~~~~~~~~~~~~~~[0m


Found 25 errors in 9 files.

Errors  Files
    14  node_modules/@types/react-router-dom/index.d.ts[90m:13[0m
     1  node_modules/glob/dist/commonjs/pattern.d.ts[90m:19[0m
     1  node_modules/glob/dist/commonjs/walker.d.ts[90m:54[0m
     2  node_modules/lru-cache/dist/commonjs/index.d.ts[90m:20[0m
     1  node_modules/minimatch/dist/commonjs/ast.d.ts[90m:4[0m
     2  node_modules/path-scurry/dist/commonjs/index.d.ts[90m:115[0m
     1  node_modules/react-router/dist/development/index.d.ts[90m:6[0m
     1  node_modules/react-router/dist/development/routeModules-qBivMBjd.d.ts[90m:364[0m
     2  src/transformers/document/mappers.ts[90m:9[0m
