📊 RESUMEN DE ERRORES
Total de archivos con errores: 3
Cantidad total de errores: 4

📁 ARCHIVOS AFECTADOS:
  src/components/features/file-browser/views/canvas-common.ts (líneas: 10)
  src/components/features/file-browser/views/cards-view.tsx (líneas: 2)
  src/components/views/folders/folder-content-view.tsx (líneas: 312, 328)

📋 DETALLE POR ARCHIVO:

src/components/features/file-browser/views/canvas-common.ts
  - línea 10 : TS2307

src/components/features/file-browser/views/cards-view.tsx
  - línea 2 : TS2307

src/components/views/folders/folder-content-view.tsx
  - línea 312 : TS2322
  - línea 328 : TS2322

════════════════════════════════════════════════════════════════════════════════
📄 LOG ORIGINAL:
════════════════════════════════════════════════════════════════════════════════

Comando: bunx tsc --noEmit --pretty
Fecha: 2025-08-30T04:43:43.644Z
Directorio: D:\DEV\image-manager
Modo tolerante: SÍ
Tipo: Linting
===============================================
[96msrc/components/features/file-browser/views/canvas-common.ts[0m:[93m10[0m:[93m32[0m - [91merror[0m[90m TS2307: [0mCannot find module '../media-thumbnail' or its corresponding type declarations.

[7m10[0m import type { MediaItem } from '../media-thumbnail';
[7m  [0m [91m                               ~~~~~~~~~~~~~~~~~~~~[0m

[96msrc/components/features/file-browser/views/cards-view.tsx[0m:[93m2[0m:[93m32[0m - [91merror[0m[90m TS2307: [0mCannot find module '../media-thumbnail' or its corresponding type declarations.

[7m2[0m import type { MediaItem } from '../media-thumbnail';
[7m [0m [91m                               ~~~~~~~~~~~~~~~~~~~~[0m

[96msrc/components/views/folders/folder-content-view.tsx[0m:[93m312[0m:[93m5[0m - [91merror[0m[90m TS2322: [0mType '{ entityType: string; filterId: string; filterType: string; onItemClick: (item: DisplayableEntity) => void; onItemDoubleClick: (item: DisplayableEntity) => void; }' is not assignable to type 'IntrinsicAttributes & (FileBrowserProps | FileBrowserDataProps)'.
  Property 'entityType' does not exist on type 'IntrinsicAttributes & (FileBrowserProps | FileBrowserDataProps)'.

[7m312[0m     entityType="any"
[7m   [0m [91m    ~~~~~~~~~~[0m

[96msrc/components/views/folders/folder-content-view.tsx[0m:[93m328[0m:[93m5[0m - [91merror[0m[90m TS2322: [0mType '{ entityType: string; filterId: string; filterType: string; onItemClick: (item: DisplayableEntity) => void; onItemDoubleClick: (item: DisplayableEntity) => void; }' is not assignable to type 'IntrinsicAttributes & (FileBrowserProps | FileBrowserDataProps)'.
  Property 'entityType' does not exist on type 'IntrinsicAttributes & (FileBrowserProps | FileBrowserDataProps)'.

[7m328[0m     entityType="any"
[7m   [0m [91m    ~~~~~~~~~~[0m


Found 4 errors in 3 files.

Errors  Files
     1  src/components/features/file-browser/views/canvas-common.ts[90m:10[0m
     1  src/components/features/file-browser/views/cards-view.tsx[90m:2[0m
     2  src/components/views/folders/folder-content-view.tsx[90m:312[0m
