📊 RESUMEN DE ERRORES
Total de archivos con errores: 7
Cantidad total de errores: 14

📁 ARCHIVOS AFECTADOS:
  src/components/features/file-browser/file-browser.tsx (líneas: 4, 5, 6, 7, 8, 9)
  src/components/features/file-browser/views/cards-view.tsx (líneas: 132)
  src/components/features/file-browser/views/grid-grouped-view.tsx (líneas: 3)
  src/components/features/file-browser/views/list-grouped-view.tsx (líneas: 3, 30)
  src/components/features/file-browser/views/masonry-grouped-view.tsx (líneas: 3)
  src/components/features/file-browser/views/single-grouped-view.tsx (líneas: 4)
  src/components/features/file-browser/views/table-grouped-view.tsx (líneas: 3, 29)

📋 DETALLE POR ARCHIVO:

src/components/features/file-browser/file-browser.tsx
  - línea 4 : TS2614
  - línea 5 : TS2614
  - línea 6 : TS2614
  - línea 7 : TS2614
  - línea 8 : TS2614
  - línea 9 : TS2307

src/components/features/file-browser/views/cards-view.tsx
  - línea 132 : TS2339

src/components/features/file-browser/views/grid-grouped-view.tsx
  - línea 3 : TS2614

src/components/features/file-browser/views/list-grouped-view.tsx
  - línea 3 : TS2614
  - línea 30 : TS2578

src/components/features/file-browser/views/masonry-grouped-view.tsx
  - línea 3 : TS2614

src/components/features/file-browser/views/single-grouped-view.tsx
  - línea 4 : TS2614

src/components/features/file-browser/views/table-grouped-view.tsx
  - línea 3 : TS2307
  - línea 29 : TS2578

════════════════════════════════════════════════════════════════════════════════
📄 LOG ORIGINAL:
════════════════════════════════════════════════════════════════════════════════

Comando: bunx tsc --noEmit --pretty
Fecha: 2025-08-30T07:55:26.956Z
Directorio: D:\DEV\image-manager
Modo tolerante: SÍ
Tipo: Linting
===============================================
[96msrc/components/features/file-browser/file-browser.tsx[0m:[93m4[0m:[93m10[0m - [91merror[0m[90m TS2614: [0mModule '"@/components/features/file-browser/views/grid-view"' has no exported member 'FileCanvas'. Did you mean to use 'import FileCanvas from "@/components/features/file-browser/views/grid-view"' instead?

[7m4[0m import { FileCanvas } from '@/components/features/file-browser/views/grid-view';
[7m [0m [91m         ~~~~~~~~~~[0m

[96msrc/components/features/file-browser/file-browser.tsx[0m:[93m5[0m:[93m10[0m - [91merror[0m[90m TS2614: [0mModule '"@/components/features/file-browser/views/cards-view"' has no exported member 'FileCanvasCards'. Did you mean to use 'import FileCanvasCards from "@/components/features/file-browser/views/cards-view"' instead?

[7m5[0m import { FileCanvasCards } from '@/components/features/file-browser/views/cards-view';
[7m [0m [91m         ~~~~~~~~~~~~~~~[0m

[96msrc/components/features/file-browser/file-browser.tsx[0m:[93m6[0m:[93m10[0m - [91merror[0m[90m TS2614: [0mModule '"@/components/features/file-browser/views/list-view"' has no exported member 'FileCanvasList'. Did you mean to use 'import FileCanvasList from "@/components/features/file-browser/views/list-view"' instead?

[7m6[0m import { FileCanvasList } from '@/components/features/file-browser/views/list-view';
[7m [0m [91m         ~~~~~~~~~~~~~~[0m

[96msrc/components/features/file-browser/file-browser.tsx[0m:[93m7[0m:[93m10[0m - [91merror[0m[90m TS2614: [0mModule '"@/components/features/file-browser/views/masonry-view"' has no exported member 'FileCanvasMasonry'. Did you mean to use 'import FileCanvasMasonry from "@/components/features/file-browser/views/masonry-view"' instead?

[7m7[0m import { FileCanvasMasonry } from '@/components/features/file-browser/views/masonry-view';
[7m [0m [91m         ~~~~~~~~~~~~~~~~~[0m

[96msrc/components/features/file-browser/file-browser.tsx[0m:[93m8[0m:[93m10[0m - [91merror[0m[90m TS2614: [0mModule '"@/components/features/file-browser/views/single-view"' has no exported member 'FileCanvasSingle'. Did you mean to use 'import FileCanvasSingle from "@/components/features/file-browser/views/single-view"' instead?

[7m8[0m import { FileCanvasSingle } from '@/components/features/file-browser/views/single-view';
[7m [0m [91m         ~~~~~~~~~~~~~~~~[0m

[96msrc/components/features/file-browser/file-browser.tsx[0m:[93m9[0m:[93m33[0m - [91merror[0m[90m TS2307: [0mCannot find module '@/components/features/file-browser/views/table-view' or its corresponding type declarations.

[7m9[0m import { FileCanvasTable } from '@/components/features/file-browser/views/table-view';
[7m [0m [91m                                ~~~~~~~~~~~~~~~~~~~~~~~~~~~~~~~~~~~~~~~~~~~~~~~~~~~~~[0m

[96msrc/components/features/file-browser/views/cards-view.tsx[0m:[93m132[0m:[93m35[0m - [91merror[0m[90m TS2339: [0mProperty 'size' does not exist on type 'FileItem'.
  Property 'size' does not exist on type 'CollectionWithStats'.

[7m132[0m         text={`${Math.round((item.size || 0) / 1024)} KB`}
[7m   [0m [91m                                  ~~~~[0m

[96msrc/components/features/file-browser/views/grid-grouped-view.tsx[0m:[93m3[0m:[93m10[0m - [91merror[0m[90m TS2614: [0mModule '"./grid-view"' has no exported member 'FileCanvas'. Did you mean to use 'import FileCanvas from "./grid-view"' instead?

[7m3[0m import { FileCanvas } from './grid-view';
[7m [0m [91m         ~~~~~~~~~~[0m

[96msrc/components/features/file-browser/views/list-grouped-view.tsx[0m:[93m3[0m:[93m10[0m - [91merror[0m[90m TS2614: [0mModule '"./list-view"' has no exported member 'FileCanvasList'. Did you mean to use 'import FileCanvasList from "./list-view"' instead?

[7m3[0m import { FileCanvasList } from './list-view';
[7m [0m [91m         ~~~~~~~~~~~~~~[0m

[96msrc/components/features/file-browser/views/list-grouped-view.tsx[0m:[93m30[0m:[93m8[0m - [91merror[0m[90m TS2578: [0mUnused '@ts-expect-error' directive.

[7m30[0m        // @ts-expect-error: prop opcional en implementación extendida
[7m  [0m [91m       ~~~~~~~~~~~~~~~~~~~~~~~~~~~~~~~~~~~~~~~~~~~~~~~~~~~~~~~~~~~~~~[0m

[96msrc/components/features/file-browser/views/masonry-grouped-view.tsx[0m:[93m3[0m:[93m10[0m - [91merror[0m[90m TS2614: [0mModule '"./masonry-view"' has no exported member 'FileCanvasMasonry'. Did you mean to use 'import FileCanvasMasonry from "./masonry-view"' instead?

[7m3[0m import { FileCanvasMasonry } from './masonry-view';
[7m [0m [91m         ~~~~~~~~~~~~~~~~~[0m

[96msrc/components/features/file-browser/views/single-grouped-view.tsx[0m:[93m4[0m:[93m10[0m - [91merror[0m[90m TS2614: [0mModule '"./single-view"' has no exported member 'FileCanvasSingle'. Did you mean to use 'import FileCanvasSingle from "./single-view"' instead?

[7m4[0m import { FileCanvasSingle } from './single-view';
[7m [0m [91m         ~~~~~~~~~~~~~~~~[0m

[96msrc/components/features/file-browser/views/table-grouped-view.tsx[0m:[93m3[0m:[93m33[0m - [91merror[0m[90m TS2307: [0mCannot find module './table-view' or its corresponding type declarations.

[7m3[0m import { FileCanvasTable } from './table-view';
[7m [0m [91m                                ~~~~~~~~~~~~~~[0m

[96msrc/components/features/file-browser/views/table-grouped-view.tsx[0m:[93m29[0m:[93m8[0m - [91merror[0m[90m TS2578: [0mUnused '@ts-expect-error' directive.

[7m29[0m        // @ts-expect-error: prop opcional en implementación extendida (reutiliza lista)
[7m  [0m [91m       ~~~~~~~~~~~~~~~~~~~~~~~~~~~~~~~~~~~~~~~~~~~~~~~~~~~~~~~~~~~~~~~~~~~~~~~~~~~~~~~~[0m


Found 14 errors in 7 files.

Errors  Files
     6  src/components/features/file-browser/file-browser.tsx[90m:4[0m
     1  src/components/features/file-browser/views/cards-view.tsx[90m:132[0m
     1  src/components/features/file-browser/views/grid-grouped-view.tsx[90m:3[0m
     2  src/components/features/file-browser/views/list-grouped-view.tsx[90m:3[0m
     1  src/components/features/file-browser/views/masonry-grouped-view.tsx[90m:3[0m
     1  src/components/features/file-browser/views/single-grouped-view.tsx[90m:4[0m
     2  src/components/features/file-browser/views/table-grouped-view.tsx[90m:3[0m
