Comando: bunx tsc --noEmit --pretty --noEmit
Fecha: 2025-07-12T17:24:01.791Z
Directorio: D:\DEV\image-manager
Modo tolerante: SÍ
Tipo: Linting
===============================================
[96msrc/components/core/error-boundary.tsx[0m:[93m70[0m:[93m7[0m - [91merror[0m[90m TS17008: [0mJSX element 'div' has no corresponding closing tag.

[7m70[0m      <div className="flex flex-row items-stretch justify-center h-full p-8 gap-8 bg-neutral-900 text-neutral-100">
[7m  [0m [91m      ~~~[0m

[96msrc/components/core/error-boundary.tsx[0m:[93m135[0m:[93m9[0m - [91merror[0m[90m TS1381: [0mUnexpected token. Did you mean `{'}'}` or `&rbrace;`?

[7m135[0m        )}
[7m   [0m [91m        ~[0m

[96msrc/components/core/error-boundary.tsx[0m:[93m149[0m:[93m4[0m - [91merror[0m[90m TS1381: [0mUnexpected token. Did you mean `{'}'}` or `&rbrace;`?

[7m149[0m    }
[7m   [0m [91m   ~[0m

[96msrc/components/core/error-boundary.tsx[0m:[93m151[0m:[93m3[0m - [91merror[0m[90m TS1381: [0mUnexpected token. Did you mean `{'}'}` or `&rbrace;`?

[7m151[0m   }
[7m   [0m [91m  ~[0m

[96msrc/components/core/error-boundary.tsx[0m:[93m152[0m:[93m2[0m - [91merror[0m[90m TS1381: [0mUnexpected token. Did you mean `{'}'}` or `&rbrace;`?

[7m152[0m  }
[7m   [0m [91m ~[0m

[96msrc/components/core/error-boundary.tsx[0m:[93m153[0m:[93m1[0m - [91merror[0m[90m TS1381: [0mUnexpected token. Did you mean `{'}'}` or `&rbrace;`?

[7m153[0m }
[7m   [0m [91m~[0m

[96msrc/components/core/error-boundary.tsx[0m:[93m155[0m:[93m35[0m - [91merror[0m[90m TS17008: [0mJSX element 'P' has no corresponding closing tag.

[7m155[0m export function withErrorBoundary<P extends object>(Component: React.ComponentType<P>, fallback: React.ReactNode) {
[7m   [0m [91m                                  ~[0m

[96msrc/components/core/error-boundary.tsx[0m:[93m155[0m:[93m84[0m - [91merror[0m[90m TS17008: [0mJSX element 'P' has no corresponding closing tag.

[7m155[0m export function withErrorBoundary<P extends object>(Component: React.ComponentType<P>, fallback: React.ReactNode) {
[7m   [0m [91m                                                                                   ~[0m

[96msrc/components/core/error-boundary.tsx[0m:[93m156[0m:[93m2[0m - [91merror[0m[90m TS1109: [0mExpression expected.

[7m156[0m  return function WithErrorBoundary(props: P) {
[7m   [0m [91m ~~~~~~[0m

[96msrc/components/core/error-boundary.tsx[0m:[93m157[0m:[93m3[0m - [91merror[0m[90m TS1109: [0mExpression expected.

[7m157[0m   return (
[7m   [0m [91m  ~~~~~~[0m

[96msrc/components/core/error-boundary.tsx[0m:[93m162[0m:[93m2[0m - [91merror[0m[90m TS1381: [0mUnexpected token. Did you mean `{'}'}` or `&rbrace;`?

[7m162[0m  };
[7m   [0m [91m ~[0m

[96msrc/components/core/error-boundary.tsx[0m:[93m163[0m:[93m1[0m - [91merror[0m[90m TS1381: [0mUnexpected token. Did you mean `{'}'}` or `&rbrace;`?

[7m163[0m }
[7m   [0m [91m~[0m

[96msrc/components/core/error-boundary.tsx[0m:[93m163[0m:[93m2[0m - [91merror[0m[90m TS1005: [0m'</' expected.

[7m163[0m }
[7m   [0m [91m [0m


Found 13 errors in the same file, starting at: src/components/core/error-boundary.tsx[90m:70[0m

