Comando: bunx tsc --noEmit --pretty
Fecha: 2025-07-16T00:24:14.803Z
Directorio: D:\DEV\image-manager
Modo tolerante: SÍ
Tipo: Linting
===============================================
[96msrc/components/settings/collections/collections-settings.tsx[0m:[93m190[0m:[93m3[0m - [91merror[0m[90m TS2657: [0mJSX expressions must have one parent element.

[7m190[0m   <div className="grid grid-cols-12 gap-3">
[7m   [0m [91m  ~~~~~~~~~~~~~~~~~~~~~~~~~~~~~~~~~~~~~~~~~[0m
[7m191[0m    {/* Panel izquierdo: Lista de colecciones */}
[7m   [0m [91m~~~~~~~~~~~~~~~~~~~~~~~~~~~~~~~~~~~~~~~~~~~~~~~~[0m
[7m...[0m 
[7m486[0m       </ScrollArea>
[7m   [0m [91m~~~~~~~~~~~~~~~~~~~[0m
[7m487[0m      </CardContent>
[7m   [0m [91m~~~~~~~~~~~~~~~~~~~[0m

[96msrc/components/settings/collections/collections-settings.tsx[0m:[93m407[0m:[93m8[0m - [91merror[0m[90m TS17002: [0mExpected corresponding JSX closing tag for 'div'.

[7m407[0m      </CardHeader>
[7m   [0m [91m       ~~~~~~~~~~[0m

[96msrc/components/settings/collections/collections-settings.tsx[0m:[93m488[0m:[93m5[0m - [91merror[0m[90m TS1005: [0m')' expected.

[7m488[0m     </Card>
[7m   [0m [91m    ~~[0m

[96msrc/components/settings/collections/collections-settings.tsx[0m:[93m489[0m:[93m4[0m - [91merror[0m[90m TS1109: [0mExpression expected.

[7m489[0m    </div>
[7m   [0m [91m   ~~[0m

[96msrc/components/settings/collections/collections-settings.tsx[0m:[93m492[0m:[93m9[0m - [91merror[0m[90m TS1005: [0m';' expected.

[7m492[0m    <div className="col-span-12 md:col-span-7 lg:col-span-8">
[7m   [0m [91m        ~~~~~~~~~[0m

[96msrc/components/settings/collections/collections-settings.tsx[0m:[93m600[0m:[93m4[0m - [91merror[0m[90m TS1128: [0mDeclaration or statement expected.

[7m600[0m    </div>
[7m   [0m [91m   ~~[0m

[96msrc/components/settings/collections/collections-settings.tsx[0m:[93m601[0m:[93m3[0m - [91merror[0m[90m TS1109: [0mExpression expected.

[7m601[0m   </div>
[7m   [0m [91m  ~~[0m

[96msrc/components/settings/collections/collections-settings.tsx[0m:[93m602[0m:[93m2[0m - [91merror[0m[90m TS1109: [0mExpression expected.

[7m602[0m  );
[7m   [0m [91m ~[0m

[96msrc/components/settings/thumbnails/thumbnails-settings.tsx[0m:[93m214[0m:[93m6[0m - [91merror[0m[90m TS17008: [0mJSX element 'ScrollArea' has no corresponding closing tag.

[7m214[0m     <ScrollArea className="h-full flex flex-col">
[7m   [0m [91m     ~~~~~~~~~~[0m


Found 9 errors in 2 files.

Errors  Files
     8  src/components/settings/collections/collections-settings.tsx[90m:190[0m
     1  src/components/settings/thumbnails/thumbnails-settings.tsx[90m:214[0m
