📊 RESUMEN DE ERRORES
Total de archivos con errores: 5
Cantidad total de errores: 17

📁 ARCHIVOS AFECTADOS:
  src/components/features/workflow/workflow-drop-zone.tsx (líneas: 114)
  src/components/ui/entity-form.tsx (líneas: 406, 435, 455, 495, 518, 524, 530, 550)
  src/components/views/file3d/file3d-view.tsx (líneas: 103)
  src/components/views/json-files/json-files-content-view.tsx (líneas: 61)
  src/hooks/use-view-configuration.ts (líneas: 196, 272, 277, 291, 292, 297)

📋 DETALLE POR ARCHIVO:

src/components/features/workflow/workflow-drop-zone.tsx
  - línea 114 : TS2322

src/components/ui/entity-form.tsx
  - línea 406 : TS2322
  - línea 435 : TS2322
  - línea 455 : TS2322
  - línea 495 : TS2322
  - línea 518 : TS2322
  - línea 524 : TS2322
  - línea 530 : TS2322
  - línea 550 : TS2322

src/components/views/file3d/file3d-view.tsx
  - línea 103 : TS2322

src/components/views/json-files/json-files-content-view.tsx
  - línea 61 : TS2345

src/hooks/use-view-configuration.ts
  - línea 196 : TS2322
  - línea 272 : TS7053
  - línea 277 : TS2739
  - línea 291 : TS7053
  - línea 292 : TS7006
  - línea 297 : TS2739

════════════════════════════════════════════════════════════════════════════════
📄 LOG ORIGINAL:
════════════════════════════════════════════════════════════════════════════════

Comando: bunx tsc --noEmit --pretty
Fecha: 2025-08-28T04:06:48.192Z
Directorio: D:\DEV\image-manager
Modo tolerante: SÍ
Tipo: Linting
===============================================
[96msrc/components/features/workflow/workflow-drop-zone.tsx[0m:[93m114[0m:[93m12[0m - [91merror[0m[90m TS2322: [0mType '"destructive" | "success"' is not assignable to type '"default" | "destructive" | null | undefined'.
  Type '"success"' is not assignable to type '"default" | "destructive" | null | undefined'.

[7m114[0m     <Alert variant={message.type === 'error' ? 'destructive' : 'success'}>
[7m   [0m [91m           ~~~~~~~[0m

  [96msrc/components/ui/alert.tsx[0m:[93m10[0m:[93m4[0m
    [7m 10[0m    variant: {
    [7m   [0m [96m   ~~~~~~~~~~[0m
    [7m 11[0m     default: 'bg-card text-card-foreground',
    [7m   [0m [96m~~~~~~~~~~~~~~~~~~~~~~~~~~~~~~~~~~~~~~~~~~~~[0m
    [7m...[0m 
    [7m 13[0m      'text-destructive bg-card [&>svg]:text-current *:data-[slot=alert-description]:text-destructive/90',
    [7m   [0m [96m~~~~~~~~~~~~~~~~~~~~~~~~~~~~~~~~~~~~~~~~~~~~~~~~~~~~~~~~~~~~~~~~~~~~~~~~~~~~~~~~~~~~~~~~~~~~~~~~~~~~~~~~~[0m
    [7m 14[0m    },
    [7m   [0m [96m~~~~[0m
    The expected type comes from property 'variant' which is declared here on type 'IntrinsicAttributes & ClassAttributes<HTMLDivElement> & HTMLAttributes<HTMLDivElement> & VariantProps<...>'

[96msrc/components/ui/entity-form.tsx[0m:[93m406[0m:[93m11[0m - [91merror[0m[90m TS2322: [0mType '{ className: string; onChange: (...event: any[]) => void; onBlur: Noop; value: unknown; disabled?: boolean | undefined; name: string; ref: RefCallBack; placeholder: string | undefined; }' is not assignable to type 'InputHTMLAttributes<HTMLInputElement>'.
  Types of property 'value' are incompatible.
    Type 'unknown' is not assignable to type 'string | number | readonly string[] | undefined'.

[7m406[0m          <Input
[7m   [0m [91m          ~~~~~[0m

[96msrc/components/ui/entity-form.tsx[0m:[93m435[0m:[93m11[0m - [91merror[0m[90m TS2322: [0mType '{}' is not assignable to type 'string | number | readonly string[] | undefined'.

[7m435[0m           value={formField.value || ''}
[7m   [0m [91m          ~~~~~[0m

  [96mnode_modules/@types/react/index.d.ts[0m:[93m3434[0m:[93m9[0m
    [7m3434[0m         value?: string | readonly string[] | number | undefined;
    [7m    [0m [96m        ~~~~~[0m
    The expected type comes from property 'value' which is declared here on type 'IntrinsicAttributes & ClassAttributes<HTMLTextAreaElement> & TextareaHTMLAttributes<HTMLTextAreaElement>'

[96msrc/components/ui/entity-form.tsx[0m:[93m455[0m:[93m17[0m - [91merror[0m[90m TS2322: [0mType 'unknown' is not assignable to type 'string | undefined'.

[7m455[0m         <Select defaultValue={formField.value} onValueChange={formField.onChange}>
[7m   [0m [91m                ~~~~~~~~~~~~[0m

  [96mnode_modules/@radix-ui/react-select/dist/index.d.mts[0m:[93m25[0m:[93m5[0m
    [7m25[0m     defaultValue?: string;
    [7m  [0m [96m    ~~~~~~~~~~~~[0m
    The expected type comes from property 'defaultValue' which is declared here on type 'IntrinsicAttributes & SelectSharedProps & { value?: string | undefined; defaultValue?: string | undefined; onValueChange?(value: string): void; } & { ...; }'

[96msrc/components/ui/entity-form.tsx[0m:[93m495[0m:[93m18[0m - [91merror[0m[90m TS2322: [0mType 'unknown' is not assignable to type 'boolean | undefined'.

[7m495[0m          <Switch checked={formField.value} onCheckedChange={formField.onChange} {...field.props} />
[7m   [0m [91m                 ~~~~~~~[0m

  [96mnode_modules/@radix-ui/react-switch/dist/index.d.mts[0m:[93m8[0m:[93m5[0m
    [7m8[0m     checked?: boolean;
    [7m [0m [96m    ~~~~~~~[0m
    The expected type comes from property 'checked' which is declared here on type 'IntrinsicAttributes & SwitchProps & RefAttributes<HTMLButtonElement>'

[96msrc/components/ui/entity-form.tsx[0m:[93m518[0m:[93m23[0m - [91merror[0m[90m TS2322: [0mType 'unknown' is not assignable to type 'BackgroundColor | undefined'.

[7m518[0m              style={{ backgroundColor: formField.value }}
[7m   [0m [91m                      ~~~~~~~~~~~~~~~[0m

[96msrc/components/ui/entity-form.tsx[0m:[93m524[0m:[93m14[0m - [91merror[0m[90m TS2322: [0mType 'unknown' is not assignable to type 'string | number | readonly string[] | undefined'.

[7m524[0m              value={formField.value}
[7m   [0m [91m             ~~~~~[0m

  [96mnode_modules/@types/react/index.d.ts[0m:[93m3217[0m:[93m9[0m
    [7m3217[0m         value?: string | readonly string[] | number | undefined;
    [7m    [0m [96m        ~~~~~[0m
    The expected type comes from property 'value' which is declared here on type 'IntrinsicAttributes & ClassAttributes<HTMLInputElement> & InputHTMLAttributes<HTMLInputElement>'

[96msrc/components/ui/entity-form.tsx[0m:[93m530[0m:[93m27[0m - [91merror[0m[90m TS2322: [0mType 'unknown' is not assignable to type 'string | undefined'.

[7m530[0m           <HexColorPicker color={formField.value} onChange={formField.onChange} />
[7m   [0m [91m                          ~~~~~[0m

  [96mnode_modules/react-colorful/dist/types.d.ts[0m:[93m36[0m:[93m5[0m
    [7m36[0m     color: T;
    [7m  [0m [96m    ~~~~~[0m
    The expected type comes from property 'color' which is declared here on type 'IntrinsicAttributes & Partial<ColorPickerBaseProps<string>>'

[96msrc/components/ui/entity-form.tsx[0m:[93m550[0m:[93m53[0m - [91merror[0m[90m TS2322: [0mType 'unknown' is not assignable to type 'string | undefined'.

[7m550[0m          <EmojiPicker onChange={formField.onChange} value={formField.value} />
[7m   [0m [91m                                                    ~~~~~[0m

  [96msrc/components/ui/emoji-picker.tsx[0m:[93m11[0m:[93m2[0m
    [7m11[0m  value?: string;
    [7m  [0m [96m ~~~~~[0m
    The expected type comes from property 'value' which is declared here on type 'IntrinsicAttributes & EmojiPickerProps'

[96msrc/components/views/file3d/file3d-view.tsx[0m:[93m103[0m:[93m4[0m - [91merror[0m[90m TS2322: [0mType '{ error: string | null; file3ds: File3DWithStats[]; handleCreateFile3D: () => Promise<void>; handleFile3DClick: (file3d: File3DWithStats) => void; ... 7 more ...; showForm: boolean; }' is not assignable to type 'IntrinsicAttributes & File3DContentViewProps'.
  Property 'error' does not exist on type 'IntrinsicAttributes & File3DContentViewProps'.

[7m103[0m    error={error}
[7m   [0m [91m   ~~~~~[0m

[96msrc/components/views/json-files/json-files-content-view.tsx[0m:[93m61[0m:[93m15[0m - [91merror[0m[90m TS2345: [0mArgument of type '{ id: string; name: string; type: "json"; path: string; size: number; }[]' is not assignable to parameter of type 'ImageItem[]'.
  Type '{ id: string; name: string; type: "json"; path: string; size: number; }' is missing the following properties from type 'ImageItem': width, height, thumbnail, metadata

[7m61[0m    openViewer(jsonItems, Math.max(0, currentIndex));
[7m  [0m [91m              ~~~~~~~~~[0m

[96msrc/hooks/use-view-configuration.ts[0m:[93m196[0m:[93m6[0m - [91merror[0m[90m TS2322: [0mType '{ list?: WritableDraft<{ type: "list" | "grid" | "cards" | "masonry"; common: { showThumbnails: boolean; showMetadata: boolean; showTags: boolean; showStats: boolean; sortBy: string; sortDirection: "asc" | "desc"; enableAnimations: boolean; animationDuration: number; showHiddenFiles: boolean; enableHoverEffects: boo...' is not assignable to type 'Record<"list" | "grid" | "cards" | "masonry", { type: "list" | "grid" | "cards" | "masonry"; common: { showThumbnails: boolean; showMetadata: boolean; showTags: boolean; showStats: boolean; ... 5 more ...; enableHoverEffects: boolean; }; specific: { ...; } | ... 2 more ... | { ...; }; metadata: { ...; }; }>'.
  Types of property 'list' are incompatible.
    Type 'WritableDraft<{ type: "list" | "grid" | "cards" | "masonry"; common: { showThumbnails: boolean; showMetadata: boolean; showTags: boolean; showStats: boolean; sortBy: string; sortDirection: "asc" | "desc"; enableAnimations: boolean; animationDuration: number; showHiddenFiles: boolean; enableHoverEffects: boolean; }; ...' is not assignable to type '{ type: "list" | "grid" | "cards" | "masonry"; common: { showThumbnails: boolean; showMetadata: boolean; showTags: boolean; showStats: boolean; sortBy: string; sortDirection: "asc" | "desc"; enableAnimations: boolean; animationDuration: number; showHiddenFiles: boolean; enableHoverEffects: boolean; }; specific: { .....'.
      Type 'undefined' is not assignable to type '{ type: "list" | "grid" | "cards" | "masonry"; common: { showThumbnails: boolean; showMetadata: boolean; showTags: boolean; showStats: boolean; sortBy: string; sortDirection: "asc" | "desc"; enableAnimations: boolean; animationDuration: number; showHiddenFiles: boolean; enableHoverEffects: boolean; }; specific: { .....'.

[7m196[0m      viewConfigurations: {
[7m   [0m [91m     ~~~~~~~~~~~~~~~~~~[0m

[96msrc/hooks/use-view-configuration.ts[0m:[93m272[0m:[93m24[0m - [91merror[0m[90m TS7053: [0mElement implicitly has an 'any' type because expression of type 'FileBrowserViewType' can't be used to index type '{}'.
  Property 'list' does not exist on type '{}'.

[7m272[0m    const viewPresets = customPresets[viewType] || [];
[7m   [0m [91m                       ~~~~~~~~~~~~~~~~~~~~~~~[0m

[96msrc/hooks/use-view-configuration.ts[0m:[93m277[0m:[93m6[0m - [91merror[0m[90m TS2739: [0mType '{}' is missing the following properties from type 'Record<"list" | "grid" | "cards" | "masonry", { id: string; name: string; description: string; category: "default" | "custom" | "compact" | "detailed"; configuration: { type: "list" | "grid" | "cards" | "masonry"; common: { ...; }; specific: { ...; } | ... 2 more ... | { ...; }; metadata: { ...; }; }; supportedEntit...': list, grid, cards, masonry

[7m277[0m      customPresets: {
[7m   [0m [91m     ~~~~~~~~~~~~~[0m

[96msrc/hooks/use-view-configuration.ts[0m:[93m291[0m:[93m24[0m - [91merror[0m[90m TS7053: [0mElement implicitly has an 'any' type because expression of type 'FileBrowserViewType' can't be used to index type '{}'.
  Property 'list' does not exist on type '{}'.

[7m291[0m    const viewPresets = customPresets[viewType] || [];
[7m   [0m [91m                       ~~~~~~~~~~~~~~~~~~~~~~~[0m

[96msrc/hooks/use-view-configuration.ts[0m:[93m292[0m:[93m48[0m - [91merror[0m[90m TS7006: [0mParameter 'p' implicitly has an 'any' type.

[7m292[0m    const filteredPresets = viewPresets.filter((p) => p.id !== presetId);
[7m   [0m [91m                                               ~[0m

[96msrc/hooks/use-view-configuration.ts[0m:[93m297[0m:[93m6[0m - [91merror[0m[90m TS2739: [0mType '{}' is missing the following properties from type 'Record<"list" | "grid" | "cards" | "masonry", { id: string; name: string; description: string; category: "default" | "custom" | "compact" | "detailed"; configuration: { type: "list" | "grid" | "cards" | "masonry"; common: { ...; }; specific: { ...; } | ... 2 more ... | { ...; }; metadata: { ...; }; }; supportedEntit...': list, grid, cards, masonry

[7m297[0m      customPresets: {
[7m   [0m [91m     ~~~~~~~~~~~~~[0m


Found 17 errors in 5 files.

Errors  Files
     1  src/components/features/workflow/workflow-drop-zone.tsx[90m:114[0m
     8  src/components/ui/entity-form.tsx[90m:406[0m
     1  src/components/views/file3d/file3d-view.tsx[90m:103[0m
     1  src/components/views/json-files/json-files-content-view.tsx[90m:61[0m
     6  src/hooks/use-view-configuration.ts[90m:196[0m
