📊 RESUMEN DE ERRORES
Total de archivos con errores: 12
Cantidad total de errores: 26

📁 ARCHIVOS AFECTADOS:
  src/components/features/file-viewer/viewers/audio-viewer.tsx (líneas: 10)
  src/components/file-browser/view-configuration/ViewConfigurationPanel.tsx (líneas: 391)
  src/components/settings/prompts/prompts-settings.tsx (líneas: 294)
  src/components/ui/entity-header.tsx (líneas: 185, 192)
  src/components/ui/entity-list.tsx (líneas: 393, 401, 409, 453, 472, 481, 498, 507, 570)
  src/components/ui/page-heading.tsx (líneas: 41)
  src/components/ui/pagination.tsx (líneas: 53, 67)
  src/components/views/development/charts/tech-metrics.tsx (líneas: 270, 295, 436)
  src/components/views/wildcards/wildcard-content-view.tsx (líneas: 110)
  src/components/views/workflows/workflow-content-view.tsx (líneas: 78, 118, 225)
  src/services/audio/audio-metadata.service.ts (líneas: 1)
  src/services/video/video-probe.service.ts (líneas: 1)

📋 DETALLE POR ARCHIVO:

src/components/features/file-viewer/viewers/audio-viewer.tsx
  - línea 10 : TS2305

src/components/file-browser/view-configuration/ViewConfigurationPanel.tsx
  - línea 391 : TS2322

src/components/settings/prompts/prompts-settings.tsx
  - línea 294 : TS2322

src/components/ui/entity-header.tsx
  - línea 185 : TS2322
  - línea 192 : TS2322

src/components/ui/entity-list.tsx
  - línea 393 : TS2322
  - línea 401 : TS2322
  - línea 409 : TS2322
  - línea 453 : TS2322
  - línea 472 : TS2322
  - línea 481 : TS2322
  - línea 498 : TS2322
  - línea 507 : TS2322
  - línea 570 : TS2322

src/components/ui/page-heading.tsx
  - línea 41 : TS2322

src/components/ui/pagination.tsx
  - línea 53 : TS2322
  - línea 67 : TS2322

src/components/views/development/charts/tech-metrics.tsx
  - línea 270 : TS2322
  - línea 295 : TS2322
  - línea 436 : TS2322

src/components/views/wildcards/wildcard-content-view.tsx
  - línea 110 : TS2322

src/components/views/workflows/workflow-content-view.tsx
  - línea 78 : TS2322
  - línea 118 : TS2322
  - línea 225 : TS2322

src/services/audio/audio-metadata.service.ts
  - línea 1 : TS2724

src/services/video/video-probe.service.ts
  - línea 1 : TS7016

════════════════════════════════════════════════════════════════════════════════
📄 LOG ORIGINAL:
════════════════════════════════════════════════════════════════════════════════

Comando: bunx tsc --noEmit --pretty
Fecha: 2025-08-14T23:55:54.341Z
Directorio: D:\DEV\image-manager
Modo tolerante: SÍ
Tipo: Linting
===============================================
[96msrc/components/features/file-viewer/viewers/audio-viewer.tsx[0m:[93m10[0m:[93m10[0m - [91merror[0m[90m TS2305: [0mModule '"@/lib/utils"' has no exported member 'formatDuration'.

[7m10[0m import { formatDuration, formatFileSize } from '@/lib/utils';
[7m  [0m [91m         ~~~~~~~~~~~~~~[0m

[96msrc/components/file-browser/view-configuration/ViewConfigurationPanel.tsx[0m:[93m391[0m:[93m19[0m - [91merror[0m[90m TS2322: [0mType '"default" | "secondary"' is not assignable to type '"success" | "info" | "warning" | "primary" | "secondary" | "outline" | "destructive" | null | undefined'.
  Type '"default"' is not assignable to type '"success" | "info" | "warning" | "primary" | "secondary" | "outline" | "destructive" | null | undefined'.

[7m391[0m            <Badge variant={preset.category === 'custom' ? 'secondary' : 'default'}>{preset.category}</Badge>
[7m   [0m [91m                  ~~~~~~~[0m

  [96msrc/components/ui/badge.tsx[0m:[93m24[0m:[93m7[0m
    [7m 24[0m       variant: {
    [7m   [0m [96m      ~~~~~~~~~~[0m
    [7m 25[0m         primary: 'bg-primary text-primary-foreground',
    [7m   [0m [96m~~~~~~~~~~~~~~~~~~~~~~~~~~~~~~~~~~~~~~~~~~~~~~~~~~~~~~[0m
    [7m...[0m 
    [7m 33[0m         destructive: 'bg-destructive text-destructive-foreground',
    [7m   [0m [96m~~~~~~~~~~~~~~~~~~~~~~~~~~~~~~~~~~~~~~~~~~~~~~~~~~~~~~~~~~~~~~~~~~[0m
    [7m 34[0m       },
    [7m   [0m [96m~~~~~~~[0m
    The expected type comes from property 'variant' which is declared here on type 'IntrinsicAttributes & ClassAttributes<HTMLSpanElement> & HTMLAttributes<HTMLSpanElement> & VariantProps<...> & { ...; }'

[96msrc/components/settings/prompts/prompts-settings.tsx[0m:[93m294[0m:[93m8[0m - [91merror[0m[90m TS2322: [0mType '"default" | "outline"' is not assignable to type '"primary" | "secondary" | "outline" | "destructive" | "ghost" | "mono" | "dashed" | "dim" | "foreground" | "inverse" | null | undefined'.
  Type '"default"' is not assignable to type '"primary" | "secondary" | "outline" | "destructive" | "ghost" | "mono" | "dashed" | "dim" | "foreground" | "inverse" | null | undefined'.

[7m294[0m        variant={showOnlyFavorites ? 'default' : 'outline'}
[7m   [0m [91m       ~~~~~~~[0m

  [96msrc/components/ui/button.tsx[0m:[93m11[0m:[93m7[0m
    [7m 11[0m       variant: {
    [7m   [0m [96m      ~~~~~~~~~~[0m
    [7m 12[0m         primary: 'bg-primary text-primary-foreground hover:bg-primary/90 data-[state=open]:bg-primary/90',
    [7m   [0m [96m~~~~~~~~~~~~~~~~~~~~~~~~~~~~~~~~~~~~~~~~~~~~~~~~~~~~~~~~~~~~~~~~~~~~~~~~~~~~~~~~~~~~~~~~~~~~~~~~~~~~~~~~~~[0m
    [7m...[0m 
    [7m 24[0m         inverse: '',
    [7m   [0m [96m~~~~~~~~~~~~~~~~~~~~[0m
    [7m 25[0m       },
    [7m   [0m [96m~~~~~~~[0m
    The expected type comes from property 'variant' which is declared here on type 'IntrinsicAttributes & ClassAttributes<HTMLButtonElement> & ButtonHTMLAttributes<HTMLButtonElement> & VariantProps<...> & { ...; }'

[96msrc/components/ui/entity-header.tsx[0m:[93m185[0m:[93m55[0m - [91merror[0m[90m TS2322: [0mType '"default" | "link" | "secondary" | "outline" | "destructive" | "ghost"' is not assignable to type '"primary" | "secondary" | "outline" | "destructive" | "ghost" | "mono" | "dashed" | "dim" | "foreground" | "inverse" | null | undefined'.
  Type '"default"' is not assignable to type '"primary" | "secondary" | "outline" | "destructive" | "ghost" | "mono" | "dashed" | "dim" | "foreground" | "inverse" | null | undefined'.

[7m185[0m     <Button asChild key={`action-${index}`} size="sm" variant={action.variant || 'default'}>
[7m   [0m [91m                                                      ~~~~~~~[0m

  [96msrc/components/ui/button.tsx[0m:[93m11[0m:[93m7[0m
    [7m 11[0m       variant: {
    [7m   [0m [96m      ~~~~~~~~~~[0m
    [7m 12[0m         primary: 'bg-primary text-primary-foreground hover:bg-primary/90 data-[state=open]:bg-primary/90',
    [7m   [0m [96m~~~~~~~~~~~~~~~~~~~~~~~~~~~~~~~~~~~~~~~~~~~~~~~~~~~~~~~~~~~~~~~~~~~~~~~~~~~~~~~~~~~~~~~~~~~~~~~~~~~~~~~~~~[0m
    [7m...[0m 
    [7m 24[0m         inverse: '',
    [7m   [0m [96m~~~~~~~~~~~~~~~~~~~~[0m
    [7m 25[0m       },
    [7m   [0m [96m~~~~~~~[0m
    The expected type comes from property 'variant' which is declared here on type 'IntrinsicAttributes & ClassAttributes<HTMLButtonElement> & ButtonHTMLAttributes<HTMLButtonElement> & VariantProps<...> & { ...; }'

[96msrc/components/ui/entity-header.tsx[0m:[93m192[0m:[93m71[0m - [91merror[0m[90m TS2322: [0mType '"default" | "link" | "secondary" | "outline" | "destructive" | "ghost"' is not assignable to type '"primary" | "secondary" | "outline" | "destructive" | "ghost" | "mono" | "dashed" | "dim" | "foreground" | "inverse" | null | undefined'.
  Type '"default"' is not assignable to type '"primary" | "secondary" | "outline" | "destructive" | "ghost" | "mono" | "dashed" | "dim" | "foreground" | "inverse" | null | undefined'.

[7m192[0m    <Button key={`action-${index}`} onClick={action.onClick} size="sm" variant={action.variant || 'default'}>
[7m   [0m [91m                                                                      ~~~~~~~[0m

  [96msrc/components/ui/button.tsx[0m:[93m11[0m:[93m7[0m
    [7m 11[0m       variant: {
    [7m   [0m [96m      ~~~~~~~~~~[0m
    [7m 12[0m         primary: 'bg-primary text-primary-foreground hover:bg-primary/90 data-[state=open]:bg-primary/90',
    [7m   [0m [96m~~~~~~~~~~~~~~~~~~~~~~~~~~~~~~~~~~~~~~~~~~~~~~~~~~~~~~~~~~~~~~~~~~~~~~~~~~~~~~~~~~~~~~~~~~~~~~~~~~~~~~~~~~[0m
    [7m...[0m 
    [7m 24[0m         inverse: '',
    [7m   [0m [96m~~~~~~~~~~~~~~~~~~~~[0m
    [7m 25[0m       },
    [7m   [0m [96m~~~~~~~[0m
    The expected type comes from property 'variant' which is declared here on type 'IntrinsicAttributes & ClassAttributes<HTMLButtonElement> & ButtonHTMLAttributes<HTMLButtonElement> & VariantProps<...> & { ...; }'

[96msrc/components/ui/entity-list.tsx[0m:[93m393[0m:[93m9[0m - [91merror[0m[90m TS2322: [0mType '"default" | "ghost"' is not assignable to type '"primary" | "secondary" | "outline" | "destructive" | "ghost" | "mono" | "dashed" | "dim" | "foreground" | "inverse" | null | undefined'.
  Type '"default"' is not assignable to type '"primary" | "secondary" | "outline" | "destructive" | "ghost" | "mono" | "dashed" | "dim" | "foreground" | "inverse" | null | undefined'.

[7m393[0m         variant={viewType === 'grid' ? 'default' : 'ghost'}
[7m   [0m [91m        ~~~~~~~[0m

  [96msrc/components/ui/button.tsx[0m:[93m11[0m:[93m7[0m
    [7m 11[0m       variant: {
    [7m   [0m [96m      ~~~~~~~~~~[0m
    [7m 12[0m         primary: 'bg-primary text-primary-foreground hover:bg-primary/90 data-[state=open]:bg-primary/90',
    [7m   [0m [96m~~~~~~~~~~~~~~~~~~~~~~~~~~~~~~~~~~~~~~~~~~~~~~~~~~~~~~~~~~~~~~~~~~~~~~~~~~~~~~~~~~~~~~~~~~~~~~~~~~~~~~~~~~[0m
    [7m...[0m 
    [7m 24[0m         inverse: '',
    [7m   [0m [96m~~~~~~~~~~~~~~~~~~~~[0m
    [7m 25[0m       },
    [7m   [0m [96m~~~~~~~[0m
    The expected type comes from property 'variant' which is declared here on type 'IntrinsicAttributes & ClassAttributes<HTMLButtonElement> & ButtonHTMLAttributes<HTMLButtonElement> & VariantProps<...> & { ...; }'

[96msrc/components/ui/entity-list.tsx[0m:[93m401[0m:[93m9[0m - [91merror[0m[90m TS2322: [0mType '"default" | "ghost"' is not assignable to type '"primary" | "secondary" | "outline" | "destructive" | "ghost" | "mono" | "dashed" | "dim" | "foreground" | "inverse" | null | undefined'.
  Type '"default"' is not assignable to type '"primary" | "secondary" | "outline" | "destructive" | "ghost" | "mono" | "dashed" | "dim" | "foreground" | "inverse" | null | undefined'.

[7m401[0m         variant={viewType === 'list' ? 'default' : 'ghost'}
[7m   [0m [91m        ~~~~~~~[0m

  [96msrc/components/ui/button.tsx[0m:[93m11[0m:[93m7[0m
    [7m 11[0m       variant: {
    [7m   [0m [96m      ~~~~~~~~~~[0m
    [7m 12[0m         primary: 'bg-primary text-primary-foreground hover:bg-primary/90 data-[state=open]:bg-primary/90',
    [7m   [0m [96m~~~~~~~~~~~~~~~~~~~~~~~~~~~~~~~~~~~~~~~~~~~~~~~~~~~~~~~~~~~~~~~~~~~~~~~~~~~~~~~~~~~~~~~~~~~~~~~~~~~~~~~~~~[0m
    [7m...[0m 
    [7m 24[0m         inverse: '',
    [7m   [0m [96m~~~~~~~~~~~~~~~~~~~~[0m
    [7m 25[0m       },
    [7m   [0m [96m~~~~~~~[0m
    The expected type comes from property 'variant' which is declared here on type 'IntrinsicAttributes & ClassAttributes<HTMLButtonElement> & ButtonHTMLAttributes<HTMLButtonElement> & VariantProps<...> & { ...; }'

[96msrc/components/ui/entity-list.tsx[0m:[93m409[0m:[93m9[0m - [91merror[0m[90m TS2322: [0mType '"default" | "ghost"' is not assignable to type '"primary" | "secondary" | "outline" | "destructive" | "ghost" | "mono" | "dashed" | "dim" | "foreground" | "inverse" | null | undefined'.
  Type '"default"' is not assignable to type '"primary" | "secondary" | "outline" | "destructive" | "ghost" | "mono" | "dashed" | "dim" | "foreground" | "inverse" | null | undefined'.

[7m409[0m         variant={viewType === 'compact' ? 'default' : 'ghost'}
[7m   [0m [91m        ~~~~~~~[0m

  [96msrc/components/ui/button.tsx[0m:[93m11[0m:[93m7[0m
    [7m 11[0m       variant: {
    [7m   [0m [96m      ~~~~~~~~~~[0m
    [7m 12[0m         primary: 'bg-primary text-primary-foreground hover:bg-primary/90 data-[state=open]:bg-primary/90',
    [7m   [0m [96m~~~~~~~~~~~~~~~~~~~~~~~~~~~~~~~~~~~~~~~~~~~~~~~~~~~~~~~~~~~~~~~~~~~~~~~~~~~~~~~~~~~~~~~~~~~~~~~~~~~~~~~~~~[0m
    [7m...[0m 
    [7m 24[0m         inverse: '',
    [7m   [0m [96m~~~~~~~~~~~~~~~~~~~~[0m
    [7m 25[0m       },
    [7m   [0m [96m~~~~~~~[0m
    The expected type comes from property 'variant' which is declared here on type 'IntrinsicAttributes & ClassAttributes<HTMLButtonElement> & ButtonHTMLAttributes<HTMLButtonElement> & VariantProps<...> & { ...; }'

[96msrc/components/ui/entity-list.tsx[0m:[93m453[0m:[93m8[0m - [91merror[0m[90m TS2322: [0mType '"default" | "outline"' is not assignable to type '"primary" | "secondary" | "outline" | "destructive" | "ghost" | "mono" | "dashed" | "dim" | "foreground" | "inverse" | null | undefined'.
  Type '"default"' is not assignable to type '"primary" | "secondary" | "outline" | "destructive" | "ghost" | "mono" | "dashed" | "dim" | "foreground" | "inverse" | null | undefined'.

[7m453[0m        variant={showFiltersPanel ? 'default' : 'outline'}
[7m   [0m [91m       ~~~~~~~[0m

  [96msrc/components/ui/button.tsx[0m:[93m11[0m:[93m7[0m
    [7m 11[0m       variant: {
    [7m   [0m [96m      ~~~~~~~~~~[0m
    [7m 12[0m         primary: 'bg-primary text-primary-foreground hover:bg-primary/90 data-[state=open]:bg-primary/90',
    [7m   [0m [96m~~~~~~~~~~~~~~~~~~~~~~~~~~~~~~~~~~~~~~~~~~~~~~~~~~~~~~~~~~~~~~~~~~~~~~~~~~~~~~~~~~~~~~~~~~~~~~~~~~~~~~~~~~[0m
    [7m...[0m 
    [7m 24[0m         inverse: '',
    [7m   [0m [96m~~~~~~~~~~~~~~~~~~~~[0m
    [7m 25[0m       },
    [7m   [0m [96m~~~~~~~[0m
    The expected type comes from property 'variant' which is declared here on type 'IntrinsicAttributes & ClassAttributes<HTMLButtonElement> & ButtonHTMLAttributes<HTMLButtonElement> & VariantProps<...> & { ...; }'

[96msrc/components/ui/entity-list.tsx[0m:[93m472[0m:[93m10[0m - [91merror[0m[90m TS2322: [0mType '"default" | "outline"' is not assignable to type '"success" | "info" | "warning" | "primary" | "secondary" | "outline" | "destructive" | null | undefined'.
  Type '"default"' is not assignable to type '"success" | "info" | "warning" | "primary" | "secondary" | "outline" | "destructive" | null | undefined'.

[7m472[0m          variant={selectedCategoryFilter === 'all' ? 'default' : 'outline'}
[7m   [0m [91m         ~~~~~~~[0m

  [96msrc/components/ui/badge.tsx[0m:[93m24[0m:[93m7[0m
    [7m 24[0m       variant: {
    [7m   [0m [96m      ~~~~~~~~~~[0m
    [7m 25[0m         primary: 'bg-primary text-primary-foreground',
    [7m   [0m [96m~~~~~~~~~~~~~~~~~~~~~~~~~~~~~~~~~~~~~~~~~~~~~~~~~~~~~~[0m
    [7m...[0m 
    [7m 33[0m         destructive: 'bg-destructive text-destructive-foreground',
    [7m   [0m [96m~~~~~~~~~~~~~~~~~~~~~~~~~~~~~~~~~~~~~~~~~~~~~~~~~~~~~~~~~~~~~~~~~~[0m
    [7m 34[0m       },
    [7m   [0m [96m~~~~~~~[0m
    The expected type comes from property 'variant' which is declared here on type 'IntrinsicAttributes & ClassAttributes<HTMLSpanElement> & HTMLAttributes<HTMLSpanElement> & VariantProps<...> & { ...; }'

[96msrc/components/ui/entity-list.tsx[0m:[93m481[0m:[93m11[0m - [91merror[0m[90m TS2322: [0mType '"default" | "outline"' is not assignable to type '"success" | "info" | "warning" | "primary" | "secondary" | "outline" | "destructive" | null | undefined'.
  Type '"default"' is not assignable to type '"success" | "info" | "warning" | "primary" | "secondary" | "outline" | "destructive" | null | undefined'.

[7m481[0m           variant={selectedCategoryFilter === category ? 'default' : 'outline'}
[7m   [0m [91m          ~~~~~~~[0m

  [96msrc/components/ui/badge.tsx[0m:[93m24[0m:[93m7[0m
    [7m 24[0m       variant: {
    [7m   [0m [96m      ~~~~~~~~~~[0m
    [7m 25[0m         primary: 'bg-primary text-primary-foreground',
    [7m   [0m [96m~~~~~~~~~~~~~~~~~~~~~~~~~~~~~~~~~~~~~~~~~~~~~~~~~~~~~~[0m
    [7m...[0m 
    [7m 33[0m         destructive: 'bg-destructive text-destructive-foreground',
    [7m   [0m [96m~~~~~~~~~~~~~~~~~~~~~~~~~~~~~~~~~~~~~~~~~~~~~~~~~~~~~~~~~~~~~~~~~~[0m
    [7m 34[0m       },
    [7m   [0m [96m~~~~~~~[0m
    The expected type comes from property 'variant' which is declared here on type 'IntrinsicAttributes & ClassAttributes<HTMLSpanElement> & HTMLAttributes<HTMLSpanElement> & VariantProps<...> & { ...; }'

[96msrc/components/ui/entity-list.tsx[0m:[93m498[0m:[93m10[0m - [91merror[0m[90m TS2322: [0mType '"default" | "outline"' is not assignable to type '"success" | "info" | "warning" | "primary" | "secondary" | "outline" | "destructive" | null | undefined'.
  Type '"default"' is not assignable to type '"success" | "info" | "warning" | "primary" | "secondary" | "outline" | "destructive" | null | undefined'.

[7m498[0m          variant={selectedTagFilter === 'all' ? 'default' : 'outline'}
[7m   [0m [91m         ~~~~~~~[0m

  [96msrc/components/ui/badge.tsx[0m:[93m24[0m:[93m7[0m
    [7m 24[0m       variant: {
    [7m   [0m [96m      ~~~~~~~~~~[0m
    [7m 25[0m         primary: 'bg-primary text-primary-foreground',
    [7m   [0m [96m~~~~~~~~~~~~~~~~~~~~~~~~~~~~~~~~~~~~~~~~~~~~~~~~~~~~~~[0m
    [7m...[0m 
    [7m 33[0m         destructive: 'bg-destructive text-destructive-foreground',
    [7m   [0m [96m~~~~~~~~~~~~~~~~~~~~~~~~~~~~~~~~~~~~~~~~~~~~~~~~~~~~~~~~~~~~~~~~~~[0m
    [7m 34[0m       },
    [7m   [0m [96m~~~~~~~[0m
    The expected type comes from property 'variant' which is declared here on type 'IntrinsicAttributes & ClassAttributes<HTMLSpanElement> & HTMLAttributes<HTMLSpanElement> & VariantProps<...> & { ...; }'

[96msrc/components/ui/entity-list.tsx[0m:[93m507[0m:[93m11[0m - [91merror[0m[90m TS2322: [0mType '"default" | "outline"' is not assignable to type '"success" | "info" | "warning" | "primary" | "secondary" | "outline" | "destructive" | null | undefined'.
  Type '"default"' is not assignable to type '"success" | "info" | "warning" | "primary" | "secondary" | "outline" | "destructive" | null | undefined'.

[7m507[0m           variant={selectedTagFilter === tag ? 'default' : 'outline'}
[7m   [0m [91m          ~~~~~~~[0m

  [96msrc/components/ui/badge.tsx[0m:[93m24[0m:[93m7[0m
    [7m 24[0m       variant: {
    [7m   [0m [96m      ~~~~~~~~~~[0m
    [7m 25[0m         primary: 'bg-primary text-primary-foreground',
    [7m   [0m [96m~~~~~~~~~~~~~~~~~~~~~~~~~~~~~~~~~~~~~~~~~~~~~~~~~~~~~~[0m
    [7m...[0m 
    [7m 33[0m         destructive: 'bg-destructive text-destructive-foreground',
    [7m   [0m [96m~~~~~~~~~~~~~~~~~~~~~~~~~~~~~~~~~~~~~~~~~~~~~~~~~~~~~~~~~~~~~~~~~~[0m
    [7m 34[0m       },
    [7m   [0m [96m~~~~~~~[0m
    The expected type comes from property 'variant' which is declared here on type 'IntrinsicAttributes & ClassAttributes<HTMLSpanElement> & HTMLAttributes<HTMLSpanElement> & VariantProps<...> & { ...; }'

[96msrc/components/ui/entity-list.tsx[0m:[93m570[0m:[93m10[0m - [91merror[0m[90m TS2322: [0mType '"default" | "outline"' is not assignable to type '"primary" | "secondary" | "outline" | "destructive" | "ghost" | "mono" | "dashed" | "dim" | "foreground" | "inverse" | null | undefined'.
  Type '"default"' is not assignable to type '"primary" | "secondary" | "outline" | "destructive" | "ghost" | "mono" | "dashed" | "dim" | "foreground" | "inverse" | null | undefined'.

[7m570[0m          variant={currentPage === pageNum ? 'default' : 'outline'}
[7m   [0m [91m         ~~~~~~~[0m

  [96msrc/components/ui/button.tsx[0m:[93m11[0m:[93m7[0m
    [7m 11[0m       variant: {
    [7m   [0m [96m      ~~~~~~~~~~[0m
    [7m 12[0m         primary: 'bg-primary text-primary-foreground hover:bg-primary/90 data-[state=open]:bg-primary/90',
    [7m   [0m [96m~~~~~~~~~~~~~~~~~~~~~~~~~~~~~~~~~~~~~~~~~~~~~~~~~~~~~~~~~~~~~~~~~~~~~~~~~~~~~~~~~~~~~~~~~~~~~~~~~~~~~~~~~~[0m
    [7m...[0m 
    [7m 24[0m         inverse: '',
    [7m   [0m [96m~~~~~~~~~~~~~~~~~~~~[0m
    [7m 25[0m       },
    [7m   [0m [96m~~~~~~~[0m
    The expected type comes from property 'variant' which is declared here on type 'IntrinsicAttributes & ClassAttributes<HTMLButtonElement> & ButtonHTMLAttributes<HTMLButtonElement> & VariantProps<...> & { ...; }'

[96msrc/components/ui/page-heading.tsx[0m:[93m41[0m:[93m62[0m - [91merror[0m[90m TS2322: [0mType '"link"' is not assignable to type '"primary" | "secondary" | "outline" | "destructive" | "ghost" | "mono" | "dashed" | "dim" | "foreground" | "inverse" | null | undefined'.

[7m41[0m       <Button asChild className="pl-0 text-muted-foreground" variant="link">
[7m  [0m [91m                                                             ~~~~~~~[0m

  [96msrc/components/ui/button.tsx[0m:[93m11[0m:[93m7[0m
    [7m 11[0m       variant: {
    [7m   [0m [96m      ~~~~~~~~~~[0m
    [7m 12[0m         primary: 'bg-primary text-primary-foreground hover:bg-primary/90 data-[state=open]:bg-primary/90',
    [7m   [0m [96m~~~~~~~~~~~~~~~~~~~~~~~~~~~~~~~~~~~~~~~~~~~~~~~~~~~~~~~~~~~~~~~~~~~~~~~~~~~~~~~~~~~~~~~~~~~~~~~~~~~~~~~~~~[0m
    [7m...[0m 
    [7m 24[0m         inverse: '',
    [7m   [0m [96m~~~~~~~~~~~~~~~~~~~~[0m
    [7m 25[0m       },
    [7m   [0m [96m~~~~~~~[0m
    The expected type comes from property 'variant' which is declared here on type 'IntrinsicAttributes & ClassAttributes<HTMLButtonElement> & ButtonHTMLAttributes<HTMLButtonElement> & VariantProps<...> & { ...; }'

[96msrc/components/ui/pagination.tsx[0m:[93m53[0m:[93m4[0m - [91merror[0m[90m TS2322: [0mType '"default"' is not assignable to type '"sm" | "md" | "lg" | "icon" | null | undefined'.

[7m53[0m    size="default"
[7m  [0m [91m   ~~~~[0m

  [96msrc/components/ui/button.tsx[0m:[93m38[0m:[93m7[0m
    [7m 38[0m       size: {
    [7m   [0m [96m      ~~~~~~~[0m
    [7m 39[0m         lg: 'h-10 rounded-md px-4 text-sm gap-1.5 [&_svg:not([class*=size-])]:size-4',
    [7m   [0m [96m~~~~~~~~~~~~~~~~~~~~~~~~~~~~~~~~~~~~~~~~~~~~~~~~~~~~~~~~~~~~~~~~~~~~~~~~~~~~~~~~~~~~~~[0m
    [7m...[0m 
    [7m 42[0m         icon: 'size-8.5 rounded-md [&_svg:not([class*=size-])]:size-4 shrink-0',
    [7m   [0m [96m~~~~~~~~~~~~~~~~~~~~~~~~~~~~~~~~~~~~~~~~~~~~~~~~~~~~~~~~~~~~~~~~~~~~~~~~~~~~~~~~[0m
    [7m 43[0m       },
    [7m   [0m [96m~~~~~~~[0m
    The expected type comes from property 'size' which is declared here on type 'IntrinsicAttributes & { isActive?: boolean | undefined; } & Pick<ClassAttributes<HTMLButtonElement> & ButtonHTMLAttributes<HTMLButtonElement> & VariantProps<...> & { ...; }, "size"> & ClassAttributes<...> & AnchorHTMLAttributes<...>'

[96msrc/components/ui/pagination.tsx[0m:[93m67[0m:[93m4[0m - [91merror[0m[90m TS2322: [0mType '"default"' is not assignable to type '"sm" | "md" | "lg" | "icon" | null | undefined'.

[7m67[0m    size="default"
[7m  [0m [91m   ~~~~[0m

  [96msrc/components/ui/button.tsx[0m:[93m38[0m:[93m7[0m
    [7m 38[0m       size: {
    [7m   [0m [96m      ~~~~~~~[0m
    [7m 39[0m         lg: 'h-10 rounded-md px-4 text-sm gap-1.5 [&_svg:not([class*=size-])]:size-4',
    [7m   [0m [96m~~~~~~~~~~~~~~~~~~~~~~~~~~~~~~~~~~~~~~~~~~~~~~~~~~~~~~~~~~~~~~~~~~~~~~~~~~~~~~~~~~~~~~[0m
    [7m...[0m 
    [7m 42[0m         icon: 'size-8.5 rounded-md [&_svg:not([class*=size-])]:size-4 shrink-0',
    [7m   [0m [96m~~~~~~~~~~~~~~~~~~~~~~~~~~~~~~~~~~~~~~~~~~~~~~~~~~~~~~~~~~~~~~~~~~~~~~~~~~~~~~~~[0m
    [7m 43[0m       },
    [7m   [0m [96m~~~~~~~[0m
    The expected type comes from property 'size' which is declared here on type 'IntrinsicAttributes & { isActive?: boolean | undefined; } & Pick<ClassAttributes<HTMLButtonElement> & ButtonHTMLAttributes<HTMLButtonElement> & VariantProps<...> & { ...; }, "size"> & ClassAttributes<...> & AnchorHTMLAttributes<...>'

[96msrc/components/views/development/charts/tech-metrics.tsx[0m:[93m270[0m:[93m16[0m - [91merror[0m[90m TS2322: [0mType '"default" | "secondary"' is not assignable to type '"success" | "info" | "warning" | "primary" | "secondary" | "outline" | "destructive" | null | undefined'.
  Type '"default"' is not assignable to type '"success" | "info" | "warning" | "primary" | "secondary" | "outline" | "destructive" | null | undefined'.

[7m270[0m         <Badge variant={technicalMetrics.databaseMetrics.errorRate < 1 ? 'default' : 'secondary'}>
[7m   [0m [91m               ~~~~~~~[0m

  [96msrc/components/ui/badge.tsx[0m:[93m24[0m:[93m7[0m
    [7m 24[0m       variant: {
    [7m   [0m [96m      ~~~~~~~~~~[0m
    [7m 25[0m         primary: 'bg-primary text-primary-foreground',
    [7m   [0m [96m~~~~~~~~~~~~~~~~~~~~~~~~~~~~~~~~~~~~~~~~~~~~~~~~~~~~~~[0m
    [7m...[0m 
    [7m 33[0m         destructive: 'bg-destructive text-destructive-foreground',
    [7m   [0m [96m~~~~~~~~~~~~~~~~~~~~~~~~~~~~~~~~~~~~~~~~~~~~~~~~~~~~~~~~~~~~~~~~~~[0m
    [7m 34[0m       },
    [7m   [0m [96m~~~~~~~[0m
    The expected type comes from property 'variant' which is declared here on type 'IntrinsicAttributes & ClassAttributes<HTMLSpanElement> & HTMLAttributes<HTMLSpanElement> & VariantProps<...> & { ...; }'

[96msrc/components/views/development/charts/tech-metrics.tsx[0m:[93m295[0m:[93m16[0m - [91merror[0m[90m TS2322: [0mType '"default" | "secondary"' is not assignable to type '"success" | "info" | "warning" | "primary" | "secondary" | "outline" | "destructive" | null | undefined'.
  Type '"default"' is not assignable to type '"success" | "info" | "warning" | "primary" | "secondary" | "outline" | "destructive" | null | undefined'.

[7m295[0m         <Badge variant={technicalMetrics.apiMetrics.errorRate < 1 ? 'default' : 'secondary'}>
[7m   [0m [91m               ~~~~~~~[0m

  [96msrc/components/ui/badge.tsx[0m:[93m24[0m:[93m7[0m
    [7m 24[0m       variant: {
    [7m   [0m [96m      ~~~~~~~~~~[0m
    [7m 25[0m         primary: 'bg-primary text-primary-foreground',
    [7m   [0m [96m~~~~~~~~~~~~~~~~~~~~~~~~~~~~~~~~~~~~~~~~~~~~~~~~~~~~~~[0m
    [7m...[0m 
    [7m 33[0m         destructive: 'bg-destructive text-destructive-foreground',
    [7m   [0m [96m~~~~~~~~~~~~~~~~~~~~~~~~~~~~~~~~~~~~~~~~~~~~~~~~~~~~~~~~~~~~~~~~~~[0m
    [7m 34[0m       },
    [7m   [0m [96m~~~~~~~[0m
    The expected type comes from property 'variant' which is declared here on type 'IntrinsicAttributes & ClassAttributes<HTMLSpanElement> & HTMLAttributes<HTMLSpanElement> & VariantProps<...> & { ...; }'

[96msrc/components/views/development/charts/tech-metrics.tsx[0m:[93m436[0m:[93m17[0m - [91merror[0m[90m TS2322: [0mType '"default" | "secondary"' is not assignable to type '"success" | "info" | "warning" | "primary" | "secondary" | "outline" | "destructive" | null | undefined'.
  Type '"default"' is not assignable to type '"success" | "info" | "warning" | "primary" | "secondary" | "outline" | "destructive" | null | undefined'.

[7m436[0m          <Badge variant={imageProcessingPerformance.successRate > 99 ? 'default' : 'secondary'}>
[7m   [0m [91m                ~~~~~~~[0m

  [96msrc/components/ui/badge.tsx[0m:[93m24[0m:[93m7[0m
    [7m 24[0m       variant: {
    [7m   [0m [96m      ~~~~~~~~~~[0m
    [7m 25[0m         primary: 'bg-primary text-primary-foreground',
    [7m   [0m [96m~~~~~~~~~~~~~~~~~~~~~~~~~~~~~~~~~~~~~~~~~~~~~~~~~~~~~~[0m
    [7m...[0m 
    [7m 33[0m         destructive: 'bg-destructive text-destructive-foreground',
    [7m   [0m [96m~~~~~~~~~~~~~~~~~~~~~~~~~~~~~~~~~~~~~~~~~~~~~~~~~~~~~~~~~~~~~~~~~~[0m
    [7m 34[0m       },
    [7m   [0m [96m~~~~~~~[0m
    The expected type comes from property 'variant' which is declared here on type 'IntrinsicAttributes & ClassAttributes<HTMLSpanElement> & HTMLAttributes<HTMLSpanElement> & VariantProps<...> & { ...; }'

[96msrc/components/views/wildcards/wildcard-content-view.tsx[0m:[93m110[0m:[93m7[0m - [91merror[0m[90m TS2322: [0mType '"default" | "secondary"' is not assignable to type '"success" | "info" | "warning" | "primary" | "secondary" | "outline" | "destructive" | null | undefined'.
  Type '"default"' is not assignable to type '"success" | "info" | "warning" | "primary" | "secondary" | "outline" | "destructive" | null | undefined'.

[7m110[0m       variant={selectedWildcard.isActive ? 'default' : 'secondary'}
[7m   [0m [91m      ~~~~~~~[0m

  [96msrc/components/ui/badge.tsx[0m:[93m24[0m:[93m7[0m
    [7m 24[0m       variant: {
    [7m   [0m [96m      ~~~~~~~~~~[0m
    [7m 25[0m         primary: 'bg-primary text-primary-foreground',
    [7m   [0m [96m~~~~~~~~~~~~~~~~~~~~~~~~~~~~~~~~~~~~~~~~~~~~~~~~~~~~~~[0m
    [7m...[0m 
    [7m 33[0m         destructive: 'bg-destructive text-destructive-foreground',
    [7m   [0m [96m~~~~~~~~~~~~~~~~~~~~~~~~~~~~~~~~~~~~~~~~~~~~~~~~~~~~~~~~~~~~~~~~~~[0m
    [7m 34[0m       },
    [7m   [0m [96m~~~~~~~[0m
    The expected type comes from property 'variant' which is declared here on type 'IntrinsicAttributes & ClassAttributes<HTMLSpanElement> & HTMLAttributes<HTMLSpanElement> & VariantProps<...> & { ...; }'

[96msrc/components/views/workflows/workflow-content-view.tsx[0m:[93m78[0m:[93m50[0m - [91merror[0m[90m TS2322: [0mType '"default" | "destructive"' is not assignable to type '"primary" | "secondary" | "outline" | "destructive" | "ghost" | "mono" | "dashed" | "dim" | "foreground" | "inverse" | null | undefined'.
  Type '"default"' is not assignable to type '"primary" | "secondary" | "outline" | "destructive" | "ghost" | "mono" | "dashed" | "dim" | "foreground" | "inverse" | null | undefined'.

[7m78[0m       <Button onClick={toggleWorkflow} size="sm" variant={isRunning ? 'destructive' : 'default'}>
[7m  [0m [91m                                                 ~~~~~~~[0m

  [96msrc/components/ui/button.tsx[0m:[93m11[0m:[93m7[0m
    [7m 11[0m       variant: {
    [7m   [0m [96m      ~~~~~~~~~~[0m
    [7m 12[0m         primary: 'bg-primary text-primary-foreground hover:bg-primary/90 data-[state=open]:bg-primary/90',
    [7m   [0m [96m~~~~~~~~~~~~~~~~~~~~~~~~~~~~~~~~~~~~~~~~~~~~~~~~~~~~~~~~~~~~~~~~~~~~~~~~~~~~~~~~~~~~~~~~~~~~~~~~~~~~~~~~~~[0m
    [7m...[0m 
    [7m 24[0m         inverse: '',
    [7m   [0m [96m~~~~~~~~~~~~~~~~~~~~[0m
    [7m 25[0m       },
    [7m   [0m [96m~~~~~~~[0m
    The expected type comes from property 'variant' which is declared here on type 'IntrinsicAttributes & ClassAttributes<HTMLButtonElement> & ButtonHTMLAttributes<HTMLButtonElement> & VariantProps<...> & { ...; }'

[96msrc/components/views/workflows/workflow-content-view.tsx[0m:[93m118[0m:[93m19[0m - [91merror[0m[90m TS2322: [0mType '"default" | "secondary"' is not assignable to type '"success" | "info" | "warning" | "primary" | "secondary" | "outline" | "destructive" | null | undefined'.
  Type '"default"' is not assignable to type '"success" | "info" | "warning" | "primary" | "secondary" | "outline" | "destructive" | null | undefined'.

[7m118[0m            <Badge variant={workflowData.status === 'idle' ? 'secondary' : 'default'}>
[7m   [0m [91m                  ~~~~~~~[0m

  [96msrc/components/ui/badge.tsx[0m:[93m24[0m:[93m7[0m
    [7m 24[0m       variant: {
    [7m   [0m [96m      ~~~~~~~~~~[0m
    [7m 25[0m         primary: 'bg-primary text-primary-foreground',
    [7m   [0m [96m~~~~~~~~~~~~~~~~~~~~~~~~~~~~~~~~~~~~~~~~~~~~~~~~~~~~~~[0m
    [7m...[0m 
    [7m 33[0m         destructive: 'bg-destructive text-destructive-foreground',
    [7m   [0m [96m~~~~~~~~~~~~~~~~~~~~~~~~~~~~~~~~~~~~~~~~~~~~~~~~~~~~~~~~~~~~~~~~~~[0m
    [7m 34[0m       },
    [7m   [0m [96m~~~~~~~[0m
    The expected type comes from property 'variant' which is declared here on type 'IntrinsicAttributes & ClassAttributes<HTMLSpanElement> & HTMLAttributes<HTMLSpanElement> & VariantProps<...> & { ...; }'

[96msrc/components/views/workflows/workflow-content-view.tsx[0m:[93m225[0m:[93m15[0m - [91merror[0m[90m TS2322: [0mType '"default" | "secondary" | "outline"' is not assignable to type '"success" | "info" | "warning" | "primary" | "secondary" | "outline" | "destructive" | null | undefined'.
  Type '"default"' is not assignable to type '"success" | "info" | "warning" | "primary" | "secondary" | "outline" | "destructive" | null | undefined'.

[7m225[0m               variant={
[7m   [0m [91m              ~~~~~~~[0m

  [96msrc/components/ui/badge.tsx[0m:[93m24[0m:[93m7[0m
    [7m 24[0m       variant: {
    [7m   [0m [96m      ~~~~~~~~~~[0m
    [7m 25[0m         primary: 'bg-primary text-primary-foreground',
    [7m   [0m [96m~~~~~~~~~~~~~~~~~~~~~~~~~~~~~~~~~~~~~~~~~~~~~~~~~~~~~~[0m
    [7m...[0m 
    [7m 33[0m         destructive: 'bg-destructive text-destructive-foreground',
    [7m   [0m [96m~~~~~~~~~~~~~~~~~~~~~~~~~~~~~~~~~~~~~~~~~~~~~~~~~~~~~~~~~~~~~~~~~~[0m
    [7m 34[0m       },
    [7m   [0m [96m~~~~~~~[0m
    The expected type comes from property 'variant' which is declared here on type 'IntrinsicAttributes & ClassAttributes<HTMLSpanElement> & HTMLAttributes<HTMLSpanElement> & VariantProps<...> & { ...; }'

[96msrc/services/audio/audio-metadata.service.ts[0m:[93m1[0m:[93m26[0m - [91merror[0m[90m TS2724: [0m'"music-metadata"' has no exported member named 'parseStream'. Did you mean 'parseWebStream'?

[7m1[0m import { IAudioMetadata, parseStream } from 'music-metadata';
[7m [0m [91m                         ~~~~~~~~~~~[0m

  [96mnode_modules/music-metadata/lib/core.d.ts[0m:[93m24[0m:[93m25[0m
    [7m24[0m export declare function parseWebStream(webStream: AnyWebByteStream, fileInfo?: IFileInfo | string, options?: IOptions): Promise<IAudioMetadata>;
    [7m  [0m [96m                        ~~~~~~~~~~~~~~[0m
    'parseWebStream' is declared here.

[96msrc/services/video/video-probe.service.ts[0m:[93m1[0m:[93m27[0m - [91merror[0m[90m TS7016: [0mCould not find a declaration file for module 'ffprobe-static'. 'D:/DEV/image-manager/node_modules/ffprobe-static/index.js' implicitly has an 'any' type.
  Try `npm i --save-dev @types/ffprobe-static` if it exists or add a new declaration (.d.ts) file containing `declare module 'ffprobe-static';`

[7m1[0m import ffprobeStatic from 'ffprobe-static';
[7m [0m [91m                          ~~~~~~~~~~~~~~~~[0m


Found 26 errors in 12 files.

Errors  Files
     1  src/components/features/file-viewer/viewers/audio-viewer.tsx[90m:10[0m
     1  src/components/file-browser/view-configuration/ViewConfigurationPanel.tsx[90m:391[0m
     1  src/components/settings/prompts/prompts-settings.tsx[90m:294[0m
     2  src/components/ui/entity-header.tsx[90m:185[0m
     9  src/components/ui/entity-list.tsx[90m:393[0m
     1  src/components/ui/page-heading.tsx[90m:41[0m
     2  src/components/ui/pagination.tsx[90m:53[0m
     3  src/components/views/development/charts/tech-metrics.tsx[90m:270[0m
     1  src/components/views/wildcards/wildcard-content-view.tsx[90m:110[0m
     3  src/components/views/workflows/workflow-content-view.tsx[90m:78[0m
     1  src/services/audio/audio-metadata.service.ts[90m:1[0m
     1  src/services/video/video-probe.service.ts[90m:1[0m
