Comando: bunx tsc --noEmit --pretty
Fecha: 2025-07-28T02:34:54.477Z
Directorio: D:\DEV\image-manager
Modo tolerante: SÍ
Tipo: Linting
===============================================
[96msrc/components/features/file-browser/context-menu/context-action-handler.ts[0m:[93m362[0m:[93m10[0m - [91merror[0m[90m TS2304: [0mCannot find name 'EmptySpaceAction'.

[7m362[0m  action: EmptySpaceAction,
[7m   [0m [91m         ~~~~~~~~~~~~~~~~[0m

[96msrc/components/features/file-browser/context-menu/index.ts[0m:[93m8[0m:[93m1[0m - [91merror[0m[90m TS2308: [0mModule './empty-space-context-menu' has already exported a member named 'EmptySpaceAction'. Consider explicitly re-exporting to resolve the ambiguity.

[7m8[0m export * from './types';
[7m [0m [91m~~~~~~~~~~~~~~~~~~~~~~~~[0m

[96msrc/components/features/file-browser/context-menu/index.ts[0m:[93m8[0m:[93m1[0m - [91merror[0m[90m TS2308: [0mModule './empty-space-context-menu' has already exported a member named 'EmptySpaceContextMenuProps'. Consider explicitly re-exporting to resolve the ambiguity.

[7m8[0m export * from './types';
[7m [0m [91m~~~~~~~~~~~~~~~~~~~~~~~~[0m

[96msrc/components/features/file-browser/context-menu/index.ts[0m:[93m8[0m:[93m1[0m - [91merror[0m[90m TS2308: [0mModule './multi-selection-context-menu' has already exported a member named 'MultiSelectionAction'. Consider explicitly re-exporting to resolve the ambiguity.

[7m8[0m export * from './types';
[7m [0m [91m~~~~~~~~~~~~~~~~~~~~~~~~[0m

[96msrc/components/features/file-browser/context-menu/index.ts[0m:[93m8[0m:[93m1[0m - [91merror[0m[90m TS2308: [0mModule './multi-selection-context-menu' has already exported a member named 'MultiSelectionContextMenuProps'. Consider explicitly re-exporting to resolve the ambiguity.

[7m8[0m export * from './types';
[7m [0m [91m~~~~~~~~~~~~~~~~~~~~~~~~[0m

[96msrc/components/features/file-browser/context-menu/multi-selection-context-menu.test.tsx[0m:[93m47[0m:[93m5[0m - [91merror[0m[90m TS2322: [0mType '{ id: string; name: string; size: number; createdAt: Date; updatedAt: Date; entityType: "image"; }' is not assignable to type 'FileItem'.
  Type '{ id: string; name: string; size: number; createdAt: Date; updatedAt: Date; entityType: "image"; }' is missing the following properties from type 'ImageWithStats': stats, thumbnailUrl, fullUrl, description, and 17 more.

[7m 47[0m     {
[7m   [0m [91m    ~[0m
[7m 48[0m       id: '1',
[7m   [0m [91m~~~~~~~~~~~~~~[0m
[7m...[0m 
[7m 53[0m       entityType: 'image',
[7m   [0m [91m~~~~~~~~~~~~~~~~~~~~~~~~~~[0m
[7m 54[0m     },
[7m   [0m [91m~~~~~[0m

[96msrc/components/features/file-browser/context-menu/multi-selection-context-menu.test.tsx[0m:[93m55[0m:[93m5[0m - [91merror[0m[90m TS2322: [0mType '{ id: string; name: string; size: number; createdAt: Date; updatedAt: Date; entityType: "image"; }' is not assignable to type 'FileItem'.
  Type '{ id: string; name: string; size: number; createdAt: Date; updatedAt: Date; entityType: "image"; }' is missing the following properties from type 'ImageWithStats': stats, thumbnailUrl, fullUrl, description, and 17 more.

[7m 55[0m     {
[7m   [0m [91m    ~[0m
[7m 56[0m       id: '2',
[7m   [0m [91m~~~~~~~~~~~~~~[0m
[7m...[0m 
[7m 61[0m       entityType: 'image',
[7m   [0m [91m~~~~~~~~~~~~~~~~~~~~~~~~~~[0m
[7m 62[0m     },
[7m   [0m [91m~~~~~[0m

[96msrc/components/features/file-browser/context-menu/multi-selection-context-menu.tsx[0m:[93m270[0m:[93m76[0m - [91merror[0m[90m TS2339: [0mProperty 'size' does not exist on type 'FileItem'.
  Property 'size' does not exist on type 'CollectionWithStats'.

[7m270[0m             Tamaño total: {selectedItems.reduce((acc, item) => acc + (item.size || 0), 0).toLocaleString()} bytes
[7m   [0m [91m                                                                           ~~~~[0m

[96msrc/components/features/file-browser/file-browser.tsx[0m:[93m589[0m:[93m18[0m - [91merror[0m[90m TS2304: [0mCannot find name 'EmptySpaceAction'.

[7m589[0m   async (action: EmptySpaceAction, data?: Record<string, unknown>) => {
[7m   [0m [91m                 ~~~~~~~~~~~~~~~~[0m

[96msrc/components/features/file-browser/file-browser.tsx[0m:[93m749[0m:[93m63[0m - [91merror[0m[90m TS2339: [0mProperty 'title' does not exist on type 'never'.

[7m749[0m      alt: 'name' in item ? item.name : 'title' in item ? item.title : '',
[7m   [0m [91m                                                              ~~~~~[0m

[96msrc/components/features/file-browser/file-browser.tsx[0m:[93m750[0m:[93m65[0m - [91merror[0m[90m TS2339: [0mProperty 'title' does not exist on type 'never'.

[7m750[0m      title: 'name' in item ? item.name : 'title' in item ? item.title : '',
[7m   [0m [91m                                                                ~~~~~[0m

[96msrc/components/features/file-browser/file-browser.tsx[0m:[93m754[0m:[93m16[0m - [91merror[0m[90m TS2345: [0mArgument of type '{ id: string; src: string; alt: any; title: any; }[]' is not assignable to parameter of type 'ImageItem[]'.
  Type '{ id: string; src: string; alt: any; title: any; }' is missing the following properties from type 'ImageItem': name, type, path, size, and 4 more.

[7m754[0m     openViewer(imageItems, initialIndex);
[7m   [0m [91m               ~~~~~~~~~~[0m

[96msrc/components/panels/right-panel/right-panel.tsx[0m:[93m9[0m:[93m38[0m - [91merror[0m[90m TS2307: [0mCannot find module '../stats-panel/stats-panel' or its corresponding type declarations.

[7m9[0m const StatsPanel = lazy(() => import('../stats-panel/stats-panel'));
[7m [0m [91m                                     ~~~~~~~~~~~~~~~~~~~~~~~~~~~~[0m

[96msrc/components/panels/right-panel/right-panel.tsx[0m:[93m11[0m:[93m9[0m - [91merror[0m[90m TS2307: [0mCannot find module '../stats-panel/components/folder-stats' or its corresponding type declarations.

[7m11[0m  import('../stats-panel/components/folder-stats').then((m) => ({ default: m.FolderStats }))
[7m  [0m [91m        ~~~~~~~~~~~~~~~~~~~~~~~~~~~~~~~~~~~~~~~~[0m

[96msrc/components/panels/right-panel/right-panel.tsx[0m:[93m44[0m:[93m29[0m - [91merror[0m[90m TS2322: [0mType '{ folderId: string; folderName: string | undefined; }' is not assignable to type 'IntrinsicAttributes'.
  Property 'folderId' does not exist on type 'IntrinsicAttributes'.

[7m44[0m    {folderId ? <FolderStats folderId={folderId} folderName={folderName} /> : <StatsPanel />}
[7m  [0m [91m                            ~~~~~~~~[0m

[96msrc/lib/keyboard/__tests__/keyboard-shortcut-manager.test.ts[0m:[93m26[0m:[93m22[0m - [91merror[0m[90m TS2345: [0mArgument of type '{ key: string; modifiers: readonly ["ctrl"]; action: string; description: string; }' is not assignable to parameter of type 'KeyboardShortcutConfig'.
  Types of property 'modifiers' are incompatible.
    The type 'readonly ["ctrl"]' is 'readonly' and cannot be assigned to the mutable type '("meta" | "shift" | "ctrl" | "alt")[]'.

[7m26[0m     manager.register(shortcut, mockHandler);
[7m  [0m [91m                     ~~~~~~~~[0m

[96msrc/lib/keyboard/__tests__/keyboard-shortcut-manager.test.ts[0m:[93m48[0m:[93m22[0m - [91merror[0m[90m TS2345: [0mArgument of type '{ key: string; modifiers: readonly ["ctrl"]; action: string; description: string; }' is not assignable to parameter of type 'KeyboardShortcutConfig'.
  Types of property 'modifiers' are incompatible.
    The type 'readonly ["ctrl"]' is 'readonly' and cannot be assigned to the mutable type '("meta" | "shift" | "ctrl" | "alt")[]'.

[7m48[0m     manager.register(shortcut, mockHandler);
[7m  [0m [91m                     ~~~~~~~~[0m

[96msrc/lib/keyboard/__tests__/keyboard-shortcut-manager.test.ts[0m:[93m71[0m:[93m22[0m - [91merror[0m[90m TS2345: [0mArgument of type '{ key: string; modifiers: readonly ["ctrl"]; action: string; description: string; context: "file-browser"; }' is not assignable to parameter of type 'KeyboardShortcutConfig'.
  Types of property 'modifiers' are incompatible.
    The type 'readonly ["ctrl"]' is 'readonly' and cannot be assigned to the mutable type '("meta" | "shift" | "ctrl" | "alt")[]'.

[7m71[0m     manager.register(shortcut, mockHandler);
[7m  [0m [91m                     ~~~~~~~~[0m

[96msrc/lib/keyboard/__tests__/keyboard-shortcut-manager.test.ts[0m:[93m94[0m:[93m22[0m - [91merror[0m[90m TS2345: [0mArgument of type '{ key: string; modifiers: readonly []; action: string; description: string; context: "global"; }' is not assignable to parameter of type 'KeyboardShortcutConfig'.
  Types of property 'modifiers' are incompatible.
    The type 'readonly []' is 'readonly' and cannot be assigned to the mutable type '("meta" | "shift" | "ctrl" | "alt")[]'.

[7m94[0m     manager.register(shortcut, mockHandler);
[7m  [0m [91m                     ~~~~~~~~[0m

[96msrc/lib/keyboard/__tests__/keyboard-shortcut-manager.test.ts[0m:[93m115[0m:[93m22[0m - [91merror[0m[90m TS2345: [0mArgument of type '{ key: string; modifiers: readonly ["ctrl"]; action: string; description: string; }' is not assignable to parameter of type 'KeyboardShortcutConfig'.
  Types of property 'modifiers' are incompatible.
    The type 'readonly ["ctrl"]' is 'readonly' and cannot be assigned to the mutable type '("meta" | "shift" | "ctrl" | "alt")[]'.

[7m115[0m     manager.register(shortcut, mockHandler);
[7m   [0m [91m                     ~~~~~~~~[0m

[96msrc/lib/keyboard/__tests__/keyboard-shortcut-manager.test.ts[0m:[93m116[0m:[93m24[0m - [91merror[0m[90m TS2345: [0mArgument of type '{ key: string; modifiers: readonly ["ctrl"]; action: string; description: string; }' is not assignable to parameter of type 'KeyboardShortcutConfig'.
  Types of property 'modifiers' are incompatible.
    The type 'readonly ["ctrl"]' is 'readonly' and cannot be assigned to the mutable type '("meta" | "shift" | "ctrl" | "alt")[]'.

[7m116[0m     manager.unregister(shortcut);
[7m   [0m [91m                       ~~~~~~~~[0m

[96msrc/lib/keyboard/__tests__/keyboard-shortcut-manager.test.ts[0m:[93m146[0m:[93m22[0m - [91merror[0m[90m TS2345: [0mArgument of type '{ key: string; modifiers: readonly []; action: string; description: string; context: "global"; }' is not assignable to parameter of type 'KeyboardShortcutConfig'.
  Types of property 'modifiers' are incompatible.
    The type 'readonly []' is 'readonly' and cannot be assigned to the mutable type '("meta" | "shift" | "ctrl" | "alt")[]'.

[7m146[0m     manager.register(globalShortcut, mockHandler);
[7m   [0m [91m                     ~~~~~~~~~~~~~~[0m

[96msrc/lib/keyboard/__tests__/keyboard-shortcut-manager.test.ts[0m:[93m147[0m:[93m22[0m - [91merror[0m[90m TS2345: [0mArgument of type '{ key: string; modifiers: readonly ["ctrl"]; action: string; description: string; context: "file-browser"; }' is not assignable to parameter of type 'KeyboardShortcutConfig'.
  Types of property 'modifiers' are incompatible.
    The type 'readonly ["ctrl"]' is 'readonly' and cannot be assigned to the mutable type '("meta" | "shift" | "ctrl" | "alt")[]'.

[7m147[0m     manager.register(contextShortcut, mockHandler);
[7m   [0m [91m                     ~~~~~~~~~~~~~~~[0m

[96msrc/lib/keyboard/use-keyboard-shortcuts.ts[0m:[93m66[0m:[93m40[0m - [91merror[0m[90m TS2345: [0mArgument of type '(event: KeyboardEvent) => boolean' is not assignable to parameter of type 'EventListenerOrEventListenerObject'.
  Type '(event: KeyboardEvent) => boolean' is not assignable to type 'EventListener'.
    Types of parameters 'event' and 'evt' are incompatible.
      Type 'Event' is missing the following properties from type 'KeyboardEvent': altKey, charCode, code, ctrlKey, and 17 more.

[7m66[0m     target.addEventListener('keydown', handleKeyDown);
[7m  [0m [91m                                       ~~~~~~~~~~~~~[0m

[96msrc/lib/keyboard/use-keyboard-shortcuts.ts[0m:[93m69[0m:[93m45[0m - [91merror[0m[90m TS2345: [0mArgument of type '(event: KeyboardEvent) => boolean' is not assignable to parameter of type 'EventListenerOrEventListenerObject'.
  Type '(event: KeyboardEvent) => boolean' is not assignable to type 'EventListener'.
    Types of parameters 'event' and 'evt' are incompatible.
      Type 'Event' is missing the following properties from type 'KeyboardEvent': altKey, charCode, code, ctrlKey, and 17 more.

[7m69[0m       target.removeEventListener('keydown', handleKeyDown);
[7m  [0m [91m                                            ~~~~~~~~~~~~~[0m


Found 25 errors in 8 files.

Errors  Files
     1  src/components/features/file-browser/context-menu/context-action-handler.ts[90m:362[0m
     4  src/components/features/file-browser/context-menu/index.ts[90m:8[0m
     2  src/components/features/file-browser/context-menu/multi-selection-context-menu.test.tsx[90m:47[0m
     1  src/components/features/file-browser/context-menu/multi-selection-context-menu.tsx[90m:270[0m
     4  src/components/features/file-browser/file-browser.tsx[90m:589[0m
     3  src/components/panels/right-panel/right-panel.tsx[90m:9[0m
     8  src/lib/keyboard/__tests__/keyboard-shortcut-manager.test.ts[90m:26[0m
     2  src/lib/keyboard/use-keyboard-shortcuts.ts[90m:66[0m
