Comando: bunx tsc --noEmit --pretty
Fecha: 2025-07-08T04:53:15.188Z
Directorio: D:\DEV\image-manager
Modo tolerante: SÍ
Tipo: Linting
===============================================
[96msrc/components/views/json-files/json-files-view.tsx[0m:[93m122[0m:[93m49[0m - [91merror[0m[90m TS1127: [0mInvalid character.

[7m122[0m         placeholder="Contenido JSON (ej: { \"key\": \"value\" })"
[7m   [0m [91m                                                [0m

[96msrc/components/views/json-files/json-files-view.tsx[0m:[93m122[0m:[93m63[0m - [91merror[0m[90m TS1381: [0mUnexpected token. Did you mean `{'}'}` or `&rbrace;`?

[7m122[0m         placeholder="Contenido JSON (ej: { \"key\": \"value\" })"
[7m   [0m [91m                                                              ~[0m

[96msrc/components/views/json-files/json-files-view.tsx[0m:[93m123[0m:[93m9[0m - [91merror[0m[90m TS1382: [0mUnexpected token. Did you mean `{'>'}` or `&gt;`?

[7m123[0m        />
[7m   [0m [91m        ~[0m

[96msrc/components/views/json-files/json-files-view.tsx[0m:[93m142[0m:[93m1[0m - [91merror[0m[90m TS1127: [0mInvalid character.

[7m142[0m \t        initial={{ opacity: 0, y: 20 }}
[7m   [0m [91m[0m

[96msrc/components/views/json-files/json-files-view.tsx[0m:[93m146[0m:[93m9[0m - [91merror[0m[90m TS1382: [0mUnexpected token. Did you mean `{'>'}` or `&gt;`?

[7m146[0m         >
[7m   [0m [91m        ~[0m

[96msrc/components/views/json-files/json-files-view.tsx[0m:[93m153[0m:[93m11[0m - [91merror[0m[90m TS17002: [0mExpected corresponding JSX closing tag for 'div'.

[7m153[0m         </motion.div>
[7m   [0m [91m          ~~~~~~~~~~[0m

[96msrc/components/views/json-files/json-files-view.tsx[0m:[93m154[0m:[93m9[0m - [91merror[0m[90m TS1005: [0m'}' expected.

[7m154[0m        );
[7m   [0m [91m        ~[0m

[96msrc/components/views/json-files/json-files-view.tsx[0m:[93m155[0m:[93m7[0m - [91merror[0m[90m TS1381: [0mUnexpected token. Did you mean `{'}'}` or `&rbrace;`?

[7m155[0m       })}
[7m   [0m [91m      ~[0m

[96msrc/components/views/json-files/json-files-view.tsx[0m:[93m155[0m:[93m9[0m - [91merror[0m[90m TS1381: [0mUnexpected token. Did you mean `{'}'}` or `&rbrace;`?

[7m155[0m       })}
[7m   [0m [91m        ~[0m

[96msrc/components/views/json-files/json-files-view.tsx[0m:[93m157[0m:[93m6[0m - [91merror[0m[90m TS1381: [0mUnexpected token. Did you mean `{'}'}` or `&rbrace;`?

[7m157[0m     )}
[7m   [0m [91m     ~[0m

[96msrc/components/views/json-files/json-files-view.tsx[0m:[93m158[0m:[93m6[0m - [91merror[0m[90m TS17002: [0mExpected corresponding JSX closing tag for 'ScrollArea'.

[7m158[0m    </div>
[7m   [0m [91m     ~~~[0m

[96msrc/components/views/json-files/json-files-view.tsx[0m:[93m159[0m:[93m3[0m - [91merror[0m[90m TS1005: [0m')' expected.

[7m159[0m   </ScrollArea>
[7m   [0m [91m  ~~[0m

[96msrc/components/views/json-files/json-files-view.tsx[0m:[93m160[0m:[93m2[0m - [91merror[0m[90m TS1109: [0mExpression expected.

[7m160[0m  );
[7m   [0m [91m ~[0m


Found 13 errors in the same file, starting at: src/components/views/json-files/json-files-view.tsx[90m:122[0m

