Comando: bunx tsc --noEmit --pretty
Fecha: 2025-08-08T05:16:49.343Z
Directorio: D:\DEV\image-manager
Modo tolerante: SÍ
Tipo: Linting
===============================================
[91merror[0m[90m TS2688: [0mCannot find type definition file for 'bun-types'.
  The file is in the program because:
    Entry point of type library 'bun-types' specified in compilerOptions

  [96mtsconfig.json[0m:[93m25[0m:[93m7[0m
    [7m25[0m       "bun-types",
    [7m  [0m [96m      ~~~~~~~~~~~[0m
    File is entry point of type library specified here.

[91merror[0m[90m TS2688: [0mCannot find type definition file for 'web'.
  The file is in the program because:
    Entry point of type library 'web' specified in compilerOptions

  [96mtsconfig.json[0m:[93m27[0m:[93m7[0m
    [7m27[0m       "web",
    [7m  [0m [96m      ~~~~~[0m
    File is entry point of type library specified here.


Found 2 errors.

