Comando: bunx tsc --noEmit --pretty --noEmit --skipLibCheck src/components/settings/folders/hooks/use-folders-events.ts src/components/settings/folders/hooks/use-folders.ts src/types/folders.ts src/components/settings/folders/folder-types.ts
Fecha: 2025-07-14T23:23:04.300Z
Directorio: D:\DEV\image-manager
Modo tolerante: SÍ
Tipo: Linting
===============================================
[96msrc/components/settings/folders/folder-types.ts[0m:[93m1[0m:[93m50[0m - [91merror[0m[90m TS2307: [0mCannot find module '@/types/entities/folder' or its corresponding type declarations.

[7m1[0m import type { FolderExtended, FolderStats } from '@/types/entities/folder';
[7m [0m [91m                                                 ~~~~~~~~~~~~~~~~~~~~~~~~~[0m

[96msrc/components/settings/folders/folder-types.ts[0m:[93m2[0m:[93m36[0m - [91merror[0m[90m TS2307: [0mCannot find module '@/types/folders' or its corresponding type declarations.

[7m2[0m import type { ProcessStatus } from '@/types/folders';
[7m [0m [91m                                   ~~~~~~~~~~~~~~~~~[0m

[96msrc/components/settings/folders/hooks/use-folders-events.ts[0m:[93m2[0m:[93m30[0m - [91merror[0m[90m TS2307: [0mCannot find module '@/lib/logger/client-logger' or its corresponding type declarations.

[7m2[0m import { clientLogger } from '@/lib/logger/client-logger';
[7m [0m [91m                             ~~~~~~~~~~~~~~~~~~~~~~~~~~~~[0m

[96msrc/components/settings/folders/hooks/use-folders-events.ts[0m:[93m3[0m:[93m30[0m - [91merror[0m[90m TS2307: [0mCannot find module '@/lib/ui/toast' or its corresponding type declarations.

[7m3[0m import { toastService } from '@/lib/ui/toast';
[7m [0m [91m                             ~~~~~~~~~~~~~~~~[0m

[96msrc/components/settings/folders/hooks/use-folders-events.ts[0m:[93m5[0m:[93m80[0m - [91merror[0m[90m TS2307: [0mCannot find module '@/types/folders' or its corresponding type declarations.

[7m5[0m import type { ErrorResponse, FolderResponse, FolderStats, ProcessStatus } from '@/types/folders';
[7m [0m [91m                                                                               ~~~~~~~~~~~~~~~~~[0m

[96msrc/components/settings/folders/hooks/use-folders-operations.ts[0m:[93m2[0m:[93m85[0m - [91merror[0m[90m TS2307: [0mCannot find module '@/lib/api/folders' or its corresponding type declarations.

[7m2[0m import { useCreateFolder, useDeleteFolder, useReindexFolder, useUpdateFolder } from '@/lib/api/folders';
[7m [0m [91m                                                                                    ~~~~~~~~~~~~~~~~~~~[0m

[96msrc/components/settings/folders/hooks/use-folders-operations.ts[0m:[93m3[0m:[93m38[0m - [91merror[0m[90m TS2307: [0mCannot find module '@/lib/api/services/folders' or its corresponding type declarations.

[7m3[0m import { validateFolderExists } from '@/lib/api/services/folders';
[7m [0m [91m                                     ~~~~~~~~~~~~~~~~~~~~~~~~~~~~[0m

[96msrc/components/settings/folders/hooks/use-folders-operations.ts[0m:[93m4[0m:[93m30[0m - [91merror[0m[90m TS2307: [0mCannot find module '@/lib/logger/client-logger' or its corresponding type declarations.

[7m4[0m import { clientLogger } from '@/lib/logger/client-logger';
[7m [0m [91m                             ~~~~~~~~~~~~~~~~~~~~~~~~~~~~[0m

[96msrc/components/settings/folders/hooks/use-folders-operations.ts[0m:[93m5[0m:[93m30[0m - [91merror[0m[90m TS2307: [0mCannot find module '@/lib/ui/toast' or its corresponding type declarations.

[7m5[0m import { toastService } from '@/lib/ui/toast';
[7m [0m [91m                             ~~~~~~~~~~~~~~~~[0m

[96msrc/components/settings/folders/hooks/use-folders-operations.ts[0m:[93m6[0m:[93m40[0m - [91merror[0m[90m TS2307: [0mCannot find module '@/types/entities/folder' or its corresponding type declarations.

[7m6[0m import type { FolderCreateInput } from '@/types/entities/folder';
[7m [0m [91m                                       ~~~~~~~~~~~~~~~~~~~~~~~~~[0m

[96msrc/components/settings/folders/hooks/use-folders-polling.ts[0m:[93m2[0m:[93m30[0m - [91merror[0m[90m TS2307: [0mCannot find module '@/lib/logger/client-logger' or its corresponding type declarations.

[7m2[0m import { clientLogger } from '@/lib/logger/client-logger';
[7m [0m [91m                             ~~~~~~~~~~~~~~~~~~~~~~~~~~~~[0m

[96msrc/components/settings/folders/hooks/use-folders-polling.ts[0m:[93m3[0m:[93m29[0m - [91merror[0m[90m TS2307: [0mCannot find module '@/lib/utils/id.utils' or its corresponding type declarations.

[7m3[0m import { normalizeId } from '@/lib/utils/id.utils';
[7m [0m [91m                            ~~~~~~~~~~~~~~~~~~~~~~[0m

[96msrc/components/settings/folders/hooks/use-folders-polling.ts[0m:[93m4[0m:[93m36[0m - [91merror[0m[90m TS2307: [0mCannot find module '@/types/folders' or its corresponding type declarations.

[7m4[0m import type { ProcessStatus } from '@/types/folders';
[7m [0m [91m                                   ~~~~~~~~~~~~~~~~~[0m

[96msrc/components/settings/folders/hooks/use-folders-polling.ts[0m:[93m86[0m:[93m6[0m - [91merror[0m[90m TS2322: [0mType 'Timeout' is not assignable to type 'number'.

[7m86[0m      pollingTimerRef.current = setInterval(pollForStatus, interval);
[7m  [0m [91m     ~~~~~~~~~~~~~~~~~~~~~~~[0m

[96msrc/components/settings/folders/hooks/use-folders-polling.ts[0m:[93m95[0m:[93m23[0m - [91merror[0m[90m TS2339: [0mProperty 'finishedAt' does not exist on type '{ isComplete: boolean; }'.

[7m95[0m      finishedAt: data.finishedAt,
[7m  [0m [91m                      ~~~~~~~~~~[0m

[96msrc/components/settings/folders/hooks/use-folders-polling.ts[0m:[93m96[0m:[93m21[0m - [91merror[0m[90m TS2339: [0mProperty 'knownMappings' does not exist on type '{ isComplete: boolean; }'.

[7m96[0m      mappings: data.knownMappings,
[7m  [0m [91m                    ~~~~~~~~~~~~~[0m

[96msrc/components/settings/folders/hooks/use-folders-polling.ts[0m:[93m140[0m:[93m21[0m - [91merror[0m[90m TS2339: [0mProperty 'knownMappings' does not exist on type '{ isComplete: boolean; }'.

[7m140[0m      mappings: data.knownMappings,
[7m   [0m [91m                    ~~~~~~~~~~~~~[0m

[96msrc/components/settings/folders/hooks/use-folders-polling.ts[0m:[93m202[0m:[93m4[0m - [91merror[0m[90m TS2322: [0mType 'Timeout' is not assignable to type 'number'.

[7m202[0m    pollingTimerRef.current = setInterval(pollForStatus, pollingIntervalRef.current);
[7m   [0m [91m   ~~~~~~~~~~~~~~~~~~~~~~~[0m

[96msrc/components/settings/folders/hooks/use-folders-state.ts[0m:[93m3[0m:[93m29[0m - [91merror[0m[90m TS2307: [0mCannot find module '@/lib/api/services/folders' or its corresponding type declarations.

[7m3[0m import { findFolders } from '@/lib/api/services/folders';
[7m [0m [91m                            ~~~~~~~~~~~~~~~~~~~~~~~~~~~~[0m

[96msrc/components/settings/folders/hooks/use-folders-state.ts[0m:[93m4[0m:[93m30[0m - [91merror[0m[90m TS2307: [0mCannot find module '@/lib/logger/client-logger' or its corresponding type declarations.

[7m4[0m import { clientLogger } from '@/lib/logger/client-logger';
[7m [0m [91m                             ~~~~~~~~~~~~~~~~~~~~~~~~~~~~[0m

[96msrc/components/settings/folders/hooks/use-folders-state.ts[0m:[93m5[0m:[93m29[0m - [91merror[0m[90m TS2307: [0mCannot find module '@/lib/utils/format.utils' or its corresponding type declarations.

[7m5[0m import { formatBytes } from '@/lib/utils/format.utils';
[7m [0m [91m                            ~~~~~~~~~~~~~~~~~~~~~~~~~~[0m

[96msrc/components/settings/folders/hooks/use-folders-state.ts[0m:[93m6[0m:[93m34[0m - [91merror[0m[90m TS2307: [0mCannot find module '@/types/entities/folder' or its corresponding type declarations.

[7m6[0m import type { FolderStats } from '@/types/entities/folder';
[7m [0m [91m                                 ~~~~~~~~~~~~~~~~~~~~~~~~~[0m

[96msrc/components/settings/folders/hooks/use-folders-state.ts[0m:[93m50[0m:[93m50[0m - [91merror[0m[90m TS2339: [0mProperty 'totalFiles' does not exist on type 'ExtendedFolder'.

[7m50[0m     (acc: number, f: ExtendedFolder) => acc + (f.totalFiles || f._count.images || 0),
[7m  [0m [91m                                                 ~~~~~~~~~~[0m

[96msrc/components/settings/folders/hooks/use-folders-state.ts[0m:[93m50[0m:[93m66[0m - [91merror[0m[90m TS2339: [0mProperty '_count' does not exist on type 'ExtendedFolder'.

[7m50[0m     (acc: number, f: ExtendedFolder) => acc + (f.totalFiles || f._count.images || 0),
[7m  [0m [91m                                                                 ~~~~~~[0m

[96msrc/components/settings/folders/hooks/use-folders-state.ts[0m:[93m53[0m:[93m93[0m - [91merror[0m[90m TS2339: [0mProperty 'totalSize' does not exist on type 'ExtendedFolder'.

[7m53[0m    const totalSize = transformedFolders.reduce((acc: number, f: ExtendedFolder) => acc + (f.totalSize || 0), 0);
[7m  [0m [91m                                                                                            ~~~~~~~~~[0m

[96msrc/components/settings/folders/hooks/use-folders-state.ts[0m:[93m54[0m:[93m94[0m - [91merror[0m[90m TS2339: [0mProperty '_count' does not exist on type 'ExtendedFolder'.

[7m54[0m    const imageCount = transformedFolders.reduce((acc: number, f: ExtendedFolder) => acc + (f._count.images || 0), 0);
[7m  [0m [91m                                                                                             ~~~~~~[0m

[96msrc/components/settings/folders/hooks/use-folders-state.ts[0m:[93m116[0m:[93m67[0m - [91merror[0m[90m TS2339: [0mProperty 'id' does not exist on type 'ExtendedFolder'.

[7m116[0m   setFolders((prevFolders) => prevFolders.map((folder) => (folder.id === id ? { ...folder, ...updates } : folder)));
[7m   [0m [91m                                                                  ~~[0m

[96msrc/components/settings/folders/hooks/use-folders.ts[0m:[93m2[0m:[93m38[0m - [91merror[0m[90m TS2307: [0mCannot find module '@/lib/api/folders' or its corresponding type declarations.

[7m2[0m import { useReindexAllFolders } from '@/lib/api/folders';
[7m [0m [91m                                     ~~~~~~~~~~~~~~~~~~~[0m

[96msrc/components/settings/folders/hooks/use-folders.ts[0m:[93m3[0m:[93m30[0m - [91merror[0m[90m TS2307: [0mCannot find module '@/lib/logger/client-logger' or its corresponding type declarations.

[7m3[0m import { clientLogger } from '@/lib/logger/client-logger';
[7m [0m [91m                             ~~~~~~~~~~~~~~~~~~~~~~~~~~~~[0m

[96msrc/components/settings/folders/hooks/use-folders.ts[0m:[93m4[0m:[93m30[0m - [91merror[0m[90m TS2307: [0mCannot find module '@/lib/ui/toast' or its corresponding type declarations.

[7m4[0m import { toastService } from '@/lib/ui/toast';
[7m [0m [91m                             ~~~~~~~~~~~~~~~~[0m

[96msrc/components/settings/folders/hooks/use-folders.ts[0m:[93m5[0m:[93m38[0m - [91merror[0m[90m TS2307: [0mCannot find module '@/types/entities/folder' or its corresponding type declarations.

[7m5[0m import type { FolderWithStats } from '@/types/entities/folder';
[7m [0m [91m                                     ~~~~~~~~~~~~~~~~~~~~~~~~~[0m

[96msrc/components/settings/folders/hooks/use-folders.ts[0m:[93m6[0m:[93m51[0m - [91merror[0m[90m TS2307: [0mCannot find module '@/types/folders' or its corresponding type declarations.

[7m6[0m import type { ErrorResponse, ProcessStatus } from '@/types/folders';
[7m [0m [91m                                                  ~~~~~~~~~~~~~~~~~[0m

[96msrc/components/settings/folders/hooks/use-folders.ts[0m:[93m25[0m:[93m3[0m - [91merror[0m[90m TS2353: [0mObject literal may only specify known properties, and 'status' does not exist in type 'ExtendedProcessStatus | (() => ExtendedProcessStatus)'.

[7m25[0m   status: 'completed',
[7m  [0m [91m  ~~~~~~[0m

[96msrc/components/settings/folders/hooks/use-folders.ts[0m:[93m119[0m:[93m7[0m - [91merror[0m[90m TS2353: [0mObject literal may only specify known properties, and 'status' does not exist in type 'SetStateAction<ExtendedProcessStatus>'.

[7m119[0m       status: 'completed',
[7m   [0m [91m      ~~~~~~[0m


Found 34 errors in 6 files.

Errors  Files
     2  src/components/settings/folders/folder-types.ts[90m:1[0m
     3  src/components/settings/folders/hooks/use-folders-events.ts[90m:2[0m
     5  src/components/settings/folders/hooks/use-folders-operations.ts[90m:2[0m
     8  src/components/settings/folders/hooks/use-folders-polling.ts[90m:2[0m
     9  src/components/settings/folders/hooks/use-folders-state.ts[90m:3[0m
     7  src/components/settings/folders/hooks/use-folders.ts[90m:2[0m
